Archive member included to satisfy reference by file (symbol)

c:/st/stm32cubeide_1.12.1/stm32cubeide/plugins/com.st.stm32cube.ide.mcu.externaltools.gnu-tools-for-stm32.10.3-2021.10.win32_1.0.200.202301161003/tools/bin/../lib/gcc/arm-none-eabi/10.3.1/../../../../arm-none-eabi/lib/thumb/v7-m/nofp\libc_nano.a(lib_a-exit.o)
                              c:/st/stm32cubeide_1.12.1/stm32cubeide/plugins/com.st.stm32cube.ide.mcu.externaltools.gnu-tools-for-stm32.10.3-2021.10.win32_1.0.200.202301161003/tools/bin/../lib/gcc/arm-none-eabi/10.3.1/../../../../arm-none-eabi/lib/thumb/v7-m/nofp/crt0.o (exit)
c:/st/stm32cubeide_1.12.1/stm32cubeide/plugins/com.st.stm32cube.ide.mcu.externaltools.gnu-tools-for-stm32.10.3-2021.10.win32_1.0.200.202301161003/tools/bin/../lib/gcc/arm-none-eabi/10.3.1/../../../../arm-none-eabi/lib/thumb/v7-m/nofp\libc_nano.a(lib_a-impure.o)
                              c:/st/stm32cubeide_1.12.1/stm32cubeide/plugins/com.st.stm32cube.ide.mcu.externaltools.gnu-tools-for-stm32.10.3-2021.10.win32_1.0.200.202301161003/tools/bin/../lib/gcc/arm-none-eabi/10.3.1/../../../../arm-none-eabi/lib/thumb/v7-m/nofp\libc_nano.a(lib_a-exit.o) (_global_impure_ptr)
c:/st/stm32cubeide_1.12.1/stm32cubeide/plugins/com.st.stm32cube.ide.mcu.externaltools.gnu-tools-for-stm32.10.3-2021.10.win32_1.0.200.202301161003/tools/bin/../lib/gcc/arm-none-eabi/10.3.1/../../../../arm-none-eabi/lib/thumb/v7-m/nofp\libc_nano.a(lib_a-init.o)
                              c:/st/stm32cubeide_1.12.1/stm32cubeide/plugins/com.st.stm32cube.ide.mcu.externaltools.gnu-tools-for-stm32.10.3-2021.10.win32_1.0.200.202301161003/tools/bin/../lib/gcc/arm-none-eabi/10.3.1/../../../../arm-none-eabi/lib/thumb/v7-m/nofp/crt0.o (__libc_init_array)
c:/st/stm32cubeide_1.12.1/stm32cubeide/plugins/com.st.stm32cube.ide.mcu.externaltools.gnu-tools-for-stm32.10.3-2021.10.win32_1.0.200.202301161003/tools/bin/../lib/gcc/arm-none-eabi/10.3.1/../../../../arm-none-eabi/lib/thumb/v7-m/nofp\libc_nano.a(lib_a-memset.o)
                              c:/st/stm32cubeide_1.12.1/stm32cubeide/plugins/com.st.stm32cube.ide.mcu.externaltools.gnu-tools-for-stm32.10.3-2021.10.win32_1.0.200.202301161003/tools/bin/../lib/gcc/arm-none-eabi/10.3.1/../../../../arm-none-eabi/lib/thumb/v7-m/nofp/crt0.o (memset)
c:/st/stm32cubeide_1.12.1/stm32cubeide/plugins/com.st.stm32cube.ide.mcu.externaltools.gnu-tools-for-stm32.10.3-2021.10.win32_1.0.200.202301161003/tools/bin/../lib/gcc/arm-none-eabi/10.3.1/../../../../arm-none-eabi/lib/thumb/v7-m/nofp\libnosys.a(_exit.o)
                              c:/st/stm32cubeide_1.12.1/stm32cubeide/plugins/com.st.stm32cube.ide.mcu.externaltools.gnu-tools-for-stm32.10.3-2021.10.win32_1.0.200.202301161003/tools/bin/../lib/gcc/arm-none-eabi/10.3.1/../../../../arm-none-eabi/lib/thumb/v7-m/nofp\libc_nano.a(lib_a-exit.o) (_exit)

Discarded input sections

 .text          0x0000000000000000        0x0 c:/st/stm32cubeide_1.12.1/stm32cubeide/plugins/com.st.stm32cube.ide.mcu.externaltools.gnu-tools-for-stm32.10.3-2021.10.win32_1.0.200.202301161003/tools/bin/../lib/gcc/arm-none-eabi/10.3.1/thumb/v7-m/nofp/crti.o
 .data          0x0000000000000000        0x0 c:/st/stm32cubeide_1.12.1/stm32cubeide/plugins/com.st.stm32cube.ide.mcu.externaltools.gnu-tools-for-stm32.10.3-2021.10.win32_1.0.200.202301161003/tools/bin/../lib/gcc/arm-none-eabi/10.3.1/thumb/v7-m/nofp/crti.o
 .bss           0x0000000000000000        0x0 c:/st/stm32cubeide_1.12.1/stm32cubeide/plugins/com.st.stm32cube.ide.mcu.externaltools.gnu-tools-for-stm32.10.3-2021.10.win32_1.0.200.202301161003/tools/bin/../lib/gcc/arm-none-eabi/10.3.1/thumb/v7-m/nofp/crti.o
 .data          0x0000000000000000        0x4 c:/st/stm32cubeide_1.12.1/stm32cubeide/plugins/com.st.stm32cube.ide.mcu.externaltools.gnu-tools-for-stm32.10.3-2021.10.win32_1.0.200.202301161003/tools/bin/../lib/gcc/arm-none-eabi/10.3.1/thumb/v7-m/nofp/crtbegin.o
 .rodata        0x0000000000000000       0x24 c:/st/stm32cubeide_1.12.1/stm32cubeide/plugins/com.st.stm32cube.ide.mcu.externaltools.gnu-tools-for-stm32.10.3-2021.10.win32_1.0.200.202301161003/tools/bin/../lib/gcc/arm-none-eabi/10.3.1/thumb/v7-m/nofp/crtbegin.o
 .text          0x0000000000000000       0x7c c:/st/stm32cubeide_1.12.1/stm32cubeide/plugins/com.st.stm32cube.ide.mcu.externaltools.gnu-tools-for-stm32.10.3-2021.10.win32_1.0.200.202301161003/tools/bin/../lib/gcc/arm-none-eabi/10.3.1/../../../../arm-none-eabi/lib/thumb/v7-m/nofp/crt0.o
 .data          0x0000000000000000        0x0 c:/st/stm32cubeide_1.12.1/stm32cubeide/plugins/com.st.stm32cube.ide.mcu.externaltools.gnu-tools-for-stm32.10.3-2021.10.win32_1.0.200.202301161003/tools/bin/../lib/gcc/arm-none-eabi/10.3.1/../../../../arm-none-eabi/lib/thumb/v7-m/nofp/crt0.o
 .bss           0x0000000000000000        0x0 c:/st/stm32cubeide_1.12.1/stm32cubeide/plugins/com.st.stm32cube.ide.mcu.externaltools.gnu-tools-for-stm32.10.3-2021.10.win32_1.0.200.202301161003/tools/bin/../lib/gcc/arm-none-eabi/10.3.1/../../../../arm-none-eabi/lib/thumb/v7-m/nofp/crt0.o
[...]
Memory Configuration

Name             Origin             Length             Attributes
RAM              0x0000000020000000 0x000000000000c000 xrw
FLASH            0x0000000008000000 0x000000000000a000 xr
*default*        0x0000000000000000 0xffffffffffffffff

Linker script and memory map

LOAD c:/st/stm32cubeide_1.12.1/stm32cubeide/plugins/com.st.stm32cube.ide.mcu.externaltools.gnu-tools-for-stm32.10.3-2021.10.win32_1.0.200.202301161003/tools/bin/../lib/gcc/arm-none-eabi/10.3.1/thumb/v7-m/nofp/crti.o
LOAD c:/st/stm32cubeide_1.12.1/stm32cubeide/plugins/com.st.stm32cube.ide.mcu.externaltools.gnu-tools-for-stm32.10.3-2021.10.win32_1.0.200.202301161003/tools/bin/../lib/gcc/arm-none-eabi/10.3.1/thumb/v7-m/nofp/crtbegin.o
LOAD c:/st/stm32cubeide_1.12.1/stm32cubeide/plugins/com.st.stm32cube.ide.mcu.externaltools.gnu-tools-for-stm32.10.3-2021.10.win32_1.0.200.202301161003/tools/bin/../lib/gcc/arm-none-eabi/10.3.1/../../../../arm-none-eabi/lib/thumb/v7-m/nofp/crt0.o
LOAD ./Application/SW4STM32/startup_stm32f103rctx.o
LOAD ./Application/User/main.o
LOAD ./Application/User/stm32f1xx_it.o
LOAD ./Drivers/BSP/Components/crypto/crypto.o
LOAD ./Drivers/BSP/Components/flash/norflash.o
LOAD ./Drivers/BSP/Components/flash/stmflash.o
LOAD ./Drivers/BSP/Components/fs/norflash_diskio.o
LOAD ./Drivers/BSP/Components/spi/spi.o
LOAD ./Drivers/BSP/Components/uart/uart.o
LOAD ./Drivers/BSP/Components/ulog/ulog.o
LOAD ./Drivers/BSP/Components/usb/usbd_conf.o
LOAD ./Drivers/BSP/Components/usb/usbd_desc.o
LOAD ./Drivers/BSP/Components/usb/usbd_storage.o
LOAD ./Drivers/CMSIS/system_stm32f1xx.o
LOAD ./Drivers/STM32F1xx_HAL_Driver/stm32f1xx_hal.o
LOAD ./Drivers/STM32F1xx_HAL_Driver/stm32f1xx_hal_cortex.o
LOAD ./Drivers/STM32F1xx_HAL_Driver/stm32f1xx_hal_dma.o
LOAD ./Drivers/STM32F1xx_HAL_Driver/stm32f1xx_hal_flash.o
LOAD ./Drivers/STM32F1xx_HAL_Driver/stm32f1xx_hal_flash_ex.o
LOAD ./Drivers/STM32F1xx_HAL_Driver/stm32f1xx_hal_gpio.o
LOAD ./Drivers/STM32F1xx_HAL_Driver/stm32f1xx_hal_pcd.o
LOAD ./Drivers/STM32F1xx_HAL_Driver/stm32f1xx_hal_pcd_ex.o
LOAD ./Drivers/STM32F1xx_HAL_Driver/stm32f1xx_hal_rcc.o
LOAD ./Drivers/STM32F1xx_HAL_Driver/stm32f1xx_hal_rcc_ex.o
LOAD ./Drivers/STM32F1xx_HAL_Driver/stm32f1xx_hal_spi.o
LOAD ./Drivers/STM32F1xx_HAL_Driver/stm32f1xx_hal_uart.o
LOAD ./Drivers/STM32F1xx_HAL_Driver/stm32f1xx_ll_usb.o
LOAD ./Middlewares/STM32_USBD_Library/Class/MSC/usbd_msc.o
LOAD ./Middlewares/STM32_USBD_Library/Class/MSC/usbd_msc_bot.o
LOAD ./Middlewares/STM32_USBD_Library/Class/MSC/usbd_msc_data.o
LOAD ./Middlewares/STM32_USBD_Library/Class/MSC/usbd_msc_scsi.o
LOAD ./Middlewares/STM32_USBD_Library/Core/usbd_core.o
LOAD ./Middlewares/STM32_USBD_Library/Core/usbd_ctlreq.o
LOAD ./Middlewares/STM32_USBD_Library/Core/usbd_ioreq.o
LOAD ./Middlewares/Third_party/FatFs/diskio.o
LOAD ./Middlewares/Third_party/FatFs/ff.o
LOAD ./Middlewares/Third_party/FatFs/ff_gen_drv.o
LOAD ./Middlewares/Third_party/FatFs/unicode.o
START GROUP
LOAD c:/st/stm32cubeide_1.12.1/stm32cubeide/plugins/com.st.stm32cube.ide.mcu.externaltools.gnu-tools-for-stm32.10.3-2021.10.win32_1.0.200.202301161003/tools/bin/../lib/gcc/arm-none-eabi/10.3.1/../../../../arm-none-eabi/lib/thumb/v7-m/nofp\libc_nano.a
LOAD c:/st/stm32cubeide_1.12.1/stm32cubeide/plugins/com.st.stm32cube.ide.mcu.externaltools.gnu-tools-for-stm32.10.3-2021.10.win32_1.0.200.202301161003/tools/bin/../lib/gcc/arm-none-eabi/10.3.1/../../../../arm-none-eabi/lib/thumb/v7-m/nofp\libm.a
END GROUP
START GROUP
LOAD c:/st/stm32cubeide_1.12.1/stm32cubeide/plugins/com.st.stm32cube.ide.mcu.externaltools.gnu-tools-for-stm32.10.3-2021.10.win32_1.0.200.202301161003/tools/bin/../lib/gcc/arm-none-eabi/10.3.1/thumb/v7-m/nofp\libgcc.a
LOAD c:/st/stm32cubeide_1.12.1/stm32cubeide/plugins/com.st.stm32cube.ide.mcu.externaltools.gnu-tools-for-stm32.10.3-2021.10.win32_1.0.200.202301161003/tools/bin/../lib/gcc/arm-none-eabi/10.3.1/../../../../arm-none-eabi/lib/thumb/v7-m/nofp\libc_nano.a
END GROUP
START GROUP
LOAD c:/st/stm32cubeide_1.12.1/stm32cubeide/plugins/com.st.stm32cube.ide.mcu.externaltools.gnu-tools-for-stm32.10.3-2021.10.win32_1.0.200.202301161003/tools/bin/../lib/gcc/arm-none-eabi/10.3.1/thumb/v7-m/nofp\libgcc.a
LOAD c:/st/stm32cubeide_1.12.1/stm32cubeide/plugins/com.st.stm32cube.ide.mcu.externaltools.gnu-tools-for-stm32.10.3-2021.10.win32_1.0.200.202301161003/tools/bin/../lib/gcc/arm-none-eabi/10.3.1/../../../../arm-none-eabi/lib/thumb/v7-m/nofp\libc_nano.a
LOAD c:/st/stm32cubeide_1.12.1/stm32cubeide/plugins/com.st.stm32cube.ide.mcu.externaltools.gnu-tools-for-stm32.10.3-2021.10.win32_1.0.200.202301161003/tools/bin/../lib/gcc/arm-none-eabi/10.3.1/../../../../arm-none-eabi/lib/thumb/v7-m/nofp\libnosys.a
END GROUP
START GROUP
LOAD c:/st/stm32cubeide_1.12.1/stm32cubeide/plugins/com.st.stm32cube.ide.mcu.externaltools.gnu-tools-for-stm32.10.3-2021.10.win32_1.0.200.202301161003/tools/bin/../lib/gcc/arm-none-eabi/10.3.1/thumb/v7-m/nofp\libgcc.a
LOAD c:/st/stm32cubeide_1.12.1/stm32cubeide/plugins/com.st.stm32cube.ide.mcu.externaltools.gnu-tools-for-stm32.10.3-2021.10.win32_1.0.200.202301161003/tools/bin/../lib/gcc/arm-none-eabi/10.3.1/../../../../arm-none-eabi/lib/thumb/v7-m/nofp\libc_nano.a
LOAD c:/st/stm32cubeide_1.12.1/stm32cubeide/plugins/com.st.stm32cube.ide.mcu.externaltools.gnu-tools-for-stm32.10.3-2021.10.win32_1.0.200.202301161003/tools/bin/../lib/gcc/arm-none-eabi/10.3.1/../../../../arm-none-eabi/lib/thumb/v7-m/nofp\libnosys.a
END GROUP
LOAD c:/st/stm32cubeide_1.12.1/stm32cubeide/plugins/com.st.stm32cube.ide.mcu.externaltools.gnu-tools-for-stm32.10.3-2021.10.win32_1.0.200.202301161003/tools/bin/../lib/gcc/arm-none-eabi/10.3.1/thumb/v7-m/nofp/crtend.o
LOAD c:/st/stm32cubeide_1.12.1/stm32cubeide/plugins/com.st.stm32cube.ide.mcu.externaltools.gnu-tools-for-stm32.10.3-2021.10.win32_1.0.200.202301161003/tools/bin/../lib/gcc/arm-none-eabi/10.3.1/thumb/v7-m/nofp/crtn.o
                0x000000002000c000                _estack = (ORIGIN (RAM) + LENGTH (RAM))
                0x0000000000000100                _Min_Heap_Size = 0x100
                0x0000000000002000                _Min_Stack_Size = 0x2000

.isr_vector     0x0000000008000000      0x1e4
                0x0000000008000000                . = ALIGN (0x4)
 *(.isr_vector)
 .isr_vector    0x0000000008000000      0x1e4 ./Application/SW4STM32/startup_stm32f103rctx.o
                0x0000000008000000                g_pfnVectors
                0x00000000080001e4                . = ALIGN (0x4)

.text           0x00000000080001e4     0x61f0
                0x00000000080001e4                . = ALIGN (0x4)
 *(.text)
 .text          0x00000000080001e4       0x40 c:/st/stm32cubeide_1.12.1/stm32cubeide/plugins/com.st.stm32cube.ide.mcu.externaltools.gnu-tools-for-stm32.10.3-2021.10.win32_1.0.200.202301161003/tools/bin/../lib/gcc/arm-none-eabi/10.3.1/thumb/v7-m/nofp/crtbegin.o
 *(.text*)
 .text.Reset_Handler
                0x0000000008000224       0x48 ./Application/SW4STM32/startup_stm32f103rctx.o
                0x0000000008000224                Reset_Handler
 .text.Default_Handler
                0x000000000800026c        0x2 ./Application/SW4STM32/startup_stm32f103rctx.o
                0x000000000800026c                RTC_Alarm_IRQHandler
                0x000000000800026c                EXTI2_IRQHandler
                0x000000000800026c                TIM8_TRG_COM_IRQHandler
                0x000000000800026c                TIM8_CC_IRQHandler
                0x000000000800026c                TIM1_CC_IRQHandler
                0x000000000800026c                TIM6_IRQHandler
                0x000000000800026c                PVD_IRQHandler
                0x000000000800026c                SDIO_IRQHandler
                0x000000000800026c                EXTI3_IRQHandler
                0x000000000800026c                EXTI0_IRQHandler
                0x000000000800026c                I2C2_EV_IRQHandler
                0x000000000800026c                ADC1_2_IRQHandler
                0x000000000800026c                SPI1_IRQHandler
                0x000000000800026c                TAMPER_IRQHandler
                0x000000000800026c                TIM8_UP_IRQHandler
                0x000000000800026c                USART3_IRQHandler
                0x000000000800026c                RTC_IRQHandler
                0x000000000800026c                DMA1_Channel7_IRQHandler
                0x000000000800026c                CAN1_RX1_IRQHandler
                0x000000000800026c                UART5_IRQHandler
                0x000000000800026c                ADC3_IRQHandler
                0x000000000800026c                TIM4_IRQHandler
                0x000000000800026c                I2C1_EV_IRQHandler
                0x000000000800026c                DMA1_Channel6_IRQHandler
                0x000000000800026c                UART4_IRQHandler
                0x000000000800026c                TIM3_IRQHandler
                0x000000000800026c                RCC_IRQHandler
                0x000000000800026c                TIM1_TRG_COM_IRQHandler
                0x000000000800026c                DMA1_Channel1_IRQHandler
                0x000000000800026c                Default_Handler
                0x000000000800026c                TIM7_IRQHandler
                0x000000000800026c                TIM5_IRQHandler
                0x000000000800026c                EXTI9_5_IRQHandler
                0x000000000800026c                SPI2_IRQHandler
                0x000000000800026c                EXTI4_IRQHandler
                0x000000000800026c                USB_HP_CAN1_TX_IRQHandler
                0x000000000800026c                FSMC_IRQHandler
                0x000000000800026c                TIM1_UP_IRQHandler
                0x000000000800026c                WWDG_IRQHandler
                0x000000000800026c                TIM2_IRQHandler
                0x000000000800026c                TIM1_BRK_IRQHandler
                0x000000000800026c                EXTI1_IRQHandler
                0x000000000800026c                DMA2_Channel4_5_IRQHandler
                0x000000000800026c                USART2_IRQHandler
                0x000000000800026c                I2C2_ER_IRQHandler
                0x000000000800026c                TIM8_BRK_IRQHandler
                0x000000000800026c                CAN1_SCE_IRQHandler
                0x000000000800026c                FLASH_IRQHandler
                0x000000000800026c                USART1_IRQHandler
                0x000000000800026c                SPI3_IRQHandler
                0x000000000800026c                I2C1_ER_IRQHandler
                0x000000000800026c                USBWakeUp_IRQHandler
                0x000000000800026c                DMA2_Channel3_IRQHandler
 *fill*         0x000000000800026e        0x2 
 .text.firmware_upgrade.constprop.0
                0x0000000008000270      0x140 ./Application/User/main.o
 .text.board_init
                0x00000000080003b0       0x6c ./Application/User/main.o
                0x00000000080003b0                board_init
 .text.jump_to_app
                0x000000000800041c       0x1a ./Application/User/main.o
                0x000000000800041c                jump_to_app
 .text.SystemClock_Config
                0x0000000008000436       0x72 ./Application/User/main.o
                0x0000000008000436                SystemClock_Config
 .text.startup.main
                0x00000000080004a8       0xe0 ./Application/User/main.o
                0x00000000080004a8                main
 .text.Error_Handler
                0x0000000008000588        0x2 ./Application/User/main.o
                0x0000000008000588                Error_Handler
 .text.NMI_Handler
                0x000000000800058a        0x2 ./Application/User/stm32f1xx_it.o
                0x000000000800058a                NMI_Handler
 .text.HardFault_Handler
                0x000000000800058c        0x2 ./Application/User/stm32f1xx_it.o
                0x000000000800058c                HardFault_Handler
 .text.MemManage_Handler
                0x000000000800058e        0x2 ./Application/User/stm32f1xx_it.o
                0x000000000800058e                MemManage_Handler
 .text.BusFault_Handler
                0x0000000008000590        0x2 ./Application/User/stm32f1xx_it.o
                0x0000000008000590                BusFault_Handler
 .text.UsageFault_Handler
                0x0000000008000592        0x2 ./Application/User/stm32f1xx_it.o
                0x0000000008000592                UsageFault_Handler
 .text.SVC_Handler
                0x0000000008000594        0x2 ./Application/User/stm32f1xx_it.o
                0x0000000008000594                SVC_Handler
 .text.DebugMon_Handler
                0x0000000008000596        0x2 ./Application/User/stm32f1xx_it.o
                0x0000000008000596                DebugMon_Handler
 .text.PendSV_Handler
                0x0000000008000598        0x2 ./Application/User/stm32f1xx_it.o
                0x0000000008000598                PendSV_Handler
 .text.SysTick_Handler
                0x000000000800059a        0x4 ./Application/User/stm32f1xx_it.o
                0x000000000800059a                SysTick_Handler
 *fill*         0x000000000800059e        0x2 
 .text.USB_LP_CAN1_RX0_IRQHandler
                0x00000000080005a0        0xc ./Application/User/stm32f1xx_it.o
                0x00000000080005a0                USB_LP_CAN1_RX0_IRQHandler
 .text.DMA1_Channel2_IRQHandler
                0x00000000080005ac        0xc ./Application/User/stm32f1xx_it.o
                0x00000000080005ac                DMA1_Channel2_IRQHandler
 .text.DMA1_Channel3_IRQHandler
                0x00000000080005b8        0xc ./Application/User/stm32f1xx_it.o
                0x00000000080005b8                DMA1_Channel3_IRQHandler
 .text.DMA1_Channel4_IRQHandler
                0x00000000080005c4        0xc ./Application/User/stm32f1xx_it.o
                0x00000000080005c4                DMA1_Channel4_IRQHandler
 .text.DMA1_Channel5_IRQHandler
                0x00000000080005d0        0xc ./Application/User/stm32f1xx_it.o
                0x00000000080005d0                DMA1_Channel5_IRQHandler
 .text.DMA2_Channel1_IRQHandler
                0x00000000080005dc        0xc ./Application/User/stm32f1xx_it.o
                0x00000000080005dc                DMA2_Channel1_IRQHandler
 .text.DMA2_Channel2_IRQHandler
                0x00000000080005e8        0xc ./Application/User/stm32f1xx_it.o
                0x00000000080005e8                DMA2_Channel2_IRQHandler
 .text.EXTI15_10_IRQHandler
                0x00000000080005f4        0x2 ./Application/User/stm32f1xx_it.o
                0x00000000080005f4                EXTI15_10_IRQHandler
 *fill*         0x00000000080005f6        0x2 
 .text.crypto_crc32_calc
                0x00000000080005f8       0x24 ./Drivers/BSP/Components/crypto/crypto.o
                0x00000000080005f8                crypto_crc32_calc
 .text.norflash_write_enable
                0x000000000800061c       0x3c ./Drivers/BSP/Components/flash/norflash.o
 .text.norflash_wait_busy
                0x0000000008000658       0x5c ./Drivers/BSP/Components/flash/norflash.o
 .text.norflash_sector_erase
                0x00000000080006b4       0x5c ./Drivers/BSP/Components/flash/norflash.o
 .text.norflash_page_write.part.0
                0x0000000008000710       0x68 ./Drivers/BSP/Components/flash/norflash.o
 .text.norflash_write_nocheck
                0x0000000008000778       0x42 ./Drivers/BSP/Components/flash/norflash.o
 *fill*         0x00000000080007ba        0x2 
 .text.norflash_read
                0x00000000080007bc       0x68 ./Drivers/BSP/Components/flash/norflash.o
                0x00000000080007bc                norflash_read
 .text.norflash_write
                0x0000000008000824       0xb0 ./Drivers/BSP/Components/flash/norflash.o
                0x0000000008000824                norflash_write
 .text.norflash_init
                0x00000000080008d4       0xc0 ./Drivers/BSP/Components/flash/norflash.o
                0x00000000080008d4                norflash_init
 .text.stmflash_write
                0x0000000008000994       0x74 ./Drivers/BSP/Components/flash/stmflash.o
                0x0000000008000994                stmflash_write
 .text.stmflash_erase
                0x0000000008000a08       0x44 ./Drivers/BSP/Components/flash/stmflash.o
                0x0000000008000a08                stmflash_erase
 .text.FLASHDISK_initialize
                0x0000000008000a4c       0x18 ./Drivers/BSP/Components/fs/norflash_diskio.o
                0x0000000008000a4c                FLASHDISK_initialize
 .text.FLASHDISK_status
                0x0000000008000a64        0xc ./Drivers/BSP/Components/fs/norflash_diskio.o
                0x0000000008000a64                FLASHDISK_status
 .text.FLASHDISK_read
                0x0000000008000a70       0x12 ./Drivers/BSP/Components/fs/norflash_diskio.o
                0x0000000008000a70                FLASHDISK_read
 .text.FLASHDISK_write
                0x0000000008000a82       0x12 ./Drivers/BSP/Components/fs/norflash_diskio.o
                0x0000000008000a82                FLASHDISK_write
 .text.FLASHDISK_ioctl
                0x0000000008000a94       0x44 ./Drivers/BSP/Components/fs/norflash_diskio.o
                0x0000000008000a94                FLASHDISK_ioctl
 .text.spi2_init
                0x0000000008000ad8       0x54 ./Drivers/BSP/Components/spi/spi.o
                0x0000000008000ad8                spi2_init
 .text.HAL_SPI_MspInit
                0x0000000008000b2c      0x228 ./Drivers/BSP/Components/spi/spi.o
                0x0000000008000b2c                HAL_SPI_MspInit
 .text.usbd_port_config
                0x0000000008000d54       0xa0 ./Drivers/BSP/Components/usb/usbd_conf.o
                0x0000000008000d54                usbd_port_config
 .text.HAL_PCD_MspInit
                0x0000000008000df4       0x60 ./Drivers/BSP/Components/usb/usbd_conf.o
                0x0000000008000df4                HAL_PCD_MspInit
 .text.HAL_PCD_SetupStageCallback
                0x0000000008000e54        0xc ./Drivers/BSP/Components/usb/usbd_conf.o
                0x0000000008000e54                HAL_PCD_SetupStageCallback
 .text.HAL_PCD_DataOutStageCallback
                0x0000000008000e60       0x10 ./Drivers/BSP/Components/usb/usbd_conf.o
                0x0000000008000e60                HAL_PCD_DataOutStageCallback
 .text.HAL_PCD_DataInStageCallback
                0x0000000008000e70        0xe ./Drivers/BSP/Components/usb/usbd_conf.o
                0x0000000008000e70                HAL_PCD_DataInStageCallback
 .text.HAL_PCD_SOFCallback
                0x0000000008000e7e        0x8 ./Drivers/BSP/Components/usb/usbd_conf.o
                0x0000000008000e7e                HAL_PCD_SOFCallback
 .text.HAL_PCD_ResetCallback
                0x0000000008000e86       0x1a ./Drivers/BSP/Components/usb/usbd_conf.o
                0x0000000008000e86                HAL_PCD_ResetCallback
 .text.HAL_PCD_SuspendCallback
                0x0000000008000ea0       0x14 ./Drivers/BSP/Components/usb/usbd_conf.o
                0x0000000008000ea0                HAL_PCD_SuspendCallback
 .text.HAL_PCD_ResumeCallback
                0x0000000008000eb4        0x8 ./Drivers/BSP/Components/usb/usbd_conf.o
                0x0000000008000eb4                HAL_PCD_ResumeCallback
 .text.USBD_LL_Init
                0x0000000008000ebc       0x68 ./Drivers/BSP/Components/usb/usbd_conf.o
                0x0000000008000ebc                USBD_LL_Init
 .text.USBD_LL_Start
                0x0000000008000f24        0xe ./Drivers/BSP/Components/usb/usbd_conf.o
                0x0000000008000f24                USBD_LL_Start
 .text.USBD_LL_OpenEP
                0x0000000008000f32       0x14 ./Drivers/BSP/Components/usb/usbd_conf.o
                0x0000000008000f32                USBD_LL_OpenEP
 .text.USBD_LL_CloseEP
                0x0000000008000f46        0xe ./Drivers/BSP/Components/usb/usbd_conf.o
                0x0000000008000f46                USBD_LL_CloseEP
 .text.USBD_LL_FlushEP
                0x0000000008000f54        0xe ./Drivers/BSP/Components/usb/usbd_conf.o
                0x0000000008000f54                USBD_LL_FlushEP
 .text.USBD_LL_StallEP
                0x0000000008000f62        0xe ./Drivers/BSP/Components/usb/usbd_conf.o
                0x0000000008000f62                USBD_LL_StallEP
 .text.USBD_LL_ClearStallEP
                0x0000000008000f70        0xe ./Drivers/BSP/Components/usb/usbd_conf.o
                0x0000000008000f70                USBD_LL_ClearStallEP
 .text.USBD_LL_IsStallEP
                0x0000000008000f7e       0x20 ./Drivers/BSP/Components/usb/usbd_conf.o
                0x0000000008000f7e                USBD_LL_IsStallEP
 .text.USBD_LL_SetUSBAddress
                0x0000000008000f9e        0xe ./Drivers/BSP/Components/usb/usbd_conf.o
                0x0000000008000f9e                USBD_LL_SetUSBAddress
 .text.USBD_LL_Transmit
                0x0000000008000fac        0xe ./Drivers/BSP/Components/usb/usbd_conf.o
                0x0000000008000fac                USBD_LL_Transmit
 .text.USBD_LL_PrepareReceive
                0x0000000008000fba        0xe ./Drivers/BSP/Components/usb/usbd_conf.o
                0x0000000008000fba                USBD_LL_PrepareReceive
 .text.USBD_LL_GetRxDataSize
                0x0000000008000fc8        0x8 ./Drivers/BSP/Components/usb/usbd_conf.o
                0x0000000008000fc8                USBD_LL_GetRxDataSize
 .text.USBD_static_malloc
                0x0000000008000fd0        0x8 ./Drivers/BSP/Components/usb/usbd_conf.o
                0x0000000008000fd0                USBD_static_malloc
 .text.USBD_static_free
                0x0000000008000fd8        0x2 ./Drivers/BSP/Components/usb/usbd_conf.o
                0x0000000008000fd8                USBD_static_free
 *fill*         0x0000000008000fda        0x2 
 .text.USBD_MSC_DeviceDescriptor
                0x0000000008000fdc        0xc ./Drivers/BSP/Components/usb/usbd_desc.o
                0x0000000008000fdc                USBD_MSC_DeviceDescriptor
 .text.USBD_MSC_LangIDStrDescriptor
                0x0000000008000fe8        0xc ./Drivers/BSP/Components/usb/usbd_desc.o
                0x0000000008000fe8                USBD_MSC_LangIDStrDescriptor
 .text.IntToUnicode
                0x0000000008000ff4       0x2a ./Drivers/BSP/Components/usb/usbd_desc.o
 *fill*         0x000000000800101e        0x2 
 .text.USBD_MSC_SerialStrDescriptor
                0x0000000008001020       0x3c ./Drivers/BSP/Components/usb/usbd_desc.o
                0x0000000008001020                USBD_MSC_SerialStrDescriptor
 .text.USBD_MSC_ManufacturerStrDescriptor
                0x000000000800105c       0x1c ./Drivers/BSP/Components/usb/usbd_desc.o
                0x000000000800105c                USBD_MSC_ManufacturerStrDescriptor
 .text.USBD_MSC_ProductStrDescriptor
                0x0000000008001078       0x24 ./Drivers/BSP/Components/usb/usbd_desc.o
                0x0000000008001078                USBD_MSC_ProductStrDescriptor
 .text.USBD_MSC_ConfigStrDescriptor
                0x000000000800109c       0x1c ./Drivers/BSP/Components/usb/usbd_desc.o
                0x000000000800109c                USBD_MSC_ConfigStrDescriptor
 .text.USBD_MSC_InterfaceStrDescriptor
                0x00000000080010b8       0x1c ./Drivers/BSP/Components/usb/usbd_desc.o
                0x00000000080010b8                USBD_MSC_InterfaceStrDescriptor
 .text.STORAGE_Init
                0x00000000080010d4        0x4 ./Drivers/BSP/Components/usb/usbd_storage.o
                0x00000000080010d4                STORAGE_Init
 .text.STORAGE_IsReady
                0x00000000080010d8       0x14 ./Drivers/BSP/Components/usb/usbd_storage.o
                0x00000000080010d8                STORAGE_IsReady
 .text.STORAGE_GetMaxLun
                0x00000000080010ec        0x4 ./Drivers/BSP/Components/usb/usbd_storage.o
                0x00000000080010ec                STORAGE_GetMaxLun
 .text.STORAGE_GetCapacity
                0x00000000080010f0       0x1c ./Drivers/BSP/Components/usb/usbd_storage.o
                0x00000000080010f0                STORAGE_GetCapacity
 .text.STORAGE_Read
                0x000000000800110c       0x24 ./Drivers/BSP/Components/usb/usbd_storage.o
                0x000000000800110c                STORAGE_Read
 .text.STORAGE_Write
                0x0000000008001130       0x24 ./Drivers/BSP/Components/usb/usbd_storage.o
                0x0000000008001130                STORAGE_Write
 .text.STORAGE_IsWriteProtected
                0x0000000008001154        0x4 ./Drivers/BSP/Components/usb/usbd_storage.o
                0x0000000008001154                STORAGE_IsWriteProtected
 .text.SystemInit
                0x0000000008001158       0x4c ./Drivers/CMSIS/system_stm32f1xx.o
                0x0000000008001158                SystemInit
 .text.HAL_MspInit
                0x00000000080011a4        0x2 ./Drivers/STM32F1xx_HAL_Driver/stm32f1xx_hal.o
                0x00000000080011a4                HAL_MspInit
 *fill*         0x00000000080011a6        0x2 
 .text.HAL_InitTick
                0x00000000080011a8       0x44 ./Drivers/STM32F1xx_HAL_Driver/stm32f1xx_hal.o
                0x00000000080011a8                HAL_InitTick
 .text.HAL_Init
                0x00000000080011ec       0x24 ./Drivers/STM32F1xx_HAL_Driver/stm32f1xx_hal.o
                0x00000000080011ec                HAL_Init
 .text.HAL_IncTick
                0x0000000008001210       0x18 ./Drivers/STM32F1xx_HAL_Driver/stm32f1xx_hal.o
                0x0000000008001210                HAL_IncTick
 .text.HAL_GetTick
                0x0000000008001228        0xc ./Drivers/STM32F1xx_HAL_Driver/stm32f1xx_hal.o
                0x0000000008001228                HAL_GetTick
 .text.HAL_Delay
                0x0000000008001234       0x24 ./Drivers/STM32F1xx_HAL_Driver/stm32f1xx_hal.o
                0x0000000008001234                HAL_Delay
 .text.HAL_NVIC_SetPriorityGrouping
                0x0000000008001258       0x24 ./Drivers/STM32F1xx_HAL_Driver/stm32f1xx_hal_cortex.o
                0x0000000008001258                HAL_NVIC_SetPriorityGrouping
 .text.HAL_NVIC_SetPriority
                0x000000000800127c       0x64 ./Drivers/STM32F1xx_HAL_Driver/stm32f1xx_hal_cortex.o
                0x000000000800127c                HAL_NVIC_SetPriority
 .text.HAL_NVIC_EnableIRQ
                0x00000000080012e0       0x1c ./Drivers/STM32F1xx_HAL_Driver/stm32f1xx_hal_cortex.o
                0x00000000080012e0                HAL_NVIC_EnableIRQ
 .text.HAL_SYSTICK_Config
                0x00000000080012fc       0x28 ./Drivers/STM32F1xx_HAL_Driver/stm32f1xx_hal_cortex.o
                0x00000000080012fc                HAL_SYSTICK_Config
 .text.HAL_DMA_Init
                0x0000000008001324       0x7c ./Drivers/STM32F1xx_HAL_Driver/stm32f1xx_hal_dma.o
                0x0000000008001324                HAL_DMA_Init
 .text.HAL_DMA_IRQHandler
                0x00000000080013a0      0x27c ./Drivers/STM32F1xx_HAL_Driver/stm32f1xx_hal_dma.o
                0x00000000080013a0                HAL_DMA_IRQHandler
 .text.FLASH_SetErrorCode
                0x000000000800161c       0x50 ./Drivers/STM32F1xx_HAL_Driver/stm32f1xx_hal_flash.o
 .text.HAL_FLASH_Unlock
                0x000000000800166c       0x24 ./Drivers/STM32F1xx_HAL_Driver/stm32f1xx_hal_flash.o
                0x000000000800166c                HAL_FLASH_Unlock
 .text.HAL_FLASH_Lock
                0x0000000008001690       0x14 ./Drivers/STM32F1xx_HAL_Driver/stm32f1xx_hal_flash.o
                0x0000000008001690                HAL_FLASH_Lock
 .text.FLASH_WaitForLastOperation
                0x00000000080016a4       0x54 ./Drivers/STM32F1xx_HAL_Driver/stm32f1xx_hal_flash.o
                0x00000000080016a4                FLASH_WaitForLastOperation
 .text.HAL_FLASH_Program
                0x00000000080016f8       0xa0 ./Drivers/STM32F1xx_HAL_Driver/stm32f1xx_hal_flash.o
                0x00000000080016f8                HAL_FLASH_Program
 .text.FLASH_PageErase
                0x0000000008001798       0x24 ./Drivers/STM32F1xx_HAL_Driver/stm32f1xx_hal_flash_ex.o
                0x0000000008001798                FLASH_PageErase
 .text.HAL_FLASHEx_Erase
                0x00000000080017bc       0xa8 ./Drivers/STM32F1xx_HAL_Driver/stm32f1xx_hal_flash_ex.o
                0x00000000080017bc                HAL_FLASHEx_Erase
 .text.HAL_GPIO_Init
                0x0000000008001864      0x1d0 ./Drivers/STM32F1xx_HAL_Driver/stm32f1xx_hal_gpio.o
                0x0000000008001864                HAL_GPIO_Init
 .text.HAL_GPIO_ReadPin
                0x0000000008001a34        0xc ./Drivers/STM32F1xx_HAL_Driver/stm32f1xx_hal_gpio.o
                0x0000000008001a34                HAL_GPIO_ReadPin
 .text.HAL_GPIO_WritePin
                0x0000000008001a40        0xa ./Drivers/STM32F1xx_HAL_Driver/stm32f1xx_hal_gpio.o
                0x0000000008001a40                HAL_GPIO_WritePin
 .text.HAL_PCD_Init
                0x0000000008001a4a       0xec ./Drivers/STM32F1xx_HAL_Driver/stm32f1xx_hal_pcd.o
                0x0000000008001a4a                HAL_PCD_Init
 .text.HAL_PCD_Start
                0x0000000008001b36       0x2e ./Drivers/STM32F1xx_HAL_Driver/stm32f1xx_hal_pcd.o
                0x0000000008001b36                HAL_PCD_Start
 .text.HAL_PCD_SetAddress
                0x0000000008001b64       0x28 ./Drivers/STM32F1xx_HAL_Driver/stm32f1xx_hal_pcd.o
                0x0000000008001b64                HAL_PCD_SetAddress
 .text.HAL_PCD_EP_Open
                0x0000000008001b8c       0x64 ./Drivers/STM32F1xx_HAL_Driver/stm32f1xx_hal_pcd.o
                0x0000000008001b8c                HAL_PCD_EP_Open
 .text.HAL_PCD_EP_Close
                0x0000000008001bf0       0x52 ./Drivers/STM32F1xx_HAL_Driver/stm32f1xx_hal_pcd.o
                0x0000000008001bf0                HAL_PCD_EP_Close
 .text.HAL_PCD_EP_Receive
                0x0000000008001c42       0x2a ./Drivers/STM32F1xx_HAL_Driver/stm32f1xx_hal_pcd.o
                0x0000000008001c42                HAL_PCD_EP_Receive
 .text.HAL_PCD_EP_GetRxCount
                0x0000000008001c6c        0xe ./Drivers/STM32F1xx_HAL_Driver/stm32f1xx_hal_pcd.o
                0x0000000008001c6c                HAL_PCD_EP_GetRxCount
 .text.HAL_PCD_EP_Transmit
                0x0000000008001c7a       0x2a ./Drivers/STM32F1xx_HAL_Driver/stm32f1xx_hal_pcd.o
                0x0000000008001c7a                HAL_PCD_EP_Transmit
 .text.HAL_PCD_IRQHandler
                0x0000000008001ca4      0x450 ./Drivers/STM32F1xx_HAL_Driver/stm32f1xx_hal_pcd.o
                0x0000000008001ca4                HAL_PCD_IRQHandler
 .text.HAL_PCD_EP_SetStall
                0x00000000080020f4       0x68 ./Drivers/STM32F1xx_HAL_Driver/stm32f1xx_hal_pcd.o
                0x00000000080020f4                HAL_PCD_EP_SetStall
 .text.HAL_PCD_EP_ClrStall
                0x000000000800215c       0x68 ./Drivers/STM32F1xx_HAL_Driver/stm32f1xx_hal_pcd.o
                0x000000000800215c                HAL_PCD_EP_ClrStall
 .text.HAL_PCD_EP_Flush
                0x00000000080021c4       0x32 ./Drivers/STM32F1xx_HAL_Driver/stm32f1xx_hal_pcd.o
                0x00000000080021c4                HAL_PCD_EP_Flush
 .text.HAL_PCDEx_PMAConfig
                0x00000000080021f6       0x2e ./Drivers/STM32F1xx_HAL_Driver/stm32f1xx_hal_pcd_ex.o
                0x00000000080021f6                HAL_PCDEx_PMAConfig
 .text.HAL_PCDEx_SetConnectionState
                0x0000000008002224        0x2 ./Drivers/STM32F1xx_HAL_Driver/stm32f1xx_hal_pcd_ex.o
                0x0000000008002224                HAL_PCDEx_SetConnectionState
 *fill*         0x0000000008002226        0x2 
 .text.HAL_RCC_OscConfig
                0x0000000008002228      0x338 ./Drivers/STM32F1xx_HAL_Driver/stm32f1xx_hal_rcc.o
                0x0000000008002228                HAL_RCC_OscConfig
 .text.HAL_RCC_GetSysClockFreq
                0x0000000008002560       0x74 ./Drivers/STM32F1xx_HAL_Driver/stm32f1xx_hal_rcc.o
                0x0000000008002560                HAL_RCC_GetSysClockFreq
 .text.HAL_RCC_ClockConfig
                0x00000000080025d4      0x138 ./Drivers/STM32F1xx_HAL_Driver/stm32f1xx_hal_rcc.o
                0x00000000080025d4                HAL_RCC_ClockConfig
 .text.HAL_RCCEx_PeriphCLKConfig
                0x000000000800270c       0xf4 ./Drivers/STM32F1xx_HAL_Driver/stm32f1xx_hal_rcc_ex.o
                0x000000000800270c                HAL_RCCEx_PeriphCLKConfig
 .text.SPI_WaitFlagStateUntilTimeout
                0x0000000008002800       0x84 ./Drivers/STM32F1xx_HAL_Driver/stm32f1xx_hal_spi.o
 .text.SPI_EndRxTxTransaction
                0x0000000008002884       0x20 ./Drivers/STM32F1xx_HAL_Driver/stm32f1xx_hal_spi.o
 .text.SPI_EndRxTransaction
                0x00000000080028a4       0x54 ./Drivers/STM32F1xx_HAL_Driver/stm32f1xx_hal_spi.o
 .text.HAL_SPI_Init
                0x00000000080028f8       0x8c ./Drivers/STM32F1xx_HAL_Driver/stm32f1xx_hal_spi.o
                0x00000000080028f8                HAL_SPI_Init
 .text.HAL_SPI_Transmit
                0x0000000008002984      0x188 ./Drivers/STM32F1xx_HAL_Driver/stm32f1xx_hal_spi.o
                0x0000000008002984                HAL_SPI_Transmit
 .text.HAL_SPI_TransmitReceive
                0x0000000008002b0c      0x298 ./Drivers/STM32F1xx_HAL_Driver/stm32f1xx_hal_spi.o
                0x0000000008002b0c                HAL_SPI_TransmitReceive
 .text.HAL_SPI_Receive
                0x0000000008002da4      0x1e4 ./Drivers/STM32F1xx_HAL_Driver/stm32f1xx_hal_spi.o
                0x0000000008002da4                HAL_SPI_Receive
 .text.USB_CoreInit
                0x0000000008002f88        0xe ./Drivers/STM32F1xx_HAL_Driver/stm32f1xx_ll_usb.o
                0x0000000008002f88                USB_CoreInit
 .text.USB_EnableGlobalInt
                0x0000000008002f96       0x12 ./Drivers/STM32F1xx_HAL_Driver/stm32f1xx_ll_usb.o
                0x0000000008002f96                USB_EnableGlobalInt
 .text.USB_DisableGlobalInt
                0x0000000008002fa8       0x14 ./Drivers/STM32F1xx_HAL_Driver/stm32f1xx_ll_usb.o
                0x0000000008002fa8                USB_DisableGlobalInt
 .text.USB_SetCurrentMode
                0x0000000008002fbc        0x4 ./Drivers/STM32F1xx_HAL_Driver/stm32f1xx_ll_usb.o
                0x0000000008002fbc                USB_SetCurrentMode
 .text.USB_DevInit
                0x0000000008002fc0       0x36 ./Drivers/STM32F1xx_HAL_Driver/stm32f1xx_ll_usb.o
                0x0000000008002fc0                USB_DevInit
 .text.USB_FlushTxFifo
                0x0000000008002ff6        0x4 ./Drivers/STM32F1xx_HAL_Driver/stm32f1xx_ll_usb.o
                0x0000000008002ff6                USB_FlushTxFifo
 .text.USB_FlushRxFifo
                0x0000000008002ffa        0x4 ./Drivers/STM32F1xx_HAL_Driver/stm32f1xx_ll_usb.o
                0x0000000008002ffa                USB_FlushRxFifo
 *fill*         0x0000000008002ffe        0x2 
 .text.USB_ActivateEndpoint
                0x0000000008003000      0x2b4 ./Drivers/STM32F1xx_HAL_Driver/stm32f1xx_ll_usb.o
                0x0000000008003000                USB_ActivateEndpoint
 .text.USB_DeactivateEndpoint
                0x00000000080032b4      0x1a2 ./Drivers/STM32F1xx_HAL_Driver/stm32f1xx_ll_usb.o
                0x00000000080032b4                USB_DeactivateEndpoint
 .text.USB_EPSetStall
                0x0000000008003456       0x40 ./Drivers/STM32F1xx_HAL_Driver/stm32f1xx_ll_usb.o
                0x0000000008003456                USB_EPSetStall
 .text.USB_EPClearStall
                0x0000000008003496       0x92 ./Drivers/STM32F1xx_HAL_Driver/stm32f1xx_ll_usb.o
                0x0000000008003496                USB_EPClearStall
 .text.USB_SetDevAddress
                0x0000000008003528        0xc ./Drivers/STM32F1xx_HAL_Driver/stm32f1xx_ll_usb.o
                0x0000000008003528                USB_SetDevAddress
 .text.USB_DevConnect
                0x0000000008003534        0x4 ./Drivers/STM32F1xx_HAL_Driver/stm32f1xx_ll_usb.o
                0x0000000008003534                USB_DevConnect
 .text.USB_DevDisconnect
                0x0000000008003538        0x4 ./Drivers/STM32F1xx_HAL_Driver/stm32f1xx_ll_usb.o
                0x0000000008003538                USB_DevDisconnect
 .text.USB_ReadInterrupts
                0x000000000800353c        0x8 ./Drivers/STM32F1xx_HAL_Driver/stm32f1xx_ll_usb.o
                0x000000000800353c                USB_ReadInterrupts
 .text.USB_EP0_OutStart
                0x0000000008003544        0x4 ./Drivers/STM32F1xx_HAL_Driver/stm32f1xx_ll_usb.o
                0x0000000008003544                USB_EP0_OutStart
 .text.USB_WritePMA
                0x0000000008003548       0x20 ./Drivers/STM32F1xx_HAL_Driver/stm32f1xx_ll_usb.o
                0x0000000008003548                USB_WritePMA
 .text.USB_EPStartXfer
                0x0000000008003568      0x1b8 ./Drivers/STM32F1xx_HAL_Driver/stm32f1xx_ll_usb.o
                0x0000000008003568                USB_EPStartXfer
 .text.USB_ReadPMA
                0x0000000008003720       0x38 ./Drivers/STM32F1xx_HAL_Driver/stm32f1xx_ll_usb.o
                0x0000000008003720                USB_ReadPMA
 .text.USBD_MSC_GetHSCfgDesc
                0x0000000008003758        0xc ./Middlewares/STM32_USBD_Library/Class/MSC/usbd_msc.o
                0x0000000008003758                USBD_MSC_GetHSCfgDesc
 .text.USBD_MSC_GetFSCfgDesc
                0x0000000008003764        0xc ./Middlewares/STM32_USBD_Library/Class/MSC/usbd_msc.o
                0x0000000008003764                USBD_MSC_GetFSCfgDesc
 .text.USBD_MSC_GetOtherSpeedCfgDesc
                0x0000000008003770        0xc ./Middlewares/STM32_USBD_Library/Class/MSC/usbd_msc.o
                0x0000000008003770                USBD_MSC_GetOtherSpeedCfgDesc
 .text.USBD_MSC_GetDeviceQualifierDescriptor
                0x000000000800377c        0xc ./Middlewares/STM32_USBD_Library/Class/MSC/usbd_msc.o
                0x000000000800377c                USBD_MSC_GetDeviceQualifierDescriptor
 .text.USBD_MSC_Init
                0x0000000008003788       0x5a ./Middlewares/STM32_USBD_Library/Class/MSC/usbd_msc.o
                0x0000000008003788                USBD_MSC_Init
 .text.USBD_MSC_DeInit
                0x00000000080037e2       0x32 ./Middlewares/STM32_USBD_Library/Class/MSC/usbd_msc.o
                0x00000000080037e2                USBD_MSC_DeInit
 .text.USBD_MSC_Setup
                0x0000000008003814      0x15c ./Middlewares/STM32_USBD_Library/Class/MSC/usbd_msc.o
                0x0000000008003814                USBD_MSC_Setup
 .text.USBD_MSC_DataIn
                0x0000000008003970        0xa ./Middlewares/STM32_USBD_Library/Class/MSC/usbd_msc.o
                0x0000000008003970                USBD_MSC_DataIn
 .text.USBD_MSC_DataOut
                0x000000000800397a        0xa ./Middlewares/STM32_USBD_Library/Class/MSC/usbd_msc.o
                0x000000000800397a                USBD_MSC_DataOut
 .text.USBD_MSC_RegisterStorage
                0x0000000008003984        0xa ./Middlewares/STM32_USBD_Library/Class/MSC/usbd_msc.o
                0x0000000008003984                USBD_MSC_RegisterStorage
 .text.MSC_BOT_Abort
                0x000000000800398e       0x40 ./Middlewares/STM32_USBD_Library/Class/MSC/usbd_msc_bot.o
 .text.MSC_BOT_Init
                0x00000000080039ce       0x3a ./Middlewares/STM32_USBD_Library/Class/MSC/usbd_msc_bot.o
                0x00000000080039ce                MSC_BOT_Init
 .text.MSC_BOT_Reset
                0x0000000008003a08       0x16 ./Middlewares/STM32_USBD_Library/Class/MSC/usbd_msc_bot.o
                0x0000000008003a08                MSC_BOT_Reset
 .text.MSC_BOT_DeInit
                0x0000000008003a1e        0xa ./Middlewares/STM32_USBD_Library/Class/MSC/usbd_msc_bot.o
                0x0000000008003a1e                MSC_BOT_DeInit
 .text.MSC_BOT_SendCSW
                0x0000000008003a28       0x38 ./Middlewares/STM32_USBD_Library/Class/MSC/usbd_msc_bot.o
                0x0000000008003a28                MSC_BOT_SendCSW
 .text.MSC_BOT_DataIn
                0x0000000008003a60       0x36 ./Middlewares/STM32_USBD_Library/Class/MSC/usbd_msc_bot.o
                0x0000000008003a60                MSC_BOT_DataIn
 *fill*         0x0000000008003a96        0x2 
 .text.MSC_BOT_DataOut
                0x0000000008003a98       0xd8 ./Middlewares/STM32_USBD_Library/Class/MSC/usbd_msc_bot.o
                0x0000000008003a98                MSC_BOT_DataOut
 .text.MSC_BOT_CplClrFeature
                0x0000000008003b70       0x2a ./Middlewares/STM32_USBD_Library/Class/MSC/usbd_msc_bot.o
                0x0000000008003b70                MSC_BOT_CplClrFeature
 .text.SCSI_SenseCode.constprop.0.isra.0
                0x0000000008003b9a       0x26 ./Middlewares/STM32_USBD_Library/Class/MSC/usbd_msc_scsi.o
 .text.SCSI_ProcessCmd
                0x0000000008003bc0      0x42c ./Middlewares/STM32_USBD_Library/Class/MSC/usbd_msc_scsi.o
                0x0000000008003bc0                SCSI_ProcessCmd
 .text.SCSI_SenseCode
                0x0000000008003fec       0x28 ./Middlewares/STM32_USBD_Library/Class/MSC/usbd_msc_scsi.o
                0x0000000008003fec                SCSI_SenseCode
 .text.USBD_Init
                0x0000000008004014       0x2a ./Middlewares/STM32_USBD_Library/Core/usbd_core.o
                0x0000000008004014                USBD_Init
 .text.USBD_RegisterClass
                0x000000000800403e        0xe ./Middlewares/STM32_USBD_Library/Core/usbd_core.o
                0x000000000800403e                USBD_RegisterClass
 .text.USBD_Start
                0x000000000800404c        0xa ./Middlewares/STM32_USBD_Library/Core/usbd_core.o
                0x000000000800404c                USBD_Start
 .text.USBD_SetClassConfig
                0x0000000008004056       0x16 ./Middlewares/STM32_USBD_Library/Core/usbd_core.o
                0x0000000008004056                USBD_SetClassConfig
 .text.USBD_ClrClassConfig
                0x000000000800406c        0xe ./Middlewares/STM32_USBD_Library/Core/usbd_core.o
                0x000000000800406c                USBD_ClrClassConfig
 .text.USBD_LL_SetupStage
                0x000000000800407a       0x5a ./Middlewares/STM32_USBD_Library/Core/usbd_core.o
                0x000000000800407a                USBD_LL_SetupStage
 .text.USBD_LL_DataOutStage
                0x00000000080040d4       0x74 ./Middlewares/STM32_USBD_Library/Core/usbd_core.o
                0x00000000080040d4                USBD_LL_DataOutStage
 .text.USBD_LL_DataInStage
                0x0000000008004148       0xb6 ./Middlewares/STM32_USBD_Library/Core/usbd_core.o
                0x0000000008004148                USBD_LL_DataInStage
 .text.USBD_LL_Reset
                0x00000000080041fe       0x4e ./Middlewares/STM32_USBD_Library/Core/usbd_core.o
                0x00000000080041fe                USBD_LL_Reset
 .text.USBD_LL_SetSpeed
                0x000000000800424c        0x6 ./Middlewares/STM32_USBD_Library/Core/usbd_core.o
                0x000000000800424c                USBD_LL_SetSpeed
 .text.USBD_LL_Suspend
                0x0000000008004252       0x12 ./Middlewares/STM32_USBD_Library/Core/usbd_core.o
                0x0000000008004252                USBD_LL_Suspend
 .text.USBD_LL_Resume
                0x0000000008004264       0x14 ./Middlewares/STM32_USBD_Library/Core/usbd_core.o
                0x0000000008004264                USBD_LL_Resume
 .text.USBD_LL_SOF
                0x0000000008004278       0x18 ./Middlewares/STM32_USBD_Library/Core/usbd_core.o
                0x0000000008004278                USBD_LL_SOF
 .text.USBD_CtlError.constprop.0
                0x0000000008004290       0x16 ./Middlewares/STM32_USBD_Library/Core/usbd_ctlreq.o
 *fill*         0x00000000080042a6        0x2 
 .text.USBD_StdDevReq
                0x00000000080042a8      0x254 ./Middlewares/STM32_USBD_Library/Core/usbd_ctlreq.o
                0x00000000080042a8                USBD_StdDevReq
 .text.USBD_StdItfReq
                0x00000000080044fc       0x48 ./Middlewares/STM32_USBD_Library/Core/usbd_ctlreq.o
                0x00000000080044fc                USBD_StdItfReq
 .text.USBD_StdEPReq
                0x0000000008004544      0x114 ./Middlewares/STM32_USBD_Library/Core/usbd_ctlreq.o
                0x0000000008004544                USBD_StdEPReq
 .text.USBD_ParseSetupRequest
                0x0000000008004658       0x28 ./Middlewares/STM32_USBD_Library/Core/usbd_ctlreq.o
                0x0000000008004658                USBD_ParseSetupRequest
 .text.USBD_CtlError
                0x0000000008004680       0x16 ./Middlewares/STM32_USBD_Library/Core/usbd_ctlreq.o
                0x0000000008004680                USBD_CtlError
 .text.USBD_GetString
                0x0000000008004696       0x38 ./Middlewares/STM32_USBD_Library/Core/usbd_ctlreq.o
                0x0000000008004696                USBD_GetString
 .text.USBD_CtlSendData
                0x00000000080046ce       0x1a ./Middlewares/STM32_USBD_Library/Core/usbd_ioreq.o
                0x00000000080046ce                USBD_CtlSendData
 .text.USBD_CtlContinueSendData
                0x00000000080046e8       0x10 ./Middlewares/STM32_USBD_Library/Core/usbd_ioreq.o
                0x00000000080046e8                USBD_CtlContinueSendData
 .text.USBD_CtlContinueRx
                0x00000000080046f8       0x10 ./Middlewares/STM32_USBD_Library/Core/usbd_ioreq.o
                0x00000000080046f8                USBD_CtlContinueRx
 .text.USBD_CtlSendStatus
                0x0000000008004708       0x16 ./Middlewares/STM32_USBD_Library/Core/usbd_ioreq.o
                0x0000000008004708                USBD_CtlSendStatus
 .text.USBD_CtlReceiveStatus
                0x000000000800471e       0x16 ./Middlewares/STM32_USBD_Library/Core/usbd_ioreq.o
                0x000000000800471e                USBD_CtlReceiveStatus
 .text.disk_status
                0x0000000008004734       0x14 ./Middlewares/Third_party/FatFs/diskio.o
                0x0000000008004734                disk_status
 .text.disk_initialize
                0x0000000008004748       0x20 ./Middlewares/Third_party/FatFs/diskio.o
                0x0000000008004748                disk_initialize
 .text.disk_read
                0x0000000008004768       0x1c ./Middlewares/Third_party/FatFs/diskio.o
                0x0000000008004768                disk_read
 .text.disk_write
                0x0000000008004784       0x1c ./Middlewares/Third_party/FatFs/diskio.o
                0x0000000008004784                disk_write
 .text.disk_ioctl
                0x00000000080047a0       0x18 ./Middlewares/Third_party/FatFs/diskio.o
                0x00000000080047a0                disk_ioctl
 .text.get_fattime
                0x00000000080047b8        0x4 ./Middlewares/Third_party/FatFs/diskio.o
                0x00000000080047b8                get_fattime
 .text.ld_dword
                0x00000000080047bc        0x4 ./Middlewares/Third_party/FatFs/ff.o
 .text.st_dword
                0x00000000080047c0       0x10 ./Middlewares/Third_party/FatFs/ff.o
 .text.mem_set  0x00000000080047d0        0xc ./Middlewares/Third_party/FatFs/ff.o
 .text.chk_lock
                0x00000000080047dc       0x74 ./Middlewares/Third_party/FatFs/ff.o
 .text.inc_lock
                0x0000000008004850       0x84 ./Middlewares/Third_party/FatFs/ff.o
 .text.dec_lock
                0x00000000080048d4       0x3c ./Middlewares/Third_party/FatFs/ff.o
 .text.clear_lock
                0x0000000008004910       0x1c ./Middlewares/Third_party/FatFs/ff.o
 .text.clust2sect
                0x000000000800492c       0x16 ./Middlewares/Third_party/FatFs/ff.o
 .text.clmt_clust
                0x0000000008004942       0x22 ./Middlewares/Third_party/FatFs/ff.o
 .text.st_clust
                0x0000000008004964       0x18 ./Middlewares/Third_party/FatFs/ff.o
 .text.sum_sfn  0x000000000800497c       0x1e ./Middlewares/Third_party/FatFs/ff.o
 .text.get_ldnumber
                0x000000000800499a       0x38 ./Middlewares/Third_party/FatFs/ff.o
 .text.validate
                0x00000000080049d2       0x34 ./Middlewares/Third_party/FatFs/ff.o
 .text.mem_cpy.part.0
                0x0000000008004a06       0x12 ./Middlewares/Third_party/FatFs/ff.o
 .text.sync_window.part.0
                0x0000000008004a18       0x4c ./Middlewares/Third_party/FatFs/ff.o
 .text.sync_window
                0x0000000008004a64        0xc ./Middlewares/Third_party/FatFs/ff.o
 .text.move_window
                0x0000000008004a70       0x32 ./Middlewares/Third_party/FatFs/ff.o
 *fill*         0x0000000008004aa2        0x2 
 .text.check_fs
                0x0000000008004aa4       0x74 ./Middlewares/Third_party/FatFs/ff.o
 .text.find_volume
                0x0000000008004b18      0x254 ./Middlewares/Third_party/FatFs/ff.o
 .text.put_fat  0x0000000008004d6c       0xf8 ./Middlewares/Third_party/FatFs/ff.o
 .text.sync_fs  0x0000000008004e64       0x96 ./Middlewares/Third_party/FatFs/ff.o
 .text.ld_clust.isra.0
                0x0000000008004efa       0x10 ./Middlewares/Third_party/FatFs/ff.o
 .text.get_fat.isra.0
                0x0000000008004f0a       0xac ./Middlewares/Third_party/FatFs/ff.o
 .text.remove_chain
                0x0000000008004fb6       0x6e ./Middlewares/Third_party/FatFs/ff.o
 .text.create_chain
                0x0000000008005024       0xb0 ./Middlewares/Third_party/FatFs/ff.o
 .text.dir_sdi  0x00000000080050d4       0x82 ./Middlewares/Third_party/FatFs/ff.o
 .text.dir_next
                0x0000000008005156       0xea ./Middlewares/Third_party/FatFs/ff.o
 .text.dir_alloc
                0x0000000008005240       0x44 ./Middlewares/Third_party/FatFs/ff.o
 .text.dir_read
                0x0000000008005284      0x104 ./Middlewares/Third_party/FatFs/ff.o
 .text.dir_remove
                0x0000000008005388       0x4e ./Middlewares/Third_party/FatFs/ff.o
 *fill*         0x00000000080053d6        0x2 
 .text.dir_find
                0x00000000080053d8      0x160 ./Middlewares/Third_party/FatFs/ff.o
 .text.dir_register
                0x0000000008005538      0x248 ./Middlewares/Third_party/FatFs/ff.o
 .text.follow_path
                0x0000000008005780      0x25c ./Middlewares/Third_party/FatFs/ff.o
 .text.f_mount  0x00000000080059dc       0x58 ./Middlewares/Third_party/FatFs/ff.o
                0x00000000080059dc                f_mount
 .text.f_open   0x0000000008005a34      0x208 ./Middlewares/Third_party/FatFs/ff.o
                0x0000000008005a34                f_open
 .text.f_read   0x0000000008005c3c      0x166 ./Middlewares/Third_party/FatFs/ff.o
                0x0000000008005c3c                f_read
 .text.f_sync   0x0000000008005da2       0x92 ./Middlewares/Third_party/FatFs/ff.o
                0x0000000008005da2                f_sync
 .text.f_close  0x0000000008005e34       0x22 ./Middlewares/Third_party/FatFs/ff.o
                0x0000000008005e34                f_close
 .text.f_lseek  0x0000000008005e56      0x212 ./Middlewares/Third_party/FatFs/ff.o
                0x0000000008005e56                f_lseek
 .text.f_unlink
                0x0000000008006068       0xb4 ./Middlewares/Third_party/FatFs/ff.o
                0x0000000008006068                f_unlink
 .text.f_rename
                0x000000000800611c      0x108 ./Middlewares/Third_party/FatFs/ff.o
                0x000000000800611c                f_rename
 .text.FATFS_LinkDriverEx
                0x0000000008006224       0x44 ./Middlewares/Third_party/FatFs/ff_gen_drv.o
                0x0000000008006224                FATFS_LinkDriverEx
 .text.FATFS_LinkDriver
                0x0000000008006268        0x6 ./Middlewares/Third_party/FatFs/ff_gen_drv.o
                0x0000000008006268                FATFS_LinkDriver
 *fill*         0x000000000800626e        0x2 
 .text.FATFS_UnLinkDriverEx
                0x0000000008006270       0x30 ./Middlewares/Third_party/FatFs/ff_gen_drv.o
                0x0000000008006270                FATFS_UnLinkDriverEx
 .text.FATFS_UnLinkDriver
                0x00000000080062a0        0x6 ./Middlewares/Third_party/FatFs/ff_gen_drv.o
                0x00000000080062a0                FATFS_UnLinkDriver
 *fill*         0x00000000080062a6        0x2 
 .text.ff_convert
                0x00000000080062a8       0x3c ./Middlewares/Third_party/FatFs/unicode.o
                0x00000000080062a8                ff_convert
 .text.ff_wtoupper
                0x00000000080062e4       0x80 ./Middlewares/Third_party/FatFs/unicode.o
                0x00000000080062e4                ff_wtoupper
 .text.__libc_init_array
                0x0000000008006364       0x48 c:/st/stm32cubeide_1.12.1/stm32cubeide/plugins/com.st.stm32cube.ide.mcu.externaltools.gnu-tools-for-stm32.10.3-2021.10.win32_1.0.200.202301161003/tools/bin/../lib/gcc/arm-none-eabi/10.3.1/../../../../arm-none-eabi/lib/thumb/v7-m/nofp\libc_nano.a(lib_a-init.o)
                0x0000000008006364                __libc_init_array
 .text.memset   0x00000000080063ac       0x10 c:/st/stm32cubeide_1.12.1/stm32cubeide/plugins/com.st.stm32cube.ide.mcu.externaltools.gnu-tools-for-stm32.10.3-2021.10.win32_1.0.200.202301161003/tools/bin/../lib/gcc/arm-none-eabi/10.3.1/../../../../arm-none-eabi/lib/thumb/v7-m/nofp\libc_nano.a(lib_a-memset.o)
                0x00000000080063ac                memset
 *(.glue_7)
 .glue_7        0x00000000080063bc        0x0 linker stubs
 *(.glue_7t)
 .glue_7t       0x00000000080063bc        0x0 linker stubs
 *(.eh_frame)
 .eh_frame      0x00000000080063bc        0x0 c:/st/stm32cubeide_1.12.1/stm32cubeide/plugins/com.st.stm32cube.ide.mcu.externaltools.gnu-tools-for-stm32.10.3-2021.10.win32_1.0.200.202301161003/tools/bin/../lib/gcc/arm-none-eabi/10.3.1/thumb/v7-m/nofp/crtbegin.o
 *(.init)
 .init          0x00000000080063bc        0x4 c:/st/stm32cubeide_1.12.1/stm32cubeide/plugins/com.st.stm32cube.ide.mcu.externaltools.gnu-tools-for-stm32.10.3-2021.10.win32_1.0.200.202301161003/tools/bin/../lib/gcc/arm-none-eabi/10.3.1/thumb/v7-m/nofp/crti.o
                0x00000000080063bc                _init
 .init          0x00000000080063c0        0x8 c:/st/stm32cubeide_1.12.1/stm32cubeide/plugins/com.st.stm32cube.ide.mcu.externaltools.gnu-tools-for-stm32.10.3-2021.10.win32_1.0.200.202301161003/tools/bin/../lib/gcc/arm-none-eabi/10.3.1/thumb/v7-m/nofp/crtn.o
 *(.fini)
 .fini          0x00000000080063c8        0x4 c:/st/stm32cubeide_1.12.1/stm32cubeide/plugins/com.st.stm32cube.ide.mcu.externaltools.gnu-tools-for-stm32.10.3-2021.10.win32_1.0.200.202301161003/tools/bin/../lib/gcc/arm-none-eabi/10.3.1/thumb/v7-m/nofp/crti.o
                0x00000000080063c8                _fini
 .fini          0x00000000080063cc        0x8 c:/st/stm32cubeide_1.12.1/stm32cubeide/plugins/com.st.stm32cube.ide.mcu.externaltools.gnu-tools-for-stm32.10.3-2021.10.win32_1.0.200.202301161003/tools/bin/../lib/gcc/arm-none-eabi/10.3.1/thumb/v7-m/nofp/crtn.o
                0x00000000080063d4                . = ALIGN (0x4)
                0x00000000080063d4                _etext = .

.vfp11_veneer   0x00000000080063d4        0x0
 .vfp11_veneer  0x00000000080063d4        0x0 linker stubs

.v4_bx          0x00000000080063d4        0x0
 .v4_bx         0x00000000080063d4        0x0 linker stubs

.iplt           0x00000000080063d4        0x0
 .iplt          0x00000000080063d4        0x0 c:/st/stm32cubeide_1.12.1/stm32cubeide/plugins/com.st.stm32cube.ide.mcu.externaltools.gnu-tools-for-stm32.10.3-2021.10.win32_1.0.200.202301161003/tools/bin/../lib/gcc/arm-none-eabi/10.3.1/thumb/v7-m/nofp/crtbegin.o

.rodata         0x00000000080063d4      0x9b0
                0x00000000080063d4                . = ALIGN (0x4)
 *(.rodata)
 .rodata        0x00000000080063d4      0x400 ./Drivers/BSP/Components/crypto/crypto.o
 .rodata        0x00000000080067d4       0x14 ./Drivers/BSP/Components/fs/norflash_diskio.o
                0x00000000080067d4                FLASHDISK_Driver
 .rodata        0x00000000080067e8       0x24 ./Drivers/BSP/Components/usb/usbd_storage.o
                0x00000000080067e8                STORAGE_Inquirydata
 .rodata        0x000000000800680c       0x18 ./Drivers/CMSIS/system_stm32f1xx.o
                0x000000000800680c                AHBPrescTable
                0x000000000800681c                APBPrescTable
 .rodata        0x0000000008006824       0x17 ./Middlewares/STM32_USBD_Library/Class/MSC/usbd_msc_data.o
                0x0000000008006824                MSC_Mode_Sense10_data
                0x000000000800682c                MSC_Mode_Sense6_data
                0x0000000008006834                MSC_Page00_Inquiry_Data
 *fill*         0x000000000800683b        0x1 
 .rodata        0x000000000800683c       0xba ./Middlewares/Third_party/FatFs/ff.o
 .rodata        0x00000000080068f6      0x3ae ./Middlewares/Third_party/FatFs/unicode.o
 *(.rodata*)
 .rodata.str1.1
                0x0000000008006ca4       0x2e ./Application/User/main.o
 .rodata.str1.1
                0x0000000008006cd2       0x5c ./Drivers/BSP/Components/usb/usbd_desc.o
 .rodata.str1.1
                0x0000000008006d2e       0x11 ./Drivers/STM32F1xx_HAL_Driver/stm32f1xx_hal_rcc.o
 .rodata.str1.1
                0x0000000008006d3f       0x44 ./Middlewares/Third_party/FatFs/ff.o
                0x0000000008006d84                . = ALIGN (0x4)
 *fill*         0x0000000008006d83        0x1 

.rel.dyn        0x0000000008006d84        0x0
 .rel.iplt      0x0000000008006d84        0x0 c:/st/stm32cubeide_1.12.1/stm32cubeide/plugins/com.st.stm32cube.ide.mcu.externaltools.gnu-tools-for-stm32.10.3-2021.10.win32_1.0.200.202301161003/tools/bin/../lib/gcc/arm-none-eabi/10.3.1/thumb/v7-m/nofp/crtbegin.o

.ARM.extab      0x0000000008006d84        0x0
                0x0000000008006d84                . = ALIGN (0x4)
 *(.ARM.extab* .gnu.linkonce.armextab.*)
                0x0000000008006d84                . = ALIGN (0x4)

.ARM            0x0000000008006d84        0x0
                0x0000000008006d84                . = ALIGN (0x4)
                0x0000000008006d84                __exidx_start = .
 *(.ARM.exidx*)
                0x0000000008006d84                __exidx_end = .
                0x0000000008006d84                . = ALIGN (0x4)

.preinit_array  0x0000000008006d84        0x0
                0x0000000008006d84                . = ALIGN (0x4)
                0x0000000008006d84                PROVIDE (__preinit_array_start = .)
 *(.preinit_array*)
                0x0000000008006d84                PROVIDE (__preinit_array_end = .)
                0x0000000008006d84                . = ALIGN (0x4)

.init_array     0x0000000008006d84        0x4
                0x0000000008006d84                . = ALIGN (0x4)
                0x0000000008006d84                PROVIDE (__init_array_start = .)
 *(SORT_BY_NAME(.init_array.*))
 *(.init_array*)
 .init_array    0x0000000008006d84        0x4 c:/st/stm32cubeide_1.12.1/stm32cubeide/plugins/com.st.stm32cube.ide.mcu.externaltools.gnu-tools-for-stm32.10.3-2021.10.win32_1.0.200.202301161003/tools/bin/../lib/gcc/arm-none-eabi/10.3.1/thumb/v7-m/nofp/crtbegin.o
                0x0000000008006d88                PROVIDE (__init_array_end = .)
                0x0000000008006d88                . = ALIGN (0x4)

.fini_array     0x0000000008006d88        0x4
                0x0000000008006d88                . = ALIGN (0x4)
                [!provide]                        PROVIDE (__fini_array_start = .)
 *(SORT_BY_NAME(.fini_array.*))
 *(.fini_array*)
 .fini_array    0x0000000008006d88        0x4 c:/st/stm32cubeide_1.12.1/stm32cubeide/plugins/com.st.stm32cube.ide.mcu.externaltools.gnu-tools-for-stm32.10.3-2021.10.win32_1.0.200.202301161003/tools/bin/../lib/gcc/arm-none-eabi/10.3.1/thumb/v7-m/nofp/crtbegin.o
                [!provide]                        PROVIDE (__fini_array_end = .)
                0x0000000008006d8c                . = ALIGN (0x4)
                0x0000000008006d8c                _sidata = LOADADDR (.data)

.data           0x0000000020000000      0x128 load address 0x0000000008006d8c
                0x0000000020000000                . = ALIGN (0x4)
                0x0000000020000000                _sdata = .
 *(.data)
 .data          0x0000000020000000        0x4 ./Drivers/BSP/Components/flash/norflash.o
                0x0000000020000000                chip_size
 .data          0x0000000020000004        0x1 ./Drivers/BSP/Components/fs/norflash_diskio.o
 *fill*         0x0000000020000005        0x3 
 .data          0x0000000020000008       0x50 ./Drivers/BSP/Components/usb/usbd_desc.o
                0x0000000020000008                USBD_DeviceDesc
                0x000000002000001c                USBD_LangIDDesc
                0x0000000020000020                USBD_StringSerial
                0x000000002000003c                MSC_Desc
 .data          0x0000000020000058       0x20 ./Drivers/BSP/Components/usb/usbd_storage.o
                0x0000000020000058                USBD_DISK_fops
 .data          0x0000000020000078        0x4 ./Drivers/CMSIS/system_stm32f1xx.o
                0x0000000020000078                SystemCoreClock
 .data          0x000000002000007c        0x8 ./Drivers/STM32F1xx_HAL_Driver/stm32f1xx_hal.o
                0x000000002000007c                uwTickFreq
                0x0000000020000080                uwTickPrio
 .data          0x0000000020000084       0xa4 ./Middlewares/STM32_USBD_Library/Class/MSC/usbd_msc.o
                0x0000000020000084                USBD_MSC_CfgHSDesc
                0x00000000200000a4                USBD_MSC_CfgFSDesc
                0x00000000200000c4                USBD_MSC_OtherSpeedCfgDesc
                0x00000000200000e4                USBD_MSC_DeviceQualifierDesc
                0x00000000200000f0                USBD_MSC
 *(.data*)
 *(.RamFunc)
 *(.RamFunc*)
                0x0000000020000128                . = ALIGN (0x4)
                0x0000000020000128                _edata = .

.igot.plt       0x0000000020000128        0x0 load address 0x0000000008006eb4
 .igot.plt      0x0000000020000128        0x0 c:/st/stm32cubeide_1.12.1/stm32cubeide/plugins/com.st.stm32cube.ide.mcu.externaltools.gnu-tools-for-stm32.10.3-2021.10.win32_1.0.200.202301161003/tools/bin/../lib/gcc/arm-none-eabi/10.3.1/thumb/v7-m/nofp/crtbegin.o
                0x0000000020000128                . = ALIGN (0x4)

.bss            0x0000000020000128     0x30d0 load address 0x0000000008006eb4
                0x0000000020000128                _sbss = .
                0x0000000020000128                __bss_start__ = _sbss
 *(.bss)
 .bss           0x0000000020000128       0x1c c:/st/stm32cubeide_1.12.1/stm32cubeide/plugins/com.st.stm32cube.ide.mcu.externaltools.gnu-tools-for-stm32.10.3-2021.10.win32_1.0.200.202301161003/tools/bin/../lib/gcc/arm-none-eabi/10.3.1/thumb/v7-m/nofp/crtbegin.o
 .bss           0x0000000020000144      0xac4 ./Application/User/main.o
                0x0000000020000944                USBD_Device
 .bss           0x0000000020000c08     0x1000 ./Drivers/BSP/Components/flash/norflash.o
 .bss           0x0000000020001c08      0x218 ./Drivers/BSP/Components/spi/spi.o
                0x0000000020001c08                Spi1Handle
                0x0000000020001c60                Spi2Handle
                0x0000000020001cb8                Spi3Handle
 .bss           0x0000000020001e20     0x126d ./Drivers/BSP/Components/usb/usbd_conf.o
                0x0000000020001e20                hpcd
                0x000000002000308c                g_device_state
 *fill*         0x000000002000308d        0x3 
 .bss           0x0000000020003090      0x100 ./Drivers/BSP/Components/usb/usbd_desc.o
                0x0000000020003090                USBD_StrDesc
 .bss           0x0000000020003190        0x1 ./Drivers/BSP/Components/usb/usbd_storage.o
                0x0000000020003190                g_usb_state_reg
 *fill*         0x0000000020003191        0x3 
 .bss           0x0000000020003194        0x4 ./Drivers/STM32F1xx_HAL_Driver/stm32f1xx_hal.o
                0x0000000020003194                uwTick
 .bss           0x0000000020003198       0x20 ./Drivers/STM32F1xx_HAL_Driver/stm32f1xx_hal_flash.o
                0x0000000020003198                pFlash
 .bss           0x00000000200031b8        0x1 ./Middlewares/STM32_USBD_Library/Core/usbd_ctlreq.o
 *fill*         0x00000000200031b9        0x3 
 .bss           0x00000000200031bc       0x2a ./Middlewares/Third_party/FatFs/ff.o
 *fill*         0x00000000200031e6        0x2 
 .bss           0x00000000200031e8       0x10 ./Middlewares/Third_party/FatFs/ff_gen_drv.o
                0x00000000200031e8                disk
 *(.bss*)
 *(COMMON)
                0x00000000200031f8                . = ALIGN (0x4)
                0x00000000200031f8                _ebss = .
                0x00000000200031f8                __bss_end__ = _ebss

._user_heap_stack
                0x00000000200031f8     0x2100 load address 0x0000000008006eb4
                0x00000000200031f8                . = ALIGN (0x8)
                [!provide]                        PROVIDE (end = .)
                [!provide]                        PROVIDE (_end = .)
                0x00000000200032f8                . = (. + _Min_Heap_Size)
 *fill*         0x00000000200031f8      0x100 
                0x00000000200032f8                . = ALIGN (0x8)
                0x00000000200032f8                _sstack = .
                0x00000000200052f8                . = (. + _Min_Stack_Size)
 *fill*         0x00000000200032f8     0x2000 
                0x00000000200052f8                . = ALIGN (0x8)

/DISCARD/
 libc.a(*)
 libm.a(*)
 libgcc.a(*)

.ARM.attributes
                0x0000000000000000       0x29
 *(.ARM.attributes)
 .ARM.attributes
                0x0000000000000000       0x1d c:/st/stm32cubeide_1.12.1/stm32cubeide/plugins/com.st.stm32cube.ide.mcu.externaltools.gnu-tools-for-stm32.10.3-2021.10.win32_1.0.200.202301161003/tools/bin/../lib/gcc/arm-none-eabi/10.3.1/thumb/v7-m/nofp/crti.o
 .ARM.attributes
                0x000000000000001d       0x2d c:/st/stm32cubeide_1.12.1/stm32cubeide/plugins/com.st.stm32cube.ide.mcu.externaltools.gnu-tools-for-stm32.10.3-2021.10.win32_1.0.200.202301161003/tools/bin/../lib/gcc/arm-none-eabi/10.3.1/thumb/v7-m/nofp/crtbegin.o
 .ARM.attributes
                0x000000000000004a       0x21 ./Application/SW4STM32/startup_stm32f103rctx.o
 .ARM.attributes
                0x000000000000006b       0x2d ./Application/User/main.o
 .ARM.attributes
                0x0000000000000098       0x2d ./Application/User/stm32f1xx_it.o
 .ARM.attributes
                0x00000000000000c5       0x2d ./Drivers/BSP/Components/crypto/crypto.o
 .ARM.attributes
                0x00000000000000f2       0x2d ./Drivers/BSP/Components/flash/norflash.o
 .ARM.attributes
                0x000000000000011f       0x2d ./Drivers/BSP/Components/flash/stmflash.o
 .ARM.attributes
                0x000000000000014c       0x2d ./Drivers/BSP/Components/fs/norflash_diskio.o
 .ARM.attributes
                0x0000000000000179       0x2d ./Drivers/BSP/Components/spi/spi.o
 .ARM.attributes
                0x00000000000001a6       0x2d ./Drivers/BSP/Components/usb/usbd_conf.o
 .ARM.attributes
                0x00000000000001d3       0x2d ./Drivers/BSP/Components/usb/usbd_desc.o
 .ARM.attributes
                0x0000000000000200       0x2d ./Drivers/BSP/Components/usb/usbd_storage.o
 .ARM.attributes
                0x000000000000022d       0x2d ./Drivers/CMSIS/system_stm32f1xx.o
 .ARM.attributes
                0x000000000000025a       0x2d ./Drivers/STM32F1xx_HAL_Driver/stm32f1xx_hal.o
 .ARM.attributes
                0x0000000000000287       0x2d ./Drivers/STM32F1xx_HAL_Driver/stm32f1xx_hal_cortex.o
 .ARM.attributes
                0x00000000000002b4       0x2d ./Drivers/STM32F1xx_HAL_Driver/stm32f1xx_hal_dma.o
 .ARM.attributes
                0x00000000000002e1       0x2d ./Drivers/STM32F1xx_HAL_Driver/stm32f1xx_hal_flash.o
 .ARM.attributes
                0x000000000000030e       0x2d ./Drivers/STM32F1xx_HAL_Driver/stm32f1xx_hal_flash_ex.o
 .ARM.attributes
                0x000000000000033b       0x2d ./Drivers/STM32F1xx_HAL_Driver/stm32f1xx_hal_gpio.o
 .ARM.attributes
                0x0000000000000368       0x2d ./Drivers/STM32F1xx_HAL_Driver/stm32f1xx_hal_pcd.o
 .ARM.attributes
                0x0000000000000395       0x2d ./Drivers/STM32F1xx_HAL_Driver/stm32f1xx_hal_pcd_ex.o
 .ARM.attributes
                0x00000000000003c2       0x2d ./Drivers/STM32F1xx_HAL_Driver/stm32f1xx_hal_rcc.o
 .ARM.attributes
                0x00000000000003ef       0x2d ./Drivers/STM32F1xx_HAL_Driver/stm32f1xx_hal_rcc_ex.o
 .ARM.attributes
                0x000000000000041c       0x2d ./Drivers/STM32F1xx_HAL_Driver/stm32f1xx_hal_spi.o
 .ARM.attributes
                0x0000000000000449       0x2d ./Drivers/STM32F1xx_HAL_Driver/stm32f1xx_ll_usb.o
 .ARM.attributes
                0x0000000000000476       0x2d ./Middlewares/STM32_USBD_Library/Class/MSC/usbd_msc.o
 .ARM.attributes
                0x00000000000004a3       0x2d ./Middlewares/STM32_USBD_Library/Class/MSC/usbd_msc_bot.o
 .ARM.attributes
                0x00000000000004d0       0x2d ./Middlewares/STM32_USBD_Library/Class/MSC/usbd_msc_data.o
 .ARM.attributes
                0x00000000000004fd       0x2d ./Middlewares/STM32_USBD_Library/Class/MSC/usbd_msc_scsi.o
 .ARM.attributes
                0x000000000000052a       0x2d ./Middlewares/STM32_USBD_Library/Core/usbd_core.o
 .ARM.attributes
                0x0000000000000557       0x2d ./Middlewares/STM32_USBD_Library/Core/usbd_ctlreq.o
 .ARM.attributes
                0x0000000000000584       0x2d ./Middlewares/STM32_USBD_Library/Core/usbd_ioreq.o
 .ARM.attributes
                0x00000000000005b1       0x2d ./Middlewares/Third_party/FatFs/diskio.o
 .ARM.attributes
                0x00000000000005de       0x2d ./Middlewares/Third_party/FatFs/ff.o
 .ARM.attributes
                0x000000000000060b       0x2d ./Middlewares/Third_party/FatFs/ff_gen_drv.o
 .ARM.attributes
                0x0000000000000638       0x2d ./Middlewares/Third_party/FatFs/unicode.o
 .ARM.attributes
                0x0000000000000665       0x2d c:/st/stm32cubeide_1.12.1/stm32cubeide/plugins/com.st.stm32cube.ide.mcu.externaltools.gnu-tools-for-stm32.10.3-2021.10.win32_1.0.200.202301161003/tools/bin/../lib/gcc/arm-none-eabi/10.3.1/../../../../arm-none-eabi/lib/thumb/v7-m/nofp\libc_nano.a(lib_a-init.o)
 .ARM.attributes
                0x0000000000000692       0x2d c:/st/stm32cubeide_1.12.1/stm32cubeide/plugins/com.st.stm32cube.ide.mcu.externaltools.gnu-tools-for-stm32.10.3-2021.10.win32_1.0.200.202301161003/tools/bin/../lib/gcc/arm-none-eabi/10.3.1/../../../../arm-none-eabi/lib/thumb/v7-m/nofp\libc_nano.a(lib_a-memset.o)
 .ARM.attributes
                0x00000000000006bf       0x1d c:/st/stm32cubeide_1.12.1/stm32cubeide/plugins/com.st.stm32cube.ide.mcu.externaltools.gnu-tools-for-stm32.10.3-2021.10.win32_1.0.200.202301161003/tools/bin/../lib/gcc/arm-none-eabi/10.3.1/thumb/v7-m/nofp/crtn.o
                0x00000000200032f8                _vStackBase = _sstack
                0x000000002000c000                _vStackTop = _estack
                0x00000000080001e4                _image_start = LOADADDR (.text)
                0x00000000080063d4                _image_end = _etext
                0x00000000000061f0                _image_size = (_image_end - _image_start)
OUTPUT(bootloader.elf elf32-littlearm)
LOAD linker stubs
LOAD c:/st/stm32cubeide_1.12.1/stm32cubeide/plugins/com.st.stm32cube.ide.mcu.externaltools.gnu-tools-for-stm32.10.3-2021.10.win32_1.0.200.202301161003/tools/bin/../lib/gcc/arm-none-eabi/10.3.1/../../../../arm-none-eabi/lib/thumb/v7-m/nofp\libc.a
LOAD c:/st/stm32cubeide_1.12.1/stm32cubeide/plugins/com.st.stm32cube.ide.mcu.externaltools.gnu-tools-for-stm32.10.3-2021.10.win32_1.0.200.202301161003/tools/bin/../lib/gcc/arm-none-eabi/10.3.1/../../../../arm-none-eabi/lib/thumb/v7-m/nofp\libm.a
LOAD c:/st/stm32cubeide_1.12.1/stm32cubeide/plugins/com.st.stm32cube.ide.mcu.externaltools.gnu-tools-for-stm32.10.3-2021.10.win32_1.0.200.202301161003/tools/bin/../lib/gcc/arm-none-eabi/10.3.1/thumb/v7-m/nofp\libgcc.a

.debug_line     0x0000000000000000    0x1ec83
 .debug_line    0x0000000000000000       0xa6 ./Application/SW4STM32/startup_stm32f103rctx.o
 .debug_line    0x00000000000000a6      0xf04 ./Application/User/main.o
 .debug_line    0x0000000000000faa      0xb1d ./Application/User/stm32f1xx_it.o
 .debug_line    0x0000000000001ac7      0xa52 ./Drivers/BSP/Components/crypto/crypto.o
 .debug_line    0x0000000000002519      0xef2 ./Drivers/BSP/Components/flash/norflash.o
 .debug_line    0x000000000000340b      0x7e4 ./Drivers/BSP/Components/flash/stmflash.o
 .debug_line    0x0000000000003bef      0x571 ./Drivers/BSP/Components/fs/norflash_diskio.o
 .debug_line    0x0000000000004160      0xd9d ./Drivers/BSP/Components/spi/spi.o
 .debug_line    0x0000000000004efd      0xe92 ./Drivers/BSP/Components/usb/usbd_conf.o
 .debug_line    0x0000000000005d8f      0xb4e ./Drivers/BSP/Components/usb/usbd_desc.o
 .debug_line    0x00000000000068dd      0xb47 ./Drivers/BSP/Components/usb/usbd_storage.o
 .debug_line    0x0000000000007424      0x75d ./Drivers/CMSIS/system_stm32f1xx.o
 .debug_line    0x0000000000007b81      0x9a8 ./Drivers/STM32F1xx_HAL_Driver/stm32f1xx_hal.o
 .debug_line    0x0000000000008529      0xb4d ./Drivers/STM32F1xx_HAL_Driver/stm32f1xx_hal_cortex.o
 .debug_line    0x0000000000009076     0x1148 ./Drivers/STM32F1xx_HAL_Driver/stm32f1xx_hal_dma.o
 .debug_line    0x000000000000a1be      0xc66 ./Drivers/STM32F1xx_HAL_Driver/stm32f1xx_hal_flash.o
 .debug_line    0x000000000000ae24      0xd8b ./Drivers/STM32F1xx_HAL_Driver/stm32f1xx_hal_flash_ex.o
 .debug_line    0x000000000000bbaf      0xa65 ./Drivers/STM32F1xx_HAL_Driver/stm32f1xx_hal_gpio.o
 .debug_line    0x000000000000c614     0x128d ./Drivers/STM32F1xx_HAL_Driver/stm32f1xx_hal_pcd.o
 .debug_line    0x000000000000d8a1      0x700 ./Drivers/STM32F1xx_HAL_Driver/stm32f1xx_hal_pcd_ex.o
 .debug_line    0x000000000000dfa1     0x108a ./Drivers/STM32F1xx_HAL_Driver/stm32f1xx_hal_rcc.o
 .debug_line    0x000000000000f02b      0x969 ./Drivers/STM32F1xx_HAL_Driver/stm32f1xx_hal_rcc_ex.o
 .debug_line    0x000000000000f994     0x2c15 ./Drivers/STM32F1xx_HAL_Driver/stm32f1xx_hal_spi.o
 .debug_line    0x00000000000125a9     0x1617 ./Drivers/STM32F1xx_HAL_Driver/stm32f1xx_ll_usb.o
 .debug_line    0x0000000000013bc0      0xcf7 ./Middlewares/STM32_USBD_Library/Class/MSC/usbd_msc.o
 .debug_line    0x00000000000148b7      0xcd9 ./Middlewares/STM32_USBD_Library/Class/MSC/usbd_msc_bot.o
 .debug_line    0x0000000000015590      0x951 ./Middlewares/STM32_USBD_Library/Class/MSC/usbd_msc_data.o
 .debug_line    0x0000000000015ee1     0x100a ./Middlewares/STM32_USBD_Library/Class/MSC/usbd_msc_scsi.o
 .debug_line    0x0000000000016eeb      0xe57 ./Middlewares/STM32_USBD_Library/Core/usbd_core.o
 .debug_line    0x0000000000017d42      0xf7a ./Middlewares/STM32_USBD_Library/Core/usbd_ctlreq.o
 .debug_line    0x0000000000018cbc      0xa7f ./Middlewares/STM32_USBD_Library/Core/usbd_ioreq.o
 .debug_line    0x000000000001973b      0x500 ./Middlewares/Third_party/FatFs/diskio.o
 .debug_line    0x0000000000019c3b     0x48aa ./Middlewares/Third_party/FatFs/ff.o
 .debug_line    0x000000000001e4e5      0x53a ./Middlewares/Third_party/FatFs/ff_gen_drv.o
 .debug_line    0x000000000001ea1f      0x264 ./Middlewares/Third_party/FatFs/unicode.o

.debug_info     0x0000000000000000    0x1ccc2
 .debug_info    0x0000000000000000       0x22 ./Application/SW4STM32/startup_stm32f103rctx.o
 .debug_info    0x0000000000000022     0x198d ./Application/User/main.o
 .debug_info    0x00000000000019af      0xbd7 ./Application/User/stm32f1xx_it.o
 .debug_info    0x0000000000002586      0x1a8 ./Drivers/BSP/Components/crypto/crypto.o
 .debug_info    0x000000000000272e     0x10e8 ./Drivers/BSP/Components/flash/norflash.o
 .debug_info    0x0000000000003816      0x2e7 ./Drivers/BSP/Components/flash/stmflash.o
 .debug_info    0x0000000000003afd      0x4ac ./Drivers/BSP/Components/fs/norflash_diskio.o
 .debug_info    0x0000000000003fa9      0xf0f ./Drivers/BSP/Components/spi/spi.o
 .debug_info    0x0000000000004eb8     0x1b18 ./Drivers/BSP/Components/usb/usbd_conf.o
 .debug_info    0x00000000000069d0      0x646 ./Drivers/BSP/Components/usb/usbd_desc.o
 .debug_info    0x0000000000007016      0x5d8 ./Drivers/BSP/Components/usb/usbd_storage.o
 .debug_info    0x00000000000075ee      0x407 ./Drivers/CMSIS/system_stm32f1xx.o
 .debug_info    0x00000000000079f5      0x851 ./Drivers/STM32F1xx_HAL_Driver/stm32f1xx_hal.o
 .debug_info    0x0000000000008246      0xdd0 ./Drivers/STM32F1xx_HAL_Driver/stm32f1xx_hal_cortex.o
 .debug_info    0x0000000000009016      0x856 ./Drivers/STM32F1xx_HAL_Driver/stm32f1xx_hal_dma.o
 .debug_info    0x000000000000986c      0x6b4 ./Drivers/STM32F1xx_HAL_Driver/stm32f1xx_hal_flash.o
 .debug_info    0x0000000000009f20      0xc22 ./Drivers/STM32F1xx_HAL_Driver/stm32f1xx_hal_flash_ex.o
 .debug_info    0x000000000000ab42      0x654 ./Drivers/STM32F1xx_HAL_Driver/stm32f1xx_hal_gpio.o
 .debug_info    0x000000000000b196     0x14f7 ./Drivers/STM32F1xx_HAL_Driver/stm32f1xx_hal_pcd.o
 .debug_info    0x000000000000c68d      0x70c ./Drivers/STM32F1xx_HAL_Driver/stm32f1xx_hal_pcd_ex.o
 .debug_info    0x000000000000cd99      0xa89 ./Drivers/STM32F1xx_HAL_Driver/stm32f1xx_hal_rcc.o
 .debug_info    0x000000000000d822      0x471 ./Drivers/STM32F1xx_HAL_Driver/stm32f1xx_hal_rcc_ex.o
 .debug_info    0x000000000000dc93     0x1fce ./Drivers/STM32F1xx_HAL_Driver/stm32f1xx_hal_spi.o
 .debug_info    0x000000000000fc61     0x17a9 ./Drivers/STM32F1xx_HAL_Driver/stm32f1xx_ll_usb.o
 .debug_info    0x000000000001140a      0xeae ./Middlewares/STM32_USBD_Library/Class/MSC/usbd_msc.o
 .debug_info    0x00000000000122b8      0xea7 ./Middlewares/STM32_USBD_Library/Class/MSC/usbd_msc_bot.o
 .debug_info    0x000000000001315f      0x127 ./Middlewares/STM32_USBD_Library/Class/MSC/usbd_msc_data.o
 .debug_info    0x0000000000013286     0x15b9 ./Middlewares/STM32_USBD_Library/Class/MSC/usbd_msc_scsi.o
 .debug_info    0x000000000001483f      0xe2e ./Middlewares/STM32_USBD_Library/Core/usbd_core.o
 .debug_info    0x000000000001566d      0xde6 ./Middlewares/STM32_USBD_Library/Core/usbd_ctlreq.o
 .debug_info    0x0000000000016453      0x82a ./Middlewares/STM32_USBD_Library/Core/usbd_ioreq.o
 .debug_info    0x0000000000016c7d      0x481 ./Middlewares/Third_party/FatFs/diskio.o
 .debug_info    0x00000000000170fe     0x5514 ./Middlewares/Third_party/FatFs/ff.o
 .debug_info    0x000000000001c612      0x4d7 ./Middlewares/Third_party/FatFs/ff_gen_drv.o
 .debug_info    0x000000000001cae9      0x1d9 ./Middlewares/Third_party/FatFs/unicode.o

.debug_abbrev   0x0000000000000000     0x555a
 .debug_abbrev  0x0000000000000000       0x12 ./Application/SW4STM32/startup_stm32f103rctx.o
 .debug_abbrev  0x0000000000000012      0x3fc ./Application/User/main.o
 .debug_abbrev  0x000000000000040e      0x1e6 ./Application/User/stm32f1xx_it.o
 .debug_abbrev  0x00000000000005f4       0xea ./Drivers/BSP/Components/crypto/crypto.o
 .debug_abbrev  0x00000000000006de      0x399 ./Drivers/BSP/Components/flash/norflash.o
 .debug_abbrev  0x0000000000000a77      0x154 ./Drivers/BSP/Components/flash/stmflash.o
 .debug_abbrev  0x0000000000000bcb      0x1df ./Drivers/BSP/Components/fs/norflash_diskio.o
 .debug_abbrev  0x0000000000000daa      0x260 ./Drivers/BSP/Components/spi/spi.o
 .debug_abbrev  0x000000000000100a      0x37b ./Drivers/BSP/Components/usb/usbd_conf.o
 .debug_abbrev  0x0000000000001385      0x28a ./Drivers/BSP/Components/usb/usbd_desc.o
 .debug_abbrev  0x000000000000160f      0x207 ./Drivers/BSP/Components/usb/usbd_storage.o
 .debug_abbrev  0x0000000000001816      0x141 ./Drivers/CMSIS/system_stm32f1xx.o
 .debug_abbrev  0x0000000000001957      0x28a ./Drivers/STM32F1xx_HAL_Driver/stm32f1xx_hal.o
 .debug_abbrev  0x0000000000001be1      0x352 ./Drivers/STM32F1xx_HAL_Driver/stm32f1xx_hal_cortex.o
 .debug_abbrev  0x0000000000001f33      0x253 ./Drivers/STM32F1xx_HAL_Driver/stm32f1xx_hal_dma.o
 .debug_abbrev  0x0000000000002186      0x30b ./Drivers/STM32F1xx_HAL_Driver/stm32f1xx_hal_flash.o
 .debug_abbrev  0x0000000000002491      0x2f6 ./Drivers/STM32F1xx_HAL_Driver/stm32f1xx_hal_flash_ex.o
 .debug_abbrev  0x0000000000002787      0x1e7 ./Drivers/STM32F1xx_HAL_Driver/stm32f1xx_hal_gpio.o
 .debug_abbrev  0x000000000000296e      0x38c ./Drivers/STM32F1xx_HAL_Driver/stm32f1xx_hal_pcd.o
 .debug_abbrev  0x0000000000002cfa      0x1c8 ./Drivers/STM32F1xx_HAL_Driver/stm32f1xx_hal_pcd_ex.o
 .debug_abbrev  0x0000000000002ec2      0x2f5 ./Drivers/STM32F1xx_HAL_Driver/stm32f1xx_hal_rcc.o
 .debug_abbrev  0x00000000000031b7      0x1e1 ./Drivers/STM32F1xx_HAL_Driver/stm32f1xx_hal_rcc_ex.o
 .debug_abbrev  0x0000000000003398      0x359 ./Drivers/STM32F1xx_HAL_Driver/stm32f1xx_hal_spi.o
 .debug_abbrev  0x00000000000036f1      0x2b2 ./Drivers/STM32F1xx_HAL_Driver/stm32f1xx_ll_usb.o
 .debug_abbrev  0x00000000000039a3      0x2cc ./Middlewares/STM32_USBD_Library/Class/MSC/usbd_msc.o
 .debug_abbrev  0x0000000000003c6f      0x38a ./Middlewares/STM32_USBD_Library/Class/MSC/usbd_msc_bot.o
 .debug_abbrev  0x0000000000003ff9       0x7a ./Middlewares/STM32_USBD_Library/Class/MSC/usbd_msc_data.o
 .debug_abbrev  0x0000000000004073      0x3eb ./Middlewares/STM32_USBD_Library/Class/MSC/usbd_msc_scsi.o
 .debug_abbrev  0x000000000000445e      0x300 ./Middlewares/STM32_USBD_Library/Core/usbd_core.o
 .debug_abbrev  0x000000000000475e      0x38e ./Middlewares/STM32_USBD_Library/Core/usbd_ctlreq.o
 .debug_abbrev  0x0000000000004aec      0x1ae ./Middlewares/STM32_USBD_Library/Core/usbd_ioreq.o
 .debug_abbrev  0x0000000000004c9a      0x1bb ./Middlewares/Third_party/FatFs/diskio.o
 .debug_abbrev  0x0000000000004e55      0x3fc ./Middlewares/Third_party/FatFs/ff.o
 .debug_abbrev  0x0000000000005251      0x227 ./Middlewares/Third_party/FatFs/ff_gen_drv.o
 .debug_abbrev  0x0000000000005478       0xe2 ./Middlewares/Third_party/FatFs/unicode.o

.debug_aranges  0x0000000000000000      0xff0
 .debug_aranges
                0x0000000000000000       0x28 ./Application/SW4STM32/startup_stm32f103rctx.o
 .debug_aranges
                0x0000000000000028       0x48 ./Application/User/main.o
 .debug_aranges
                0x0000000000000070       0x80 ./Application/User/stm32f1xx_it.o
 .debug_aranges
                0x00000000000000f0       0x28 ./Drivers/BSP/Components/crypto/crypto.o
 .debug_aranges
                0x0000000000000118       0x60 ./Drivers/BSP/Components/flash/norflash.o
 .debug_aranges
                0x0000000000000178       0x28 ./Drivers/BSP/Components/flash/stmflash.o
 .debug_aranges
                0x00000000000001a0       0x40 ./Drivers/BSP/Components/fs/norflash_diskio.o
 .debug_aranges
                0x00000000000001e0       0x40 ./Drivers/BSP/Components/spi/spi.o
 .debug_aranges
                0x0000000000000220      0x110 ./Drivers/BSP/Components/usb/usbd_conf.o
 .debug_aranges
                0x0000000000000330       0x58 ./Drivers/BSP/Components/usb/usbd_desc.o
 .debug_aranges
                0x0000000000000388       0x48 ./Drivers/BSP/Components/usb/usbd_storage.o
 .debug_aranges
                0x00000000000003d0       0x28 ./Drivers/CMSIS/system_stm32f1xx.o
 .debug_aranges
                0x00000000000003f8       0xd8 ./Drivers/STM32F1xx_HAL_Driver/stm32f1xx_hal.o
 .debug_aranges
                0x00000000000004d0       0x90 ./Drivers/STM32F1xx_HAL_Driver/stm32f1xx_hal_cortex.o
 .debug_aranges
                0x0000000000000560       0x78 ./Drivers/STM32F1xx_HAL_Driver/stm32f1xx_hal_dma.o
 .debug_aranges
                0x00000000000005d8       0x78 ./Drivers/STM32F1xx_HAL_Driver/stm32f1xx_hal_flash.o
 .debug_aranges
                0x0000000000000650       0x58 ./Drivers/STM32F1xx_HAL_Driver/stm32f1xx_hal_flash_ex.o
 .debug_aranges
                0x00000000000006a8       0x58 ./Drivers/STM32F1xx_HAL_Driver/stm32f1xx_hal_gpio.o
 .debug_aranges
                0x0000000000000700       0xc0 ./Drivers/STM32F1xx_HAL_Driver/stm32f1xx_hal_pcd.o
 .debug_aranges
                0x00000000000007c0       0x28 ./Drivers/STM32F1xx_HAL_Driver/stm32f1xx_hal_pcd_ex.o
 .debug_aranges
                0x00000000000007e8       0x88 ./Drivers/STM32F1xx_HAL_Driver/stm32f1xx_hal_rcc.o
 .debug_aranges
                0x0000000000000870       0x30 ./Drivers/STM32F1xx_HAL_Driver/stm32f1xx_hal_rcc_ex.o
 .debug_aranges
                0x00000000000008a0      0x1b0 ./Drivers/STM32F1xx_HAL_Driver/stm32f1xx_hal_spi.o
 .debug_aranges
                0x0000000000000a50       0xe0 ./Drivers/STM32F1xx_HAL_Driver/stm32f1xx_ll_usb.o
 .debug_aranges
                0x0000000000000b30       0x68 ./Middlewares/STM32_USBD_Library/Class/MSC/usbd_msc.o
 .debug_aranges
                0x0000000000000b98       0x58 ./Middlewares/STM32_USBD_Library/Class/MSC/usbd_msc_bot.o
 .debug_aranges
                0x0000000000000bf0       0x18 ./Middlewares/STM32_USBD_Library/Class/MSC/usbd_msc_data.o
 .debug_aranges
                0x0000000000000c08       0x30 ./Middlewares/STM32_USBD_Library/Class/MSC/usbd_msc_scsi.o
 .debug_aranges
                0x0000000000000c38       0xa8 ./Middlewares/STM32_USBD_Library/Core/usbd_core.o
 .debug_aranges
                0x0000000000000ce0       0x50 ./Middlewares/STM32_USBD_Library/Core/usbd_ctlreq.o
 .debug_aranges
                0x0000000000000d30       0x50 ./Middlewares/STM32_USBD_Library/Core/usbd_ioreq.o
 .debug_aranges
                0x0000000000000d80       0x48 ./Middlewares/Third_party/FatFs/diskio.o
 .debug_aranges
                0x0000000000000dc8      0x1c0 ./Middlewares/Third_party/FatFs/ff.o
 .debug_aranges
                0x0000000000000f88       0x40 ./Middlewares/Third_party/FatFs/ff_gen_drv.o
 .debug_aranges
                0x0000000000000fc8       0x28 ./Middlewares/Third_party/FatFs/unicode.o

.debug_str      0x0000000000000000    0x8390f
 .debug_str     0x0000000000000000       0x95 ./Application/SW4STM32/startup_stm32f103rctx.o
 .debug_str     0x0000000000000095    0x7dee0 ./Application/User/main.o
                                      0x7e44d (size before relaxing)
 .debug_str     0x000000000007df75      0x7ec ./Application/User/stm32f1xx_it.o
                                      0x7cc01 (size before relaxing)
 .debug_str     0x000000000007e761       0x58 ./Drivers/BSP/Components/crypto/crypto.o
                                      0x7c3da (size before relaxing)
 .debug_str     0x000000000007e7b9      0x80f ./Drivers/BSP/Components/flash/norflash.o
                                      0x7d482 (size before relaxing)
 .debug_str     0x000000000007efc8      0x128 ./Drivers/BSP/Components/flash/stmflash.o
                                      0x76e70 (size before relaxing)
 .debug_str     0x000000000007f0f0       0x9f ./Drivers/BSP/Components/fs/norflash_diskio.o
                                       0x4745 (size before relaxing)
 .debug_str     0x000000000007f18f      0x3ac ./Drivers/BSP/Components/spi/spi.o
                                      0x7d2aa (size before relaxing)
 .debug_str     0x000000000007f53b      0x497 ./Drivers/BSP/Components/usb/usbd_conf.o
                                      0x7cb54 (size before relaxing)
 .debug_str     0x000000000007f9d2      0x30d ./Drivers/BSP/Components/usb/usbd_desc.o
                                      0x7b77e (size before relaxing)
 .debug_str     0x000000000007fcdf      0x105 ./Drivers/BSP/Components/usb/usbd_storage.o
                                      0x7c04e (size before relaxing)
 .debug_str     0x000000000007fde4      0x104 ./Drivers/CMSIS/system_stm32f1xx.o
                                      0x76b78 (size before relaxing)
 .debug_str     0x000000000007fee8      0x43c ./Drivers/STM32F1xx_HAL_Driver/stm32f1xx_hal.o
                                      0x77301 (size before relaxing)
 .debug_str     0x0000000000080324      0x243 ./Drivers/STM32F1xx_HAL_Driver/stm32f1xx_hal_cortex.o
                                      0x7725a (size before relaxing)
 .debug_str     0x0000000000080567      0x219 ./Drivers/STM32F1xx_HAL_Driver/stm32f1xx_hal_dma.o
                                      0x76ea0 (size before relaxing)
 .debug_str     0x0000000000080780      0x268 ./Drivers/STM32F1xx_HAL_Driver/stm32f1xx_hal_flash.o
                                      0x76dd2 (size before relaxing)
 .debug_str     0x00000000000809e8      0x31b ./Drivers/STM32F1xx_HAL_Driver/stm32f1xx_hal_flash_ex.o
                                      0x76f80 (size before relaxing)
 .debug_str     0x0000000000080d03      0x2df ./Drivers/STM32F1xx_HAL_Driver/stm32f1xx_hal_gpio.o
                                      0x76e7d (size before relaxing)
 .debug_str     0x0000000000080fe2      0x2f9 ./Drivers/STM32F1xx_HAL_Driver/stm32f1xx_hal_pcd.o
                                      0x7731a (size before relaxing)
 .debug_str     0x00000000000812db      0x16b ./Drivers/STM32F1xx_HAL_Driver/stm32f1xx_hal_pcd_ex.o
                                      0x76f52 (size before relaxing)
 .debug_str     0x0000000000081446      0x270 ./Drivers/STM32F1xx_HAL_Driver/stm32f1xx_hal_rcc.o
                                      0x76f26 (size before relaxing)
 .debug_str     0x00000000000816b6       0xbc ./Drivers/STM32F1xx_HAL_Driver/stm32f1xx_hal_rcc_ex.o
                                      0x76cb4 (size before relaxing)
 .debug_str     0x0000000000081772      0x594 ./Drivers/STM32F1xx_HAL_Driver/stm32f1xx_hal_spi.o
                                      0x77492 (size before relaxing)
 .debug_str     0x0000000000081d06      0x19c ./Drivers/STM32F1xx_HAL_Driver/stm32f1xx_ll_usb.o
                                      0x76fbc (size before relaxing)
 .debug_str     0x0000000000081ea2      0x37d ./Middlewares/STM32_USBD_Library/Class/MSC/usbd_msc.o
                                      0x7c2d3 (size before relaxing)
 .debug_str     0x000000000008221f       0xc3 ./Middlewares/STM32_USBD_Library/Class/MSC/usbd_msc_bot.o
                                      0x7c1de (size before relaxing)
 .debug_str     0x00000000000822e2      0x10b ./Middlewares/STM32_USBD_Library/Class/MSC/usbd_msc_data.o
                                      0x7ab60 (size before relaxing)
 .debug_str     0x00000000000823ed      0x168 ./Middlewares/STM32_USBD_Library/Class/MSC/usbd_msc_scsi.o
                                      0x7c2e7 (size before relaxing)
 .debug_str     0x0000000000082555      0x149 ./Middlewares/STM32_USBD_Library/Core/usbd_core.o
                                      0x7b96c (size before relaxing)
 .debug_str     0x000000000008269e       0xd5 ./Middlewares/STM32_USBD_Library/Core/usbd_ctlreq.o
                                      0x7b886 (size before relaxing)
 .debug_str     0x0000000000082773       0x72 ./Middlewares/STM32_USBD_Library/Core/usbd_ioreq.o
                                      0x7b7b3 (size before relaxing)
 .debug_str     0x00000000000827e5       0x72 ./Middlewares/Third_party/FatFs/diskio.o
                                       0x42e0 (size before relaxing)
 .debug_str     0x0000000000082857      0xfd2 ./Middlewares/Third_party/FatFs/ff.o
                                       0x45f2 (size before relaxing)
 .debug_str     0x0000000000083829       0x8d ./Middlewares/Third_party/FatFs/ff_gen_drv.o
                                       0x4314 (size before relaxing)
 .debug_str     0x00000000000838b6       0x59 ./Middlewares/Third_party/FatFs/unicode.o
                                       0x31f0 (size before relaxing)

.debug_ranges   0x0000000000000000     0x1e28
 .debug_ranges  0x0000000000000000       0x20 ./Application/SW4STM32/startup_stm32f103rctx.o
 .debug_ranges  0x0000000000000020       0xb0 ./Application/User/main.o
 .debug_ranges  0x00000000000000d0       0x70 ./Application/User/stm32f1xx_it.o
 .debug_ranges  0x0000000000000140       0x18 ./Drivers/BSP/Components/crypto/crypto.o
 .debug_ranges  0x0000000000000158       0xd0 ./Drivers/BSP/Components/flash/norflash.o
 .debug_ranges  0x0000000000000228       0x38 ./Drivers/BSP/Components/flash/stmflash.o
 .debug_ranges  0x0000000000000260       0x30 ./Drivers/BSP/Components/fs/norflash_diskio.o
 .debug_ranges  0x0000000000000290      0x138 ./Drivers/BSP/Components/spi/spi.o
 .debug_ranges  0x00000000000003c8      0x180 ./Drivers/BSP/Components/usb/usbd_conf.o
 .debug_ranges  0x0000000000000548       0x90 ./Drivers/BSP/Components/usb/usbd_desc.o
 .debug_ranges  0x00000000000005d8       0x38 ./Drivers/BSP/Components/usb/usbd_storage.o
 .debug_ranges  0x0000000000000610       0x18 ./Drivers/CMSIS/system_stm32f1xx.o
 .debug_ranges  0x0000000000000628       0xc8 ./Drivers/STM32F1xx_HAL_Driver/stm32f1xx_hal.o
 .debug_ranges  0x00000000000006f0      0x148 ./Drivers/STM32F1xx_HAL_Driver/stm32f1xx_hal_cortex.o
 .debug_ranges  0x0000000000000838       0x98 ./Drivers/STM32F1xx_HAL_Driver/stm32f1xx_hal_dma.o
 .debug_ranges  0x00000000000008d0       0xc0 ./Drivers/STM32F1xx_HAL_Driver/stm32f1xx_hal_flash.o
 .debug_ranges  0x0000000000000990      0x118 ./Drivers/STM32F1xx_HAL_Driver/stm32f1xx_hal_flash_ex.o
 .debug_ranges  0x0000000000000aa8       0x68 ./Drivers/STM32F1xx_HAL_Driver/stm32f1xx_hal_gpio.o
 .debug_ranges  0x0000000000000b10      0x170 ./Drivers/STM32F1xx_HAL_Driver/stm32f1xx_hal_pcd.o
 .debug_ranges  0x0000000000000c80       0x18 ./Drivers/STM32F1xx_HAL_Driver/stm32f1xx_hal_pcd_ex.o
 .debug_ranges  0x0000000000000c98       0xc0 ./Drivers/STM32F1xx_HAL_Driver/stm32f1xx_hal_rcc.o
 .debug_ranges  0x0000000000000d58       0x58 ./Drivers/STM32F1xx_HAL_Driver/stm32f1xx_hal_rcc_ex.o
 .debug_ranges  0x0000000000000db0      0x1e8 ./Drivers/STM32F1xx_HAL_Driver/stm32f1xx_hal_spi.o
 .debug_ranges  0x0000000000000f98      0x3e0 ./Drivers/STM32F1xx_HAL_Driver/stm32f1xx_ll_usb.o
 .debug_ranges  0x0000000000001378       0x58 ./Middlewares/STM32_USBD_Library/Class/MSC/usbd_msc.o
 .debug_ranges  0x00000000000013d0       0x88 ./Middlewares/STM32_USBD_Library/Class/MSC/usbd_msc_bot.o
 .debug_ranges  0x0000000000001458      0x170 ./Middlewares/STM32_USBD_Library/Class/MSC/usbd_msc_scsi.o
 .debug_ranges  0x00000000000015c8       0x98 ./Middlewares/STM32_USBD_Library/Core/usbd_core.o
 .debug_ranges  0x0000000000001660       0xc0 ./Middlewares/STM32_USBD_Library/Core/usbd_ctlreq.o
 .debug_ranges  0x0000000000001720       0x40 ./Middlewares/STM32_USBD_Library/Core/usbd_ioreq.o
 .debug_ranges  0x0000000000001760       0x38 ./Middlewares/Third_party/FatFs/diskio.o
 .debug_ranges  0x0000000000001798      0x648 ./Middlewares/Third_party/FatFs/ff.o