Archive member included to satisfy reference by file (symbol)

c:/st/stm32cubeide_1.12.1/stm32cubeide/plugins/com.st.stm32cube.ide.mcu.externaltools.gnu-tools-for-stm32.10.3-2021.10.win32_1.0.200.202301161003/tools/bin/../lib/gcc/arm-none-eabi/10.3.1/../../../../arm-none-eabi/lib/thumb/v7-m/nofp\libc_nano.a(lib_a-exit.o)
                              c:/st/stm32cubeide_1.12.1/stm32cubeide/plugins/com.st.stm32cube.ide.mcu.externaltools.gnu-tools-for-stm32.10.3-2021.10.win32_1.0.200.202301161003/tools/bin/../lib/gcc/arm-none-eabi/10.3.1/../../../../arm-none-eabi/lib/thumb/v7-m/nofp/crt0.o (exit)
c:/st/stm32cubeide_1.12.1/stm32cubeide/plugins/com.st.stm32cube.ide.mcu.externaltools.gnu-tools-for-stm32.10.3-2021.10.win32_1.0.200.202301161003/tools/bin/../lib/gcc/arm-none-eabi/10.3.1/../../../../arm-none-eabi/lib/thumb/v7-m/nofp\libc_nano.a(lib_a-impure.o)
                              c:/st/stm32cubeide_1.12.1/stm32cubeide/plugins/com.st.stm32cube.ide.mcu.externaltools.gnu-tools-for-stm32.10.3-2021.10.win32_1.0.200.202301161003/tools/bin/../lib/gcc/arm-none-eabi/10.3.1/../../../../arm-none-eabi/lib/thumb/v7-m/nofp\libc_nano.a(lib_a-exit.o) (_global_impure_ptr)
c:/st/stm32cubeide_1.12.1/stm32cubeide/plugins/com.st.stm32cube.ide.mcu.externaltools.gnu-tools-for-stm32.10.3-2021.10.win32_1.0.200.202301161003/tools/bin/../lib/gcc/arm-none-eabi/10.3.1/../../../../arm-none-eabi/lib/thumb/v7-m/nofp\libc_nano.a(lib_a-init.o)
                              c:/st/stm32cubeide_1.12.1/stm32cubeide/plugins/com.st.stm32cube.ide.mcu.externaltools.gnu-tools-for-stm32.10.3-2021.10.win32_1.0.200.202301161003/tools/bin/../lib/gcc/arm-none-eabi/10.3.1/../../../../arm-none-eabi/lib/thumb/v7-m/nofp/crt0.o (__libc_init_array)
c:/st/stm32cubeide_1.12.1/stm32cubeide/plugins/com.st.stm32cube.ide.mcu.externaltools.gnu-tools-for-stm32.10.3-2021.10.win32_1.0.200.202301161003/tools/bin/../lib/gcc/arm-none-eabi/10.3.1/../../../../arm-none-eabi/lib/thumb/v7-m/nofp\libc_nano.a(lib_a-memset.o)
                              c:/st/stm32cubeide_1.12.1/stm32cubeide/plugins/com.st.stm32cube.ide.mcu.externaltools.gnu-tools-for-stm32.10.3-2021.10.win32_1.0.200.202301161003/tools/bin/../lib/gcc/arm-none-eabi/10.3.1/../../../../arm-none-eabi/lib/thumb/v7-m/nofp/crt0.o (memset)
c:/st/stm32cubeide_1.12.1/stm32cubeide/plugins/com.st.stm32cube.ide.mcu.externaltools.gnu-tools-for-stm32.10.3-2021.10.win32_1.0.200.202301161003/tools/bin/../lib/gcc/arm-none-eabi/10.3.1/../../../../arm-none-eabi/lib/thumb/v7-m/nofp\libnosys.a(_exit.o)
                              c:/st/stm32cubeide_1.12.1/stm32cubeide/plugins/com.st.stm32cube.ide.mcu.externaltools.gnu-tools-for-stm32.10.3-2021.10.win32_1.0.200.202301161003/tools/bin/../lib/gcc/arm-none-eabi/10.3.1/../../../../arm-none-eabi/lib/thumb/v7-m/nofp\libc_nano.a(lib_a-exit.o) (_exit)

Discarded input sections

 .text          0x0000000000000000        0x0 c:/st/stm32cubeide_1.12.1/stm32cubeide/plugins/com.st.stm32cube.ide.mcu.externaltools.gnu-tools-for-stm32.10.3-2021.10.win32_1.0.200.202301161003/tools/bin/../lib/gcc/arm-none-eabi/10.3.1/thumb/v7-m/nofp/crti.o
 .data          0x0000000000000000        0x0 c:/st/stm32cubeide_1.12.1/stm32cubeide/plugins/com.st.stm32cube.ide.mcu.externaltools.gnu-tools-for-stm32.10.3-2021.10.win32_1.0.200.202301161003/tools/bin/../lib/gcc/arm-none-eabi/10.3.1/thumb/v7-m/nofp/crti.o
 .bss           0x0000000000000000        0x0 c:/st/stm32cubeide_1.12.1/stm32cubeide/plugins/com.st.stm32cube.ide.mcu.externaltools.gnu-tools-for-stm32.10.3-2021.10.win32_1.0.200.202301161003/tools/bin/../lib/gcc/arm-none-eabi/10.3.1/thumb/v7-m/nofp/crti.o
 .data          0x0000000000000000        0x4 c:/st/stm32cubeide_1.12.1/stm32cubeide/plugins/com.st.stm32cube.ide.mcu.externaltools.gnu-tools-for-stm32.10.3-2021.10.win32_1.0.200.202301161003/tools/bin/../lib/gcc/arm-none-eabi/10.3.1/thumb/v7-m/nofp/crtbegin.o
 .rodata        0x0000000000000000       0x24 c:/st/stm32cubeide_1.12.1/stm32cubeide/plugins/com.st.stm32cube.ide.mcu.externaltools.gnu-tools-for-stm32.10.3-2021.10.win32_1.0.200.202301161003/tools/bin/../lib/gcc/arm-none-eabi/10.3.1/thumb/v7-m/nofp/crtbegin.o
 .text          0x0000000000000000       0x7c c:/st/stm32cubeide_1.12.1/stm32cubeide/plugins/com.st.stm32cube.ide.mcu.externaltools.gnu-tools-for-stm32.10.3-2021.10.win32_1.0.200.202301161003/tools/bin/../lib/gcc/arm-none-eabi/10.3.1/../../../../arm-none-eabi/lib/thumb/v7-m/nofp/crt0.o
 .data          0x0000000000000000        0x0 c:/st/stm32cubeide_1.12.1/stm32cubeide/plugins/com.st.stm32cube.ide.mcu.externaltools.gnu-tools-for-stm32.10.3-2021.10.win32_1.0.200.202301161003/tools/bin/../lib/gcc/arm-none-eabi/10.3.1/../../../../arm-none-eabi/lib/thumb/v7-m/nofp/crt0.o
 .bss           0x0000000000000000        0x0 c:/st/stm32cubeide_1.12.1/stm32cubeide/plugins/com.st.stm32cube.ide.mcu.externaltools.gnu-tools-for-stm32.10.3-2021.10.win32_1.0.200.202301161003/tools/bin/../lib/gcc/arm-none-eabi/10.3.1/../../../../arm-none-eabi/lib/thumb/v7-m/nofp/crt0.o
[...]
Memory Configuration

Name             Origin             Length             Attributes
RAM              0x0000000020000000 0x000000000000c000 xrw
FLASH            0x0000000008000000 0x000000000000a000 xr
*default*        0x0000000000000000 0xffffffffffffffff

Linker script and memory map

LOAD c:/st/stm32cubeide_1.12.1/stm32cubeide/plugins/com.st.stm32cube.ide.mcu.externaltools.gnu-tools-for-stm32.10.3-2021.10.win32_1.0.200.202301161003/tools/bin/../lib/gcc/arm-none-eabi/10.3.1/thumb/v7-m/nofp/crti.o
LOAD c:/st/stm32cubeide_1.12.1/stm32cubeide/plugins/com.st.stm32cube.ide.mcu.externaltools.gnu-tools-for-stm32.10.3-2021.10.win32_1.0.200.202301161003/tools/bin/../lib/gcc/arm-none-eabi/10.3.1/thumb/v7-m/nofp/crtbegin.o
LOAD c:/st/stm32cubeide_1.12.1/stm32cubeide/plugins/com.st.stm32cube.ide.mcu.externaltools.gnu-tools-for-stm32.10.3-2021.10.win32_1.0.200.202301161003/tools/bin/../lib/gcc/arm-none-eabi/10.3.1/../../../../arm-none-eabi/lib/thumb/v7-m/nofp/crt0.o
LOAD ./Application/SW4STM32/startup_stm32f103rctx.o
LOAD ./Application/User/main.o
LOAD ./Application/User/stm32f1xx_it.o
LOAD ./Drivers/BSP/Components/crypto/crypto.o
LOAD ./Drivers/BSP/Components/flash/norflash.o
LOAD ./Drivers/BSP/Components/flash/stmflash.o
LOAD ./Drivers/BSP/Components/fs/norflash_diskio.o
LOAD ./Drivers/BSP/Components/spi/spi.o
LOAD ./Drivers/BSP/Components/uart/uart.o
LOAD ./Drivers/BSP/Components/ulog/ulog.o
LOAD ./Drivers/BSP/Components/usb/usbd_conf.o
LOAD ./Drivers/BSP/Components/usb/usbd_desc.o
LOAD ./Drivers/BSP/Components/usb/usbd_storage.o
LOAD ./Drivers/CMSIS/system_stm32f1xx.o
LOAD ./Drivers/STM32F1xx_HAL_Driver/stm32f1xx_hal.o
LOAD ./Drivers/STM32F1xx_HAL_Driver/stm32f1xx_hal_cortex.o
LOAD ./Drivers/STM32F1xx_HAL_Driver/stm32f1xx_hal_dma.o
LOAD ./Drivers/STM32F1xx_HAL_Driver/stm32f1xx_hal_flash.o
LOAD ./Drivers/STM32F1xx_HAL_Driver/stm32f1xx_hal_flash_ex.o
LOAD ./Drivers/STM32F1xx_HAL_Driver/stm32f1xx_hal_gpio.o
LOAD ./Drivers/STM32F1xx_HAL_Driver/stm32f1xx_hal_pcd.o
LOAD ./Drivers/STM32F1xx_HAL_Driver/stm32f1xx_hal_pcd_ex.o
LOAD ./Drivers/STM32F1xx_HAL_Driver/stm32f1xx_hal_rcc.o
LOAD ./Drivers/STM32F1xx_HAL_Driver/stm32f1xx_hal_rcc_ex.o
LOAD ./Drivers/STM32F1xx_HAL_Driver/stm32f1xx_hal_spi.o
LOAD ./Drivers/STM32F1xx_HAL_Driver/stm32f1xx_hal_uart.o
LOAD ./Drivers/STM32F1xx_HAL_Driver/stm32f1xx_ll_usb.o
LOAD ./Middlewares/STM32_USBD_Library/Class/MSC/usbd_msc.o
LOAD ./Middlewares/STM32_USBD_Library/Class/MSC/usbd_msc_bot.o
LOAD ./Middlewares/STM32_USBD_Library/Class/MSC/usbd_msc_data.o
LOAD ./Middlewares/STM32_USBD_Library/Class/MSC/usbd_msc_scsi.o
LOAD ./Middlewares/STM32_USBD_Library/Core/usbd_core.o
LOAD ./Middlewares/STM32_USBD_Library/Core/usbd_ctlreq.o
LOAD ./Middlewares/STM32_USBD_Library/Core/usbd_ioreq.o
LOAD ./Middlewares/Third_party/FatFs/diskio.o
LOAD ./Middlewares/Third_party/FatFs/ff.o
LOAD ./Middlewares/Third_party/FatFs/ff_gen_drv.o
LOAD ./Middlewares/Third_party/FatFs/unicode.o
START GROUP
LOAD c:/st/stm32cubeide_1.12.1/stm32cubeide/plugins/com.st.stm32cube.ide.mcu.externaltools.gnu-tools-for-stm32.10.3-2021.10.win32_1.0.200.202301161003/tools/bin/../lib/gcc/arm-none-eabi/10.3.1/../../../../arm-none-eabi/lib/thumb/v7-m/nofp\libc_nano.a
LOAD c:/st/stm32cubeide_1.12.1/stm32cubeide/plugins/com.st.stm32cube.ide.mcu.externaltools.gnu-tools-for-stm32.10.3-2021.10.win32_1.0.200.202301161003/tools/bin/../lib/gcc/arm-none-eabi/10.3.1/../../../../arm-none-eabi/lib/thumb/v7-m/nofp\libm.a
END GROUP
START GROUP
LOAD c:/st/stm32cubeide_1.12.1/stm32cubeide/plugins/com.st.stm32cube.ide.mcu.externaltools.gnu-tools-for-stm32.10.3-2021.10.win32_1.0.200.202301161003/tools/bin/../lib/gcc/arm-none-eabi/10.3.1/thumb/v7-m/nofp\libgcc.a
LOAD c:/st/stm32cubeide_1.12.1/stm32cubeide/plugins/com.st.stm32cube.ide.mcu.externaltools.gnu-tools-for-stm32.10.3-2021.10.win32_1.0.200.202301161003/tools/bin/../lib/gcc/arm-none-eabi/10.3.1/../../../../arm-none-eabi/lib/thumb/v7-m/nofp\libc_nano.a
END GROUP
START GROUP
LOAD c:/st/stm32cubeide_1.12.1/stm32cubeide/plugins/com.st.stm32cube.ide.mcu.externaltools.gnu-tools-for-stm32.10.3-2021.10.win32_1.0.200.202301161003/tools/bin/../lib/gcc/arm-none-eabi/10.3.1/thumb/v7-m/nofp\libgcc.a
LOAD c:/st/stm32cubeide_1.12.1/stm32cubeide/plugins/com.st.stm32cube.ide.mcu.externaltools.gnu-tools-for-stm32.10.3-2021.10.win32_1.0.200.202301161003/tools/bin/../lib/gcc/arm-none-eabi/10.3.1/../../../../arm-none-eabi/lib/thumb/v7-m/nofp\libc_nano.a
LOAD c:/st/stm32cubeide_1.12.1/stm32cubeide/plugins/com.st.stm32cube.ide.mcu.externaltools.gnu-tools-for-stm32.10.3-2021.10.win32_1.0.200.202301161003/tools/bin/../lib/gcc/arm-none-eabi/10.3.1/../../../../arm-none-eabi/lib/thumb/v7-m/nofp\libnosys.a
END GROUP
START GROUP
LOAD c:/st/stm32cubeide_1.12.1/stm32cubeide/plugins/com.st.stm32cube.ide.mcu.externaltools.gnu-tools-for-stm32.10.3-2021.10.win32_1.0.200.202301161003/tools/bin/../lib/gcc/arm-none-eabi/10.3.1/thumb/v7-m/nofp\libgcc.a
LOAD c:/st/stm32cubeide_1.12.1/stm32cubeide/plugins/com.st.stm32cube.ide.mcu.externaltools.gnu-tools-for-stm32.10.3-2021.10.win32_1.0.200.202301161003/tools/bin/../lib/gcc/arm-none-eabi/10.3.1/../../../../arm-none-eabi/lib/thumb/v7-m/nofp\libc_nano.a
LOAD c:/st/stm32cubeide_1.12.1/stm32cubeide/plugins/com.st.stm32cube.ide.mcu.externaltools.gnu-tools-for-stm32.10.3-2021.10.win32_1.0.200.202301161003/tools/bin/../lib/gcc/arm-none-eabi/10.3.1/../../../../arm-none-eabi/lib/thumb/v7-m/nofp\libnosys.a
END GROUP
LOAD c:/st/stm32cubeide_1.12.1/stm32cubeide/plugins/com.st.stm32cube.ide.mcu.externaltools.gnu-tools-for-stm32.10.3-2021.10.win32_1.0.200.202301161003/tools/bin/../lib/gcc/arm-none-eabi/10.3.1/thumb/v7-m/nofp/crtend.o
LOAD c:/st/stm32cubeide_1.12.1/stm32cubeide/plugins/com.st.stm32cube.ide.mcu.externaltools.gnu-tools-for-stm32.10.3-2021.10.win32_1.0.200.202301161003/tools/bin/../lib/gcc/arm-none-eabi/10.3.1/thumb/v7-m/nofp/crtn.o
                0x000000002000c000                _estack = (ORIGIN (RAM) + LENGTH (RAM))
                0x0000000000000100                _Min_Heap_Size = 0x100
                0x0000000000002000                _Min_Stack_Size = 0x2000

.isr_vector     0x0000000008000000      0x1e4
                0x0000000008000000                . = ALIGN (0x4)
 *(.isr_vector)
 .isr_vector    0x0000000008000000      0x1e4 ./Application/SW4STM32/startup_stm32f103rctx.o
                0x0000000008000000                g_pfnVectors
                0x00000000080001e4                . = ALIGN (0x4)

.text           0x00000000080001e4     0x630c
                0x00000000080001e4                . = ALIGN (0x4)
 *(.text)
 .text          0x00000000080001e4       0x40 c:/st/stm32cubeide_1.12.1/stm32cubeide/plugins/com.st.stm32cube.ide.mcu.externaltools.gnu-tools-for-stm32.10.3-2021.10.win32_1.0.200.202301161003/tools/bin/../lib/gcc/arm-none-eabi/10.3.1/thumb/v7-m/nofp/crtbegin.o
 *(.text*)
 .text.Reset_Handler
                0x0000000008000224       0x48 ./Application/SW4STM32/startup_stm32f103rctx.o
                0x0000000008000224                Reset_Handler
 .text.Default_Handler
                0x000000000800026c        0x2 ./Application/SW4STM32/startup_stm32f103rctx.o
                0x000000000800026c                RTC_Alarm_IRQHandler
                0x000000000800026c                EXTI2_IRQHandler
                0x000000000800026c                TIM8_TRG_COM_IRQHandler
                0x000000000800026c                TIM8_CC_IRQHandler
                0x000000000800026c                TIM1_CC_IRQHandler
                0x000000000800026c                TIM6_IRQHandler
                0x000000000800026c                PVD_IRQHandler
                0x000000000800026c                SDIO_IRQHandler
                0x000000000800026c                EXTI3_IRQHandler
                0x000000000800026c                EXTI0_IRQHandler
                0x000000000800026c                I2C2_EV_IRQHandler
                0x000000000800026c                ADC1_2_IRQHandler
                0x000000000800026c                SPI1_IRQHandler
                0x000000000800026c                TAMPER_IRQHandler
                0x000000000800026c                TIM8_UP_IRQHandler
                0x000000000800026c                USART3_IRQHandler
                0x000000000800026c                RTC_IRQHandler
                0x000000000800026c                DMA1_Channel7_IRQHandler
                0x000000000800026c                CAN1_RX1_IRQHandler
                0x000000000800026c                UART5_IRQHandler
                0x000000000800026c                ADC3_IRQHandler
                0x000000000800026c                TIM4_IRQHandler
                0x000000000800026c                I2C1_EV_IRQHandler
                0x000000000800026c                DMA1_Channel6_IRQHandler
                0x000000000800026c                UART4_IRQHandler
                0x000000000800026c                TIM3_IRQHandler
                0x000000000800026c                RCC_IRQHandler
                0x000000000800026c                TIM1_TRG_COM_IRQHandler
                0x000000000800026c                DMA1_Channel1_IRQHandler
                0x000000000800026c                Default_Handler
                0x000000000800026c                TIM7_IRQHandler
                0x000000000800026c                TIM5_IRQHandler
                0x000000000800026c                EXTI9_5_IRQHandler
                0x000000000800026c                SPI2_IRQHandler
                0x000000000800026c                EXTI4_IRQHandler
                0x000000000800026c                USB_HP_CAN1_TX_IRQHandler
                0x000000000800026c                FSMC_IRQHandler
                0x000000000800026c                TIM1_UP_IRQHandler
                0x000000000800026c                WWDG_IRQHandler
                0x000000000800026c                TIM2_IRQHandler
                0x000000000800026c                TIM1_BRK_IRQHandler
                0x000000000800026c                EXTI1_IRQHandler
                0x000000000800026c                DMA2_Channel4_5_IRQHandler
                0x000000000800026c                USART2_IRQHandler
                0x000000000800026c                I2C2_ER_IRQHandler
                0x000000000800026c                TIM8_BRK_IRQHandler
                0x000000000800026c                CAN1_SCE_IRQHandler
                0x000000000800026c                FLASH_IRQHandler
                0x000000000800026c                USART1_IRQHandler
                0x000000000800026c                SPI3_IRQHandler
                0x000000000800026c                I2C1_ER_IRQHandler
                0x000000000800026c                USBWakeUp_IRQHandler
                0x000000000800026c                DMA2_Channel3_IRQHandler
 *fill*         0x000000000800026e        0x2 
 .text.firmware_upgrade.constprop.0
                0x0000000008000270      0x140 ./Application/User/main.o
 .text.board_init
                0x00000000080003b0       0x90 ./Application/User/main.o
                0x00000000080003b0                board_init
 .text.jump_to_app
                0x0000000008000440       0x1a ./Application/User/main.o
                0x0000000008000440                jump_to_app
 .text.SystemClock_Config
                0x000000000800045a       0x72 ./Application/User/main.o
                0x000000000800045a                SystemClock_Config
 .text.startup.main
                0x00000000080004cc       0xdc ./Application/User/main.o
                0x00000000080004cc                main
 .text.Error_Handler
                0x00000000080005a8        0x2 ./Application/User/main.o
                0x00000000080005a8                Error_Handler
 .text.NMI_Handler
                0x00000000080005aa        0x2 ./Application/User/stm32f1xx_it.o
                0x00000000080005aa                NMI_Handler
 .text.HardFault_Handler
                0x00000000080005ac        0x2 ./Application/User/stm32f1xx_it.o
                0x00000000080005ac                HardFault_Handler
 .text.MemManage_Handler
                0x00000000080005ae        0x2 ./Application/User/stm32f1xx_it.o
                0x00000000080005ae                MemManage_Handler
 .text.BusFault_Handler
                0x00000000080005b0        0x2 ./Application/User/stm32f1xx_it.o
                0x00000000080005b0                BusFault_Handler
 .text.UsageFault_Handler
                0x00000000080005b2        0x2 ./Application/User/stm32f1xx_it.o
                0x00000000080005b2                UsageFault_Handler
 .text.SVC_Handler
                0x00000000080005b4        0x2 ./Application/User/stm32f1xx_it.o
                0x00000000080005b4                SVC_Handler
 .text.DebugMon_Handler
                0x00000000080005b6        0x2 ./Application/User/stm32f1xx_it.o
                0x00000000080005b6                DebugMon_Handler
 .text.PendSV_Handler
                0x00000000080005b8        0x2 ./Application/User/stm32f1xx_it.o
                0x00000000080005b8                PendSV_Handler
 .text.SysTick_Handler
                0x00000000080005ba        0x4 ./Application/User/stm32f1xx_it.o
                0x00000000080005ba                SysTick_Handler
 *fill*         0x00000000080005be        0x2 
 .text.USB_LP_CAN1_RX0_IRQHandler
                0x00000000080005c0        0xc ./Application/User/stm32f1xx_it.o
                0x00000000080005c0                USB_LP_CAN1_RX0_IRQHandler
 .text.DMA1_Channel2_IRQHandler
                0x00000000080005cc        0xc ./Application/User/stm32f1xx_it.o
                0x00000000080005cc                DMA1_Channel2_IRQHandler
 .text.DMA1_Channel3_IRQHandler
                0x00000000080005d8        0xc ./Application/User/stm32f1xx_it.o
                0x00000000080005d8                DMA1_Channel3_IRQHandler
 .text.DMA1_Channel4_IRQHandler
                0x00000000080005e4        0xc ./Application/User/stm32f1xx_it.o
                0x00000000080005e4                DMA1_Channel4_IRQHandler
 .text.DMA1_Channel5_IRQHandler
                0x00000000080005f0        0xc ./Application/User/stm32f1xx_it.o
                0x00000000080005f0                DMA1_Channel5_IRQHandler
 .text.DMA2_Channel1_IRQHandler
                0x00000000080005fc        0xc ./Application/User/stm32f1xx_it.o
                0x00000000080005fc                DMA2_Channel1_IRQHandler
 .text.DMA2_Channel2_IRQHandler
                0x0000000008000608        0xc ./Application/User/stm32f1xx_it.o
                0x0000000008000608                DMA2_Channel2_IRQHandler
 .text.EXTI15_10_IRQHandler
                0x0000000008000614        0x2 ./Application/User/stm32f1xx_it.o
                0x0000000008000614                EXTI15_10_IRQHandler
 *fill*         0x0000000008000616        0x2 
 .text.crypto_crc32_calc
                0x0000000008000618       0x24 ./Drivers/BSP/Components/crypto/crypto.o
                0x0000000008000618                crypto_crc32_calc
 .text.norflash_write_enable
                0x000000000800063c       0x3c ./Drivers/BSP/Components/flash/norflash.o
 .text.norflash_wait_busy
                0x0000000008000678       0x5c ./Drivers/BSP/Components/flash/norflash.o
 .text.norflash_sector_erase
                0x00000000080006d4       0x5c ./Drivers/BSP/Components/flash/norflash.o
 .text.norflash_page_write.part.0
                0x0000000008000730       0x68 ./Drivers/BSP/Components/flash/norflash.o
 .text.norflash_write_nocheck
                0x0000000008000798       0x42 ./Drivers/BSP/Components/flash/norflash.o
 *fill*         0x00000000080007da        0x2 
 .text.norflash_read
                0x00000000080007dc       0x68 ./Drivers/BSP/Components/flash/norflash.o
                0x00000000080007dc                norflash_read
 .text.norflash_write
                0x0000000008000844       0xb0 ./Drivers/BSP/Components/flash/norflash.o
                0x0000000008000844                norflash_write
 .text.norflash_init
                0x00000000080008f4       0xb0 ./Drivers/BSP/Components/flash/norflash.o
                0x00000000080008f4                norflash_init
 .text.stmflash_write
                0x00000000080009a4       0x74 ./Drivers/BSP/Components/flash/stmflash.o
                0x00000000080009a4                stmflash_write
 .text.stmflash_erase
                0x0000000008000a18       0x44 ./Drivers/BSP/Components/flash/stmflash.o
                0x0000000008000a18                stmflash_erase
 .text.FLASHDISK_initialize
                0x0000000008000a5c       0x18 ./Drivers/BSP/Components/fs/norflash_diskio.o
                0x0000000008000a5c                FLASHDISK_initialize
 .text.FLASHDISK_status
                0x0000000008000a74        0xc ./Drivers/BSP/Components/fs/norflash_diskio.o
                0x0000000008000a74                FLASHDISK_status
 .text.FLASHDISK_ioctl
                0x0000000008000a80       0x40 ./Drivers/BSP/Components/fs/norflash_diskio.o
                0x0000000008000a80                FLASHDISK_ioctl
 .text.FLASHDISK_read
                0x0000000008000ac0       0x12 ./Drivers/BSP/Components/fs/norflash_diskio.o
                0x0000000008000ac0                FLASHDISK_read
 .text.FLASHDISK_write
                0x0000000008000ad2       0x12 ./Drivers/BSP/Components/fs/norflash_diskio.o
                0x0000000008000ad2                FLASHDISK_write
 .text.spi2_init
                0x0000000008000ae4       0x54 ./Drivers/BSP/Components/spi/spi.o
                0x0000000008000ae4                spi2_init
 .text.HAL_SPI_MspInit
                0x0000000008000b38      0x33c ./Drivers/BSP/Components/spi/spi.o
                0x0000000008000b38                HAL_SPI_MspInit
 .text.usbd_port_config
                0x0000000008000e74       0xa0 ./Drivers/BSP/Components/usb/usbd_conf.o
                0x0000000008000e74                usbd_port_config
 .text.HAL_PCD_MspInit
                0x0000000008000f14       0x60 ./Drivers/BSP/Components/usb/usbd_conf.o
                0x0000000008000f14                HAL_PCD_MspInit
 .text.HAL_PCD_SetupStageCallback
                0x0000000008000f74        0xc ./Drivers/BSP/Components/usb/usbd_conf.o
                0x0000000008000f74                HAL_PCD_SetupStageCallback
 .text.HAL_PCD_DataOutStageCallback
                0x0000000008000f80       0x10 ./Drivers/BSP/Components/usb/usbd_conf.o
                0x0000000008000f80                HAL_PCD_DataOutStageCallback
 .text.HAL_PCD_DataInStageCallback
                0x0000000008000f90        0xe ./Drivers/BSP/Components/usb/usbd_conf.o
                0x0000000008000f90                HAL_PCD_DataInStageCallback
 .text.HAL_PCD_SOFCallback
                0x0000000008000f9e        0x8 ./Drivers/BSP/Components/usb/usbd_conf.o
                0x0000000008000f9e                HAL_PCD_SOFCallback
 .text.HAL_PCD_ResetCallback
                0x0000000008000fa6       0x1a ./Drivers/BSP/Components/usb/usbd_conf.o
                0x0000000008000fa6                HAL_PCD_ResetCallback
 .text.HAL_PCD_SuspendCallback
                0x0000000008000fc0       0x14 ./Drivers/BSP/Components/usb/usbd_conf.o
                0x0000000008000fc0                HAL_PCD_SuspendCallback
 .text.HAL_PCD_ResumeCallback
                0x0000000008000fd4        0x8 ./Drivers/BSP/Components/usb/usbd_conf.o
                0x0000000008000fd4                HAL_PCD_ResumeCallback
 .text.USBD_LL_Init
                0x0000000008000fdc       0x68 ./Drivers/BSP/Components/usb/usbd_conf.o
                0x0000000008000fdc                USBD_LL_Init
 .text.USBD_LL_Start
                0x0000000008001044        0xe ./Drivers/BSP/Components/usb/usbd_conf.o
                0x0000000008001044                USBD_LL_Start
 .text.USBD_LL_OpenEP
                0x0000000008001052       0x14 ./Drivers/BSP/Components/usb/usbd_conf.o
                0x0000000008001052                USBD_LL_OpenEP
 .text.USBD_LL_CloseEP
                0x0000000008001066        0xe ./Drivers/BSP/Components/usb/usbd_conf.o
                0x0000000008001066                USBD_LL_CloseEP
 .text.USBD_LL_FlushEP
                0x0000000008001074        0xe ./Drivers/BSP/Components/usb/usbd_conf.o
                0x0000000008001074                USBD_LL_FlushEP
 .text.USBD_LL_StallEP
                0x0000000008001082        0xe ./Drivers/BSP/Components/usb/usbd_conf.o
                0x0000000008001082                USBD_LL_StallEP
 .text.USBD_LL_ClearStallEP
                0x0000000008001090        0xe ./Drivers/BSP/Components/usb/usbd_conf.o
                0x0000000008001090                USBD_LL_ClearStallEP
 .text.USBD_LL_IsStallEP
                0x000000000800109e       0x20 ./Drivers/BSP/Components/usb/usbd_conf.o
                0x000000000800109e                USBD_LL_IsStallEP
 .text.USBD_LL_SetUSBAddress
                0x00000000080010be        0xe ./Drivers/BSP/Components/usb/usbd_conf.o
                0x00000000080010be                USBD_LL_SetUSBAddress
 .text.USBD_LL_Transmit
                0x00000000080010cc        0xe ./Drivers/BSP/Components/usb/usbd_conf.o
                0x00000000080010cc                USBD_LL_Transmit
 .text.USBD_LL_PrepareReceive
                0x00000000080010da        0xe ./Drivers/BSP/Components/usb/usbd_conf.o
                0x00000000080010da                USBD_LL_PrepareReceive
 .text.USBD_LL_GetRxDataSize
                0x00000000080010e8        0x8 ./Drivers/BSP/Components/usb/usbd_conf.o
                0x00000000080010e8                USBD_LL_GetRxDataSize
 .text.USBD_static_malloc
                0x00000000080010f0        0x8 ./Drivers/BSP/Components/usb/usbd_conf.o
                0x00000000080010f0                USBD_static_malloc
 .text.USBD_static_free
                0x00000000080010f8        0x2 ./Drivers/BSP/Components/usb/usbd_conf.o
                0x00000000080010f8                USBD_static_free
 *fill*         0x00000000080010fa        0x2 
 .text.USBD_MSC_DeviceDescriptor
                0x00000000080010fc        0xc ./Drivers/BSP/Components/usb/usbd_desc.o
                0x00000000080010fc                USBD_MSC_DeviceDescriptor
 .text.USBD_MSC_LangIDStrDescriptor
                0x0000000008001108        0xc ./Drivers/BSP/Components/usb/usbd_desc.o
                0x0000000008001108                USBD_MSC_LangIDStrDescriptor
 .text.IntToUnicode
                0x0000000008001114       0x2a ./Drivers/BSP/Components/usb/usbd_desc.o
 *fill*         0x000000000800113e        0x2 
 .text.USBD_MSC_SerialStrDescriptor
                0x0000000008001140       0x3c ./Drivers/BSP/Components/usb/usbd_desc.o
                0x0000000008001140                USBD_MSC_SerialStrDescriptor
 .text.USBD_MSC_ManufacturerStrDescriptor
                0x000000000800117c       0x1c ./Drivers/BSP/Components/usb/usbd_desc.o
                0x000000000800117c                USBD_MSC_ManufacturerStrDescriptor
 .text.USBD_MSC_ProductStrDescriptor
                0x0000000008001198       0x24 ./Drivers/BSP/Components/usb/usbd_desc.o
                0x0000000008001198                USBD_MSC_ProductStrDescriptor
 .text.USBD_MSC_ConfigStrDescriptor
                0x00000000080011bc       0x1c ./Drivers/BSP/Components/usb/usbd_desc.o
                0x00000000080011bc                USBD_MSC_ConfigStrDescriptor
 .text.USBD_MSC_InterfaceStrDescriptor
                0x00000000080011d8       0x1c ./Drivers/BSP/Components/usb/usbd_desc.o
                0x00000000080011d8                USBD_MSC_InterfaceStrDescriptor
 .text.STORAGE_Init
                0x00000000080011f4        0x4 ./Drivers/BSP/Components/usb/usbd_storage.o
                0x00000000080011f4                STORAGE_Init
 .text.STORAGE_GetCapacity
                0x00000000080011f8       0x18 ./Drivers/BSP/Components/usb/usbd_storage.o
                0x00000000080011f8                STORAGE_GetCapacity
 .text.STORAGE_IsReady
                0x0000000008001210       0x14 ./Drivers/BSP/Components/usb/usbd_storage.o
                0x0000000008001210                STORAGE_IsReady
 .text.STORAGE_GetMaxLun
                0x0000000008001224        0x4 ./Drivers/BSP/Components/usb/usbd_storage.o
                0x0000000008001224                STORAGE_GetMaxLun
 .text.STORAGE_Read
                0x0000000008001228       0x24 ./Drivers/BSP/Components/usb/usbd_storage.o
                0x0000000008001228                STORAGE_Read
 .text.STORAGE_Write
                0x000000000800124c       0x24 ./Drivers/BSP/Components/usb/usbd_storage.o
                0x000000000800124c                STORAGE_Write
 .text.STORAGE_IsWriteProtected
                0x0000000008001270        0x4 ./Drivers/BSP/Components/usb/usbd_storage.o
                0x0000000008001270                STORAGE_IsWriteProtected
 .text.SystemInit
                0x0000000008001274       0x4c ./Drivers/CMSIS/system_stm32f1xx.o
                0x0000000008001274                SystemInit
 .text.HAL_MspInit
                0x00000000080012c0        0x2 ./Drivers/STM32F1xx_HAL_Driver/stm32f1xx_hal.o
                0x00000000080012c0                HAL_MspInit
 *fill*         0x00000000080012c2        0x2 
 .text.HAL_InitTick
                0x00000000080012c4       0x44 ./Drivers/STM32F1xx_HAL_Driver/stm32f1xx_hal.o
                0x00000000080012c4                HAL_InitTick
 .text.HAL_Init
                0x0000000008001308       0x24 ./Drivers/STM32F1xx_HAL_Driver/stm32f1xx_hal.o
                0x0000000008001308                HAL_Init
 .text.HAL_IncTick
                0x000000000800132c       0x18 ./Drivers/STM32F1xx_HAL_Driver/stm32f1xx_hal.o
                0x000000000800132c                HAL_IncTick
 .text.HAL_GetTick
                0x0000000008001344        0xc ./Drivers/STM32F1xx_HAL_Driver/stm32f1xx_hal.o
                0x0000000008001344                HAL_GetTick
 .text.HAL_Delay
                0x0000000008001350       0x24 ./Drivers/STM32F1xx_HAL_Driver/stm32f1xx_hal.o
                0x0000000008001350                HAL_Delay
 .text.HAL_NVIC_SetPriorityGrouping
                0x0000000008001374       0x24 ./Drivers/STM32F1xx_HAL_Driver/stm32f1xx_hal_cortex.o
                0x0000000008001374                HAL_NVIC_SetPriorityGrouping
 .text.HAL_NVIC_SetPriority
                0x0000000008001398       0x64 ./Drivers/STM32F1xx_HAL_Driver/stm32f1xx_hal_cortex.o
                0x0000000008001398                HAL_NVIC_SetPriority
 .text.HAL_NVIC_EnableIRQ
                0x00000000080013fc       0x1c ./Drivers/STM32F1xx_HAL_Driver/stm32f1xx_hal_cortex.o
                0x00000000080013fc                HAL_NVIC_EnableIRQ
 .text.HAL_SYSTICK_Config
                0x0000000008001418       0x28 ./Drivers/STM32F1xx_HAL_Driver/stm32f1xx_hal_cortex.o
                0x0000000008001418                HAL_SYSTICK_Config
 .text.HAL_DMA_Init
                0x0000000008001440       0x7c ./Drivers/STM32F1xx_HAL_Driver/stm32f1xx_hal_dma.o
                0x0000000008001440                HAL_DMA_Init
 .text.HAL_DMA_IRQHandler
                0x00000000080014bc      0x27c ./Drivers/STM32F1xx_HAL_Driver/stm32f1xx_hal_dma.o
                0x00000000080014bc                HAL_DMA_IRQHandler
 .text.FLASH_SetErrorCode
                0x0000000008001738       0x50 ./Drivers/STM32F1xx_HAL_Driver/stm32f1xx_hal_flash.o
 .text.HAL_FLASH_Unlock
                0x0000000008001788       0x24 ./Drivers/STM32F1xx_HAL_Driver/stm32f1xx_hal_flash.o
                0x0000000008001788                HAL_FLASH_Unlock
 .text.HAL_FLASH_Lock
                0x00000000080017ac       0x14 ./Drivers/STM32F1xx_HAL_Driver/stm32f1xx_hal_flash.o
                0x00000000080017ac                HAL_FLASH_Lock
 .text.FLASH_WaitForLastOperation
                0x00000000080017c0       0x54 ./Drivers/STM32F1xx_HAL_Driver/stm32f1xx_hal_flash.o
                0x00000000080017c0                FLASH_WaitForLastOperation
 .text.HAL_FLASH_Program
                0x0000000008001814       0xa0 ./Drivers/STM32F1xx_HAL_Driver/stm32f1xx_hal_flash.o
                0x0000000008001814                HAL_FLASH_Program
 .text.FLASH_PageErase
                0x00000000080018b4       0x24 ./Drivers/STM32F1xx_HAL_Driver/stm32f1xx_hal_flash_ex.o
                0x00000000080018b4                FLASH_PageErase
 .text.HAL_FLASHEx_Erase
                0x00000000080018d8       0xa8 ./Drivers/STM32F1xx_HAL_Driver/stm32f1xx_hal_flash_ex.o
                0x00000000080018d8                HAL_FLASHEx_Erase
 .text.HAL_GPIO_Init
                0x0000000008001980      0x1d0 ./Drivers/STM32F1xx_HAL_Driver/stm32f1xx_hal_gpio.o
                0x0000000008001980                HAL_GPIO_Init
 .text.HAL_GPIO_ReadPin
                0x0000000008001b50        0xc ./Drivers/STM32F1xx_HAL_Driver/stm32f1xx_hal_gpio.o
                0x0000000008001b50                HAL_GPIO_ReadPin
 .text.HAL_GPIO_WritePin
                0x0000000008001b5c        0xa ./Drivers/STM32F1xx_HAL_Driver/stm32f1xx_hal_gpio.o
                0x0000000008001b5c                HAL_GPIO_WritePin
 .text.HAL_PCD_Init
                0x0000000008001b66       0xec ./Drivers/STM32F1xx_HAL_Driver/stm32f1xx_hal_pcd.o
                0x0000000008001b66                HAL_PCD_Init
 .text.HAL_PCD_Start
                0x0000000008001c52       0x2e ./Drivers/STM32F1xx_HAL_Driver/stm32f1xx_hal_pcd.o
                0x0000000008001c52                HAL_PCD_Start
 .text.HAL_PCD_SetAddress
                0x0000000008001c80       0x28 ./Drivers/STM32F1xx_HAL_Driver/stm32f1xx_hal_pcd.o
                0x0000000008001c80                HAL_PCD_SetAddress
 .text.HAL_PCD_EP_Open
                0x0000000008001ca8       0x64 ./Drivers/STM32F1xx_HAL_Driver/stm32f1xx_hal_pcd.o
                0x0000000008001ca8                HAL_PCD_EP_Open
 .text.HAL_PCD_EP_Close
                0x0000000008001d0c       0x52 ./Drivers/STM32F1xx_HAL_Driver/stm32f1xx_hal_pcd.o
                0x0000000008001d0c                HAL_PCD_EP_Close
 .text.HAL_PCD_EP_Receive
                0x0000000008001d5e       0x2a ./Drivers/STM32F1xx_HAL_Driver/stm32f1xx_hal_pcd.o
                0x0000000008001d5e                HAL_PCD_EP_Receive
 .text.HAL_PCD_EP_GetRxCount
                0x0000000008001d88        0xe ./Drivers/STM32F1xx_HAL_Driver/stm32f1xx_hal_pcd.o
                0x0000000008001d88                HAL_PCD_EP_GetRxCount
 .text.HAL_PCD_EP_Transmit
                0x0000000008001d96       0x2a ./Drivers/STM32F1xx_HAL_Driver/stm32f1xx_hal_pcd.o
                0x0000000008001d96                HAL_PCD_EP_Transmit
 .text.HAL_PCD_IRQHandler
                0x0000000008001dc0      0x450 ./Drivers/STM32F1xx_HAL_Driver/stm32f1xx_hal_pcd.o
                0x0000000008001dc0                HAL_PCD_IRQHandler
 .text.HAL_PCD_EP_SetStall
                0x0000000008002210       0x68 ./Drivers/STM32F1xx_HAL_Driver/stm32f1xx_hal_pcd.o
                0x0000000008002210                HAL_PCD_EP_SetStall
 .text.HAL_PCD_EP_ClrStall
                0x0000000008002278       0x68 ./Drivers/STM32F1xx_HAL_Driver/stm32f1xx_hal_pcd.o
                0x0000000008002278                HAL_PCD_EP_ClrStall
 .text.HAL_PCD_EP_Flush
                0x00000000080022e0       0x32 ./Drivers/STM32F1xx_HAL_Driver/stm32f1xx_hal_pcd.o
                0x00000000080022e0                HAL_PCD_EP_Flush
 .text.HAL_PCDEx_PMAConfig
                0x0000000008002312       0x2e ./Drivers/STM32F1xx_HAL_Driver/stm32f1xx_hal_pcd_ex.o
                0x0000000008002312                HAL_PCDEx_PMAConfig
 .text.HAL_PCDEx_SetConnectionState
                0x0000000008002340        0x2 ./Drivers/STM32F1xx_HAL_Driver/stm32f1xx_hal_pcd_ex.o
                0x0000000008002340                HAL_PCDEx_SetConnectionState
 *fill*         0x0000000008002342        0x2 
 .text.HAL_RCC_OscConfig
                0x0000000008002344      0x338 ./Drivers/STM32F1xx_HAL_Driver/stm32f1xx_hal_rcc.o
                0x0000000008002344                HAL_RCC_OscConfig
 .text.HAL_RCC_GetSysClockFreq
                0x000000000800267c       0x74 ./Drivers/STM32F1xx_HAL_Driver/stm32f1xx_hal_rcc.o
                0x000000000800267c                HAL_RCC_GetSysClockFreq
 .text.HAL_RCC_ClockConfig
                0x00000000080026f0      0x138 ./Drivers/STM32F1xx_HAL_Driver/stm32f1xx_hal_rcc.o
                0x00000000080026f0                HAL_RCC_ClockConfig
 .text.HAL_RCCEx_PeriphCLKConfig
                0x0000000008002828       0xf4 ./Drivers/STM32F1xx_HAL_Driver/stm32f1xx_hal_rcc_ex.o
                0x0000000008002828                HAL_RCCEx_PeriphCLKConfig
 .text.SPI_WaitFlagStateUntilTimeout
                0x000000000800291c       0x84 ./Drivers/STM32F1xx_HAL_Driver/stm32f1xx_hal_spi.o
 .text.SPI_EndRxTxTransaction
                0x00000000080029a0       0x20 ./Drivers/STM32F1xx_HAL_Driver/stm32f1xx_hal_spi.o
 .text.SPI_EndRxTransaction
                0x00000000080029c0       0x54 ./Drivers/STM32F1xx_HAL_Driver/stm32f1xx_hal_spi.o
 .text.HAL_SPI_Init
                0x0000000008002a14       0x8c ./Drivers/STM32F1xx_HAL_Driver/stm32f1xx_hal_spi.o
                0x0000000008002a14                HAL_SPI_Init
 .text.HAL_SPI_Transmit
                0x0000000008002aa0      0x188 ./Drivers/STM32F1xx_HAL_Driver/stm32f1xx_hal_spi.o
                0x0000000008002aa0                HAL_SPI_Transmit
 .text.HAL_SPI_TransmitReceive
                0x0000000008002c28      0x298 ./Drivers/STM32F1xx_HAL_Driver/stm32f1xx_hal_spi.o
                0x0000000008002c28                HAL_SPI_TransmitReceive
 .text.HAL_SPI_Receive
                0x0000000008002ec0      0x1e4 ./Drivers/STM32F1xx_HAL_Driver/stm32f1xx_hal_spi.o
                0x0000000008002ec0                HAL_SPI_Receive
 .text.USB_CoreInit
                0x00000000080030a4        0xe ./Drivers/STM32F1xx_HAL_Driver/stm32f1xx_ll_usb.o
                0x00000000080030a4                USB_CoreInit
 .text.USB_EnableGlobalInt
                0x00000000080030b2       0x12 ./Drivers/STM32F1xx_HAL_Driver/stm32f1xx_ll_usb.o
                0x00000000080030b2                USB_EnableGlobalInt
 .text.USB_DisableGlobalInt
                0x00000000080030c4       0x14 ./Drivers/STM32F1xx_HAL_Driver/stm32f1xx_ll_usb.o
                0x00000000080030c4                USB_DisableGlobalInt
 .text.USB_SetCurrentMode
                0x00000000080030d8        0x4 ./Drivers/STM32F1xx_HAL_Driver/stm32f1xx_ll_usb.o
                0x00000000080030d8                USB_SetCurrentMode
 .text.USB_DevInit
                0x00000000080030dc       0x36 ./Drivers/STM32F1xx_HAL_Driver/stm32f1xx_ll_usb.o
                0x00000000080030dc                USB_DevInit
 .text.USB_FlushTxFifo
                0x0000000008003112        0x4 ./Drivers/STM32F1xx_HAL_Driver/stm32f1xx_ll_usb.o
                0x0000000008003112                USB_FlushTxFifo
 .text.USB_FlushRxFifo
                0x0000000008003116        0x4 ./Drivers/STM32F1xx_HAL_Driver/stm32f1xx_ll_usb.o
                0x0000000008003116                USB_FlushRxFifo
 *fill*         0x000000000800311a        0x2 
 .text.USB_ActivateEndpoint
                0x000000000800311c      0x2b4 ./Drivers/STM32F1xx_HAL_Driver/stm32f1xx_ll_usb.o
                0x000000000800311c                USB_ActivateEndpoint
 .text.USB_DeactivateEndpoint
                0x00000000080033d0      0x1a2 ./Drivers/STM32F1xx_HAL_Driver/stm32f1xx_ll_usb.o
                0x00000000080033d0                USB_DeactivateEndpoint
 .text.USB_EPSetStall
                0x0000000008003572       0x40 ./Drivers/STM32F1xx_HAL_Driver/stm32f1xx_ll_usb.o
                0x0000000008003572                USB_EPSetStall
 .text.USB_EPClearStall
                0x00000000080035b2       0x92 ./Drivers/STM32F1xx_HAL_Driver/stm32f1xx_ll_usb.o
                0x00000000080035b2                USB_EPClearStall
 .text.USB_SetDevAddress
                0x0000000008003644        0xc ./Drivers/STM32F1xx_HAL_Driver/stm32f1xx_ll_usb.o
                0x0000000008003644                USB_SetDevAddress
 .text.USB_DevConnect
                0x0000000008003650        0x4 ./Drivers/STM32F1xx_HAL_Driver/stm32f1xx_ll_usb.o
                0x0000000008003650                USB_DevConnect
 .text.USB_DevDisconnect
                0x0000000008003654        0x4 ./Drivers/STM32F1xx_HAL_Driver/stm32f1xx_ll_usb.o
                0x0000000008003654                USB_DevDisconnect
 .text.USB_ReadInterrupts
                0x0000000008003658        0x8 ./Drivers/STM32F1xx_HAL_Driver/stm32f1xx_ll_usb.o
                0x0000000008003658                USB_ReadInterrupts
 .text.USB_EP0_OutStart
                0x0000000008003660        0x4 ./Drivers/STM32F1xx_HAL_Driver/stm32f1xx_ll_usb.o
                0x0000000008003660                USB_EP0_OutStart
 .text.USB_WritePMA
                0x0000000008003664       0x20 ./Drivers/STM32F1xx_HAL_Driver/stm32f1xx_ll_usb.o
                0x0000000008003664                USB_WritePMA
 .text.USB_EPStartXfer
                0x0000000008003684      0x1b8 ./Drivers/STM32F1xx_HAL_Driver/stm32f1xx_ll_usb.o
                0x0000000008003684                USB_EPStartXfer
 .text.USB_ReadPMA
                0x000000000800383c       0x38 ./Drivers/STM32F1xx_HAL_Driver/stm32f1xx_ll_usb.o
                0x000000000800383c                USB_ReadPMA
 .text.USBD_MSC_GetHSCfgDesc
                0x0000000008003874        0xc ./Middlewares/STM32_USBD_Library/Class/MSC/usbd_msc.o
                0x0000000008003874                USBD_MSC_GetHSCfgDesc
 .text.USBD_MSC_GetFSCfgDesc
                0x0000000008003880        0xc ./Middlewares/STM32_USBD_Library/Class/MSC/usbd_msc.o
                0x0000000008003880                USBD_MSC_GetFSCfgDesc
 .text.USBD_MSC_GetOtherSpeedCfgDesc
                0x000000000800388c        0xc ./Middlewares/STM32_USBD_Library/Class/MSC/usbd_msc.o
                0x000000000800388c                USBD_MSC_GetOtherSpeedCfgDesc
 .text.USBD_MSC_GetDeviceQualifierDescriptor
                0x0000000008003898        0xc ./Middlewares/STM32_USBD_Library/Class/MSC/usbd_msc.o
                0x0000000008003898                USBD_MSC_GetDeviceQualifierDescriptor
 .text.USBD_MSC_Init
                0x00000000080038a4       0x5a ./Middlewares/STM32_USBD_Library/Class/MSC/usbd_msc.o
                0x00000000080038a4                USBD_MSC_Init
 .text.USBD_MSC_DeInit
                0x00000000080038fe       0x32 ./Middlewares/STM32_USBD_Library/Class/MSC/usbd_msc.o
                0x00000000080038fe                USBD_MSC_DeInit
 .text.USBD_MSC_Setup
                0x0000000008003930      0x15c ./Middlewares/STM32_USBD_Library/Class/MSC/usbd_msc.o
                0x0000000008003930                USBD_MSC_Setup
 .text.USBD_MSC_DataIn
                0x0000000008003a8c        0xa ./Middlewares/STM32_USBD_Library/Class/MSC/usbd_msc.o
                0x0000000008003a8c                USBD_MSC_DataIn
 .text.USBD_MSC_DataOut
                0x0000000008003a96        0xa ./Middlewares/STM32_USBD_Library/Class/MSC/usbd_msc.o
                0x0000000008003a96                USBD_MSC_DataOut
 .text.USBD_MSC_RegisterStorage
                0x0000000008003aa0        0xa ./Middlewares/STM32_USBD_Library/Class/MSC/usbd_msc.o
                0x0000000008003aa0                USBD_MSC_RegisterStorage
 .text.MSC_BOT_Abort
                0x0000000008003aaa       0x40 ./Middlewares/STM32_USBD_Library/Class/MSC/usbd_msc_bot.o
 .text.MSC_BOT_Init
                0x0000000008003aea       0x3a ./Middlewares/STM32_USBD_Library/Class/MSC/usbd_msc_bot.o
                0x0000000008003aea                MSC_BOT_Init
 .text.MSC_BOT_Reset
                0x0000000008003b24       0x16 ./Middlewares/STM32_USBD_Library/Class/MSC/usbd_msc_bot.o
                0x0000000008003b24                MSC_BOT_Reset
 .text.MSC_BOT_DeInit
                0x0000000008003b3a        0xa ./Middlewares/STM32_USBD_Library/Class/MSC/usbd_msc_bot.o
                0x0000000008003b3a                MSC_BOT_DeInit
 .text.MSC_BOT_SendCSW
                0x0000000008003b44       0x38 ./Middlewares/STM32_USBD_Library/Class/MSC/usbd_msc_bot.o
                0x0000000008003b44                MSC_BOT_SendCSW
 .text.MSC_BOT_DataIn
                0x0000000008003b7c       0x36 ./Middlewares/STM32_USBD_Library/Class/MSC/usbd_msc_bot.o
                0x0000000008003b7c                MSC_BOT_DataIn
 *fill*         0x0000000008003bb2        0x2 
 .text.MSC_BOT_DataOut
                0x0000000008003bb4       0xd8 ./Middlewares/STM32_USBD_Library/Class/MSC/usbd_msc_bot.o
                0x0000000008003bb4                MSC_BOT_DataOut
 .text.MSC_BOT_CplClrFeature
                0x0000000008003c8c       0x2a ./Middlewares/STM32_USBD_Library/Class/MSC/usbd_msc_bot.o
                0x0000000008003c8c                MSC_BOT_CplClrFeature
 .text.SCSI_SenseCode.constprop.0.isra.0
                0x0000000008003cb6       0x26 ./Middlewares/STM32_USBD_Library/Class/MSC/usbd_msc_scsi.o
 .text.SCSI_ProcessCmd
                0x0000000008003cdc      0x42c ./Middlewares/STM32_USBD_Library/Class/MSC/usbd_msc_scsi.o
                0x0000000008003cdc                SCSI_ProcessCmd
 .text.SCSI_SenseCode
                0x0000000008004108       0x28 ./Middlewares/STM32_USBD_Library/Class/MSC/usbd_msc_scsi.o
                0x0000000008004108                SCSI_SenseCode
 .text.USBD_Init
                0x0000000008004130       0x2a ./Middlewares/STM32_USBD_Library/Core/usbd_core.o
                0x0000000008004130                USBD_Init
 .text.USBD_RegisterClass
                0x000000000800415a        0xe ./Middlewares/STM32_USBD_Library/Core/usbd_core.o
                0x000000000800415a                USBD_RegisterClass
 .text.USBD_Start
                0x0000000008004168        0xa ./Middlewares/STM32_USBD_Library/Core/usbd_core.o
                0x0000000008004168                USBD_Start
 .text.USBD_SetClassConfig
                0x0000000008004172       0x16 ./Middlewares/STM32_USBD_Library/Core/usbd_core.o
                0x0000000008004172                USBD_SetClassConfig
 .text.USBD_ClrClassConfig
                0x0000000008004188        0xe ./Middlewares/STM32_USBD_Library/Core/usbd_core.o
                0x0000000008004188                USBD_ClrClassConfig
 .text.USBD_LL_SetupStage
                0x0000000008004196       0x5a ./Middlewares/STM32_USBD_Library/Core/usbd_core.o
                0x0000000008004196                USBD_LL_SetupStage
 .text.USBD_LL_DataOutStage
                0x00000000080041f0       0x74 ./Middlewares/STM32_USBD_Library/Core/usbd_core.o
                0x00000000080041f0                USBD_LL_DataOutStage
 .text.USBD_LL_DataInStage
                0x0000000008004264       0xb6 ./Middlewares/STM32_USBD_Library/Core/usbd_core.o
                0x0000000008004264                USBD_LL_DataInStage
 .text.USBD_LL_Reset
                0x000000000800431a       0x4e ./Middlewares/STM32_USBD_Library/Core/usbd_core.o
                0x000000000800431a                USBD_LL_Reset
 .text.USBD_LL_SetSpeed
                0x0000000008004368        0x6 ./Middlewares/STM32_USBD_Library/Core/usbd_core.o
                0x0000000008004368                USBD_LL_SetSpeed
 .text.USBD_LL_Suspend
                0x000000000800436e       0x12 ./Middlewares/STM32_USBD_Library/Core/usbd_core.o
                0x000000000800436e                USBD_LL_Suspend
 .text.USBD_LL_Resume
                0x0000000008004380       0x14 ./Middlewares/STM32_USBD_Library/Core/usbd_core.o
                0x0000000008004380                USBD_LL_Resume
 .text.USBD_LL_SOF
                0x0000000008004394       0x18 ./Middlewares/STM32_USBD_Library/Core/usbd_core.o
                0x0000000008004394                USBD_LL_SOF
 .text.USBD_CtlError.constprop.0
                0x00000000080043ac       0x16 ./Middlewares/STM32_USBD_Library/Core/usbd_ctlreq.o
 *fill*         0x00000000080043c2        0x2 
 .text.USBD_StdDevReq
                0x00000000080043c4      0x254 ./Middlewares/STM32_USBD_Library/Core/usbd_ctlreq.o
                0x00000000080043c4                USBD_StdDevReq
 .text.USBD_StdItfReq
                0x0000000008004618       0x48 ./Middlewares/STM32_USBD_Library/Core/usbd_ctlreq.o
                0x0000000008004618                USBD_StdItfReq
 .text.USBD_StdEPReq
                0x0000000008004660      0x114 ./Middlewares/STM32_USBD_Library/Core/usbd_ctlreq.o
                0x0000000008004660                USBD_StdEPReq
 .text.USBD_ParseSetupRequest
                0x0000000008004774       0x28 ./Middlewares/STM32_USBD_Library/Core/usbd_ctlreq.o
                0x0000000008004774                USBD_ParseSetupRequest
 .text.USBD_CtlError
                0x000000000800479c       0x16 ./Middlewares/STM32_USBD_Library/Core/usbd_ctlreq.o
                0x000000000800479c                USBD_CtlError
 .text.USBD_GetString
                0x00000000080047b2       0x38 ./Middlewares/STM32_USBD_Library/Core/usbd_ctlreq.o
                0x00000000080047b2                USBD_GetString
 .text.USBD_CtlSendData
                0x00000000080047ea       0x1a ./Middlewares/STM32_USBD_Library/Core/usbd_ioreq.o
                0x00000000080047ea                USBD_CtlSendData
 .text.USBD_CtlContinueSendData
                0x0000000008004804       0x10 ./Middlewares/STM32_USBD_Library/Core/usbd_ioreq.o
                0x0000000008004804                USBD_CtlContinueSendData
 .text.USBD_CtlContinueRx
                0x0000000008004814       0x10 ./Middlewares/STM32_USBD_Library/Core/usbd_ioreq.o
                0x0000000008004814                USBD_CtlContinueRx
 .text.USBD_CtlSendStatus
                0x0000000008004824       0x16 ./Middlewares/STM32_USBD_Library/Core/usbd_ioreq.o
                0x0000000008004824                USBD_CtlSendStatus
 .text.USBD_CtlReceiveStatus
                0x000000000800483a       0x16 ./Middlewares/STM32_USBD_Library/Core/usbd_ioreq.o
                0x000000000800483a                USBD_CtlReceiveStatus
 .text.disk_status
                0x0000000008004850       0x14 ./Middlewares/Third_party/FatFs/diskio.o
                0x0000000008004850                disk_status
 .text.disk_initialize
                0x0000000008004864       0x20 ./Middlewares/Third_party/FatFs/diskio.o
                0x0000000008004864                disk_initialize
 .text.disk_read
                0x0000000008004884       0x1c ./Middlewares/Third_party/FatFs/diskio.o
                0x0000000008004884                disk_read
 .text.disk_write
                0x00000000080048a0       0x1c ./Middlewares/Third_party/FatFs/diskio.o
                0x00000000080048a0                disk_write
 .text.disk_ioctl
                0x00000000080048bc       0x18 ./Middlewares/Third_party/FatFs/diskio.o
                0x00000000080048bc                disk_ioctl
 .text.get_fattime
                0x00000000080048d4        0x4 ./Middlewares/Third_party/FatFs/diskio.o
                0x00000000080048d4                get_fattime
 .text.ld_dword
                0x00000000080048d8        0x4 ./Middlewares/Third_party/FatFs/ff.o
 .text.st_dword
                0x00000000080048dc       0x10 ./Middlewares/Third_party/FatFs/ff.o
 .text.mem_set  0x00000000080048ec        0xc ./Middlewares/Third_party/FatFs/ff.o
 .text.chk_lock
                0x00000000080048f8       0x74 ./Middlewares/Third_party/FatFs/ff.o
 .text.inc_lock
                0x000000000800496c       0x84 ./Middlewares/Third_party/FatFs/ff.o
 .text.dec_lock
                0x00000000080049f0       0x3c ./Middlewares/Third_party/FatFs/ff.o
 .text.clear_lock
                0x0000000008004a2c       0x1c ./Middlewares/Third_party/FatFs/ff.o
 .text.clust2sect
                0x0000000008004a48       0x16 ./Middlewares/Third_party/FatFs/ff.o
 .text.clmt_clust
                0x0000000008004a5e       0x22 ./Middlewares/Third_party/FatFs/ff.o
 .text.st_clust
                0x0000000008004a80       0x18 ./Middlewares/Third_party/FatFs/ff.o
 .text.sum_sfn  0x0000000008004a98       0x1e ./Middlewares/Third_party/FatFs/ff.o
 .text.get_ldnumber
                0x0000000008004ab6       0x38 ./Middlewares/Third_party/FatFs/ff.o
 .text.validate
                0x0000000008004aee       0x34 ./Middlewares/Third_party/FatFs/ff.o
 .text.mem_cpy.part.0
                0x0000000008004b22       0x12 ./Middlewares/Third_party/FatFs/ff.o
 .text.sync_window.part.0
                0x0000000008004b34       0x4c ./Middlewares/Third_party/FatFs/ff.o
 .text.sync_window
                0x0000000008004b80        0xc ./Middlewares/Third_party/FatFs/ff.o
 .text.move_window
                0x0000000008004b8c       0x32 ./Middlewares/Third_party/FatFs/ff.o
 *fill*         0x0000000008004bbe        0x2 
 .text.check_fs
                0x0000000008004bc0       0x74 ./Middlewares/Third_party/FatFs/ff.o
 .text.find_volume
                0x0000000008004c34      0x254 ./Middlewares/Third_party/FatFs/ff.o
 .text.put_fat  0x0000000008004e88       0xf8 ./Middlewares/Third_party/FatFs/ff.o
 .text.sync_fs  0x0000000008004f80       0x96 ./Middlewares/Third_party/FatFs/ff.o
 .text.ld_clust.isra.0
                0x0000000008005016       0x10 ./Middlewares/Third_party/FatFs/ff.o
 .text.get_fat.isra.0
                0x0000000008005026       0xac ./Middlewares/Third_party/FatFs/ff.o
 .text.remove_chain
                0x00000000080050d2       0x6e ./Middlewares/Third_party/FatFs/ff.o
 .text.create_chain
                0x0000000008005140       0xb0 ./Middlewares/Third_party/FatFs/ff.o
 .text.dir_sdi  0x00000000080051f0       0x82 ./Middlewares/Third_party/FatFs/ff.o
 .text.dir_next
                0x0000000008005272       0xea ./Middlewares/Third_party/FatFs/ff.o
 .text.dir_alloc
                0x000000000800535c       0x44 ./Middlewares/Third_party/FatFs/ff.o
 .text.dir_read
                0x00000000080053a0      0x104 ./Middlewares/Third_party/FatFs/ff.o
 .text.dir_remove
                0x00000000080054a4       0x4e ./Middlewares/Third_party/FatFs/ff.o
 *fill*         0x00000000080054f2        0x2 
 .text.dir_find
                0x00000000080054f4      0x160 ./Middlewares/Third_party/FatFs/ff.o
 .text.dir_register
                0x0000000008005654      0x248 ./Middlewares/Third_party/FatFs/ff.o
 .text.follow_path
                0x000000000800589c      0x25c ./Middlewares/Third_party/FatFs/ff.o
 .text.f_mount  0x0000000008005af8       0x58 ./Middlewares/Third_party/FatFs/ff.o
                0x0000000008005af8                f_mount
 .text.f_open   0x0000000008005b50      0x208 ./Middlewares/Third_party/FatFs/ff.o
                0x0000000008005b50                f_open
 .text.f_read   0x0000000008005d58      0x166 ./Middlewares/Third_party/FatFs/ff.o
                0x0000000008005d58                f_read
 .text.f_sync   0x0000000008005ebe       0x92 ./Middlewares/Third_party/FatFs/ff.o
                0x0000000008005ebe                f_sync
 .text.f_close  0x0000000008005f50       0x22 ./Middlewares/Third_party/FatFs/ff.o
                0x0000000008005f50                f_close
 .text.f_lseek  0x0000000008005f72      0x212 ./Middlewares/Third_party/FatFs/ff.o
                0x0000000008005f72                f_lseek
 .text.f_unlink
                0x0000000008006184       0xb4 ./Middlewares/Third_party/FatFs/ff.o
                0x0000000008006184                f_unlink
 .text.f_rename
                0x0000000008006238      0x108 ./Middlewares/Third_party/FatFs/ff.o
                0x0000000008006238                f_rename
 .text.FATFS_LinkDriverEx
                0x0000000008006340       0x44 ./Middlewares/Third_party/FatFs/ff_gen_drv.o
                0x0000000008006340                FATFS_LinkDriverEx
 .text.FATFS_LinkDriver
                0x0000000008006384        0x6 ./Middlewares/Third_party/FatFs/ff_gen_drv.o
                0x0000000008006384                FATFS_LinkDriver
 *fill*         0x000000000800638a        0x2 
 .text.FATFS_UnLinkDriverEx
                0x000000000800638c       0x30 ./Middlewares/Third_party/FatFs/ff_gen_drv.o
                0x000000000800638c                FATFS_UnLinkDriverEx
 .text.FATFS_UnLinkDriver
                0x00000000080063bc        0x6 ./Middlewares/Third_party/FatFs/ff_gen_drv.o
                0x00000000080063bc                FATFS_UnLinkDriver
 *fill*         0x00000000080063c2        0x2 
 .text.ff_convert
                0x00000000080063c4       0x3c ./Middlewares/Third_party/FatFs/unicode.o
                0x00000000080063c4                ff_convert
 .text.ff_wtoupper
                0x0000000008006400       0x80 ./Middlewares/Third_party/FatFs/unicode.o
                0x0000000008006400                ff_wtoupper
 .text.__libc_init_array
                0x0000000008006480       0x48 c:/st/stm32cubeide_1.12.1/stm32cubeide/plugins/com.st.stm32cube.ide.mcu.externaltools.gnu-tools-for-stm32.10.3-2021.10.win32_1.0.200.202301161003/tools/bin/../lib/gcc/arm-none-eabi/10.3.1/../../../../arm-none-eabi/lib/thumb/v7-m/nofp\libc_nano.a(lib_a-init.o)
                0x0000000008006480                __libc_init_array
 .text.memset   0x00000000080064c8       0x10 c:/st/stm32cubeide_1.12.1/stm32cubeide/plugins/com.st.stm32cube.ide.mcu.externaltools.gnu-tools-for-stm32.10.3-2021.10.win32_1.0.200.202301161003/tools/bin/../lib/gcc/arm-none-eabi/10.3.1/../../../../arm-none-eabi/lib/thumb/v7-m/nofp\libc_nano.a(lib_a-memset.o)
                0x00000000080064c8                memset
 *(.glue_7)
 .glue_7        0x00000000080064d8        0x0 linker stubs
 *(.glue_7t)
 .glue_7t       0x00000000080064d8        0x0 linker stubs
 *(.eh_frame)
 .eh_frame      0x00000000080064d8        0x0 c:/st/stm32cubeide_1.12.1/stm32cubeide/plugins/com.st.stm32cube.ide.mcu.externaltools.gnu-tools-for-stm32.10.3-2021.10.win32_1.0.200.202301161003/tools/bin/../lib/gcc/arm-none-eabi/10.3.1/thumb/v7-m/nofp/crtbegin.o
 *(.init)
 .init          0x00000000080064d8        0x4 c:/st/stm32cubeide_1.12.1/stm32cubeide/plugins/com.st.stm32cube.ide.mcu.externaltools.gnu-tools-for-stm32.10.3-2021.10.win32_1.0.200.202301161003/tools/bin/../lib/gcc/arm-none-eabi/10.3.1/thumb/v7-m/nofp/crti.o
                0x00000000080064d8                _init
 .init          0x00000000080064dc        0x8 c:/st/stm32cubeide_1.12.1/stm32cubeide/plugins/com.st.stm32cube.ide.mcu.externaltools.gnu-tools-for-stm32.10.3-2021.10.win32_1.0.200.202301161003/tools/bin/../lib/gcc/arm-none-eabi/10.3.1/thumb/v7-m/nofp/crtn.o
 *(.fini)
 .fini          0x00000000080064e4        0x4 c:/st/stm32cubeide_1.12.1/stm32cubeide/plugins/com.st.stm32cube.ide.mcu.externaltools.gnu-tools-for-stm32.10.3-2021.10.win32_1.0.200.202301161003/tools/bin/../lib/gcc/arm-none-eabi/10.3.1/thumb/v7-m/nofp/crti.o
                0x00000000080064e4                _fini
 .fini          0x00000000080064e8        0x8 c:/st/stm32cubeide_1.12.1/stm32cubeide/plugins/com.st.stm32cube.ide.mcu.externaltools.gnu-tools-for-stm32.10.3-2021.10.win32_1.0.200.202301161003/tools/bin/../lib/gcc/arm-none-eabi/10.3.1/thumb/v7-m/nofp/crtn.o
                0x00000000080064f0                . = ALIGN (0x4)
                0x00000000080064f0                _etext = .

.vfp11_veneer   0x00000000080064f0        0x0
 .vfp11_veneer  0x00000000080064f0        0x0 linker stubs

.v4_bx          0x00000000080064f0        0x0
 .v4_bx         0x00000000080064f0        0x0 linker stubs

.iplt           0x00000000080064f0        0x0
 .iplt          0x00000000080064f0        0x0 c:/st/stm32cubeide_1.12.1/stm32cubeide/plugins/com.st.stm32cube.ide.mcu.externaltools.gnu-tools-for-stm32.10.3-2021.10.win32_1.0.200.202301161003/tools/bin/../lib/gcc/arm-none-eabi/10.3.1/thumb/v7-m/nofp/crtbegin.o

.rodata         0x00000000080064f0      0x9b0
                0x00000000080064f0                . = ALIGN (0x4)
 *(.rodata)
 .rodata        0x00000000080064f0      0x400 ./Drivers/BSP/Components/crypto/crypto.o
 .rodata        0x00000000080068f0       0x14 ./Drivers/BSP/Components/fs/norflash_diskio.o
                0x00000000080068f0                FLASHDISK_Driver
 .rodata        0x0000000008006904       0x24 ./Drivers/BSP/Components/usb/usbd_storage.o
                0x0000000008006904                STORAGE_Inquirydata
 .rodata        0x0000000008006928       0x18 ./Drivers/CMSIS/system_stm32f1xx.o
                0x0000000008006928                AHBPrescTable
                0x0000000008006938                APBPrescTable
 .rodata        0x0000000008006940       0x17 ./Middlewares/STM32_USBD_Library/Class/MSC/usbd_msc_data.o
                0x0000000008006940                MSC_Mode_Sense10_data
                0x0000000008006948                MSC_Mode_Sense6_data
                0x0000000008006950                MSC_Page00_Inquiry_Data
 *fill*         0x0000000008006957        0x1 
 .rodata        0x0000000008006958       0xba ./Middlewares/Third_party/FatFs/ff.o
 .rodata        0x0000000008006a12      0x3ae ./Middlewares/Third_party/FatFs/unicode.o
 *(.rodata*)
 .rodata.str1.1
                0x0000000008006dc0       0x2e ./Application/User/main.o
 .rodata.str1.1
                0x0000000008006dee       0x5c ./Drivers/BSP/Components/usb/usbd_desc.o
 .rodata.str1.1
                0x0000000008006e4a       0x11 ./Drivers/STM32F1xx_HAL_Driver/stm32f1xx_hal_rcc.o
 .rodata.str1.1
                0x0000000008006e5b       0x44 ./Middlewares/Third_party/FatFs/ff.o
                0x0000000008006ea0                . = ALIGN (0x4)
 *fill*         0x0000000008006e9f        0x1 

.rel.dyn        0x0000000008006ea0        0x0
 .rel.iplt      0x0000000008006ea0        0x0 c:/st/stm32cubeide_1.12.1/stm32cubeide/plugins/com.st.stm32cube.ide.mcu.externaltools.gnu-tools-for-stm32.10.3-2021.10.win32_1.0.200.202301161003/tools/bin/../lib/gcc/arm-none-eabi/10.3.1/thumb/v7-m/nofp/crtbegin.o

.ARM.extab      0x0000000008006ea0        0x0
                0x0000000008006ea0                . = ALIGN (0x4)
 *(.ARM.extab* .gnu.linkonce.armextab.*)
                0x0000000008006ea0                . = ALIGN (0x4)

.ARM            0x0000000008006ea0        0x0
                0x0000000008006ea0                . = ALIGN (0x4)
                0x0000000008006ea0                __exidx_start = .
 *(.ARM.exidx*)
                0x0000000008006ea0                __exidx_end = .
                0x0000000008006ea0                . = ALIGN (0x4)

.preinit_array  0x0000000008006ea0        0x0
                0x0000000008006ea0                . = ALIGN (0x4)
                0x0000000008006ea0                PROVIDE (__preinit_array_start = .)
 *(.preinit_array*)
                0x0000000008006ea0                PROVIDE (__preinit_array_end = .)
                0x0000000008006ea0                . = ALIGN (0x4)

.init_array     0x0000000008006ea0        0x4
                0x0000000008006ea0                . = ALIGN (0x4)
                0x0000000008006ea0                PROVIDE (__init_array_start = .)
 *(SORT_BY_NAME(.init_array.*))
 *(.init_array*)
 .init_array    0x0000000008006ea0        0x4 c:/st/stm32cubeide_1.12.1/stm32cubeide/plugins/com.st.stm32cube.ide.mcu.externaltools.gnu-tools-for-stm32.10.3-2021.10.win32_1.0.200.202301161003/tools/bin/../lib/gcc/arm-none-eabi/10.3.1/thumb/v7-m/nofp/crtbegin.o
                0x0000000008006ea4                PROVIDE (__init_array_end = .)
                0x0000000008006ea4                . = ALIGN (0x4)

.fini_array     0x0000000008006ea4        0x4
                0x0000000008006ea4                . = ALIGN (0x4)
                [!provide]                        PROVIDE (__fini_array_start = .)
 *(SORT_BY_NAME(.fini_array.*))
 *(.fini_array*)
 .fini_array    0x0000000008006ea4        0x4 c:/st/stm32cubeide_1.12.1/stm32cubeide/plugins/com.st.stm32cube.ide.mcu.externaltools.gnu-tools-for-stm32.10.3-2021.10.win32_1.0.200.202301161003/tools/bin/../lib/gcc/arm-none-eabi/10.3.1/thumb/v7-m/nofp/crtbegin.o
                [!provide]                        PROVIDE (__fini_array_end = .)
                0x0000000008006ea8                . = ALIGN (0x4)
                0x0000000008006ea8                _sidata = LOADADDR (.data)

.data           0x0000000020000000      0x128 load address 0x0000000008006ea8
                0x0000000020000000                . = ALIGN (0x4)
                0x0000000020000000                _sdata = .
 *(.data)
 .data          0x0000000020000000        0x4 ./Drivers/BSP/Components/flash/norflash.o
                0x0000000020000000                chip_size
 .data          0x0000000020000004        0x1 ./Drivers/BSP/Components/fs/norflash_diskio.o
 *fill*         0x0000000020000005        0x3 
 .data          0x0000000020000008       0x50 ./Drivers/BSP/Components/usb/usbd_desc.o
                0x0000000020000008                USBD_DeviceDesc
                0x000000002000001c                USBD_LangIDDesc
                0x0000000020000020                USBD_StringSerial
                0x000000002000003c                MSC_Desc
 .data          0x0000000020000058       0x20 ./Drivers/BSP/Components/usb/usbd_storage.o
                0x0000000020000058                USBD_DISK_fops
 .data          0x0000000020000078        0x4 ./Drivers/CMSIS/system_stm32f1xx.o
                0x0000000020000078                SystemCoreClock
 .data          0x000000002000007c        0x8 ./Drivers/STM32F1xx_HAL_Driver/stm32f1xx_hal.o
                0x000000002000007c                uwTickFreq
                0x0000000020000080                uwTickPrio
 .data          0x0000000020000084       0xa4 ./Middlewares/STM32_USBD_Library/Class/MSC/usbd_msc.o
                0x0000000020000084                USBD_MSC_CfgHSDesc
                0x00000000200000a4                USBD_MSC_CfgFSDesc
                0x00000000200000c4                USBD_MSC_OtherSpeedCfgDesc
                0x00000000200000e4                USBD_MSC_DeviceQualifierDesc
                0x00000000200000f0                USBD_MSC
 *(.data*)
 *(.RamFunc)
 *(.RamFunc*)
                0x0000000020000128                . = ALIGN (0x4)
                0x0000000020000128                _edata = .

.igot.plt       0x0000000020000128        0x0 load address 0x0000000008006fd0
 .igot.plt      0x0000000020000128        0x0 c:/st/stm32cubeide_1.12.1/stm32cubeide/plugins/com.st.stm32cube.ide.mcu.externaltools.gnu-tools-for-stm32.10.3-2021.10.win32_1.0.200.202301161003/tools/bin/../lib/gcc/arm-none-eabi/10.3.1/thumb/v7-m/nofp/crtbegin.o
                0x0000000020000128                . = ALIGN (0x4)

.bss            0x0000000020000128     0x3158 load address 0x0000000008006fd0
                0x0000000020000128                _sbss = .
                0x0000000020000128                __bss_start__ = _sbss
 *(.bss)
 .bss           0x0000000020000128       0x1c c:/st/stm32cubeide_1.12.1/stm32cubeide/plugins/com.st.stm32cube.ide.mcu.externaltools.gnu-tools-for-stm32.10.3-2021.10.win32_1.0.200.202301161003/tools/bin/../lib/gcc/arm-none-eabi/10.3.1/thumb/v7-m/nofp/crtbegin.o
 .bss           0x0000000020000144      0xac4 ./Application/User/main.o
                0x0000000020000944                USBD_Device
 .bss           0x0000000020000c08     0x1000 ./Drivers/BSP/Components/flash/norflash.o
 .bss           0x0000000020001c08      0x2a0 ./Drivers/BSP/Components/spi/spi.o
                0x0000000020001c08                Spi1Handle
                0x0000000020001c60                Spi2Handle
                0x0000000020001cb8                Spi3Handle
 .bss           0x0000000020001ea8     0x126d ./Drivers/BSP/Components/usb/usbd_conf.o
                0x0000000020001ea8                hpcd
                0x0000000020003114                g_device_state
 *fill*         0x0000000020003115        0x3 
 .bss           0x0000000020003118      0x100 ./Drivers/BSP/Components/usb/usbd_desc.o
                0x0000000020003118                USBD_StrDesc
 .bss           0x0000000020003218        0x1 ./Drivers/BSP/Components/usb/usbd_storage.o
                0x0000000020003218                g_usb_state_reg
 *fill*         0x0000000020003219        0x3 
 .bss           0x000000002000321c        0x4 ./Drivers/STM32F1xx_HAL_Driver/stm32f1xx_hal.o
                0x000000002000321c                uwTick
 .bss           0x0000000020003220       0x20 ./Drivers/STM32F1xx_HAL_Driver/stm32f1xx_hal_flash.o
                0x0000000020003220                pFlash
 .bss           0x0000000020003240        0x1 ./Middlewares/STM32_USBD_Library/Core/usbd_ctlreq.o
 *fill*         0x0000000020003241        0x3 
 .bss           0x0000000020003244       0x2a ./Middlewares/Third_party/FatFs/ff.o
 *fill*         0x000000002000326e        0x2 
 .bss           0x0000000020003270       0x10 ./Middlewares/Third_party/FatFs/ff_gen_drv.o
                0x0000000020003270                disk
 *(.bss*)
 *(COMMON)
                0x0000000020003280                . = ALIGN (0x4)
                0x0000000020003280                _ebss = .
                0x0000000020003280                __bss_end__ = _ebss

._user_heap_stack
                0x0000000020003280     0x2100 load address 0x0000000008006fd0
                0x0000000020003280                . = ALIGN (0x8)
                [!provide]                        PROVIDE (end = .)
                [!provide]                        PROVIDE (_end = .)
                0x0000000020003380                . = (. + _Min_Heap_Size)
 *fill*         0x0000000020003280      0x100 
                0x0000000020003380                . = ALIGN (0x8)
                0x0000000020003380                _sstack = .
                0x0000000020005380                . = (. + _Min_Stack_Size)
 *fill*         0x0000000020003380     0x2000 
                0x0000000020005380                . = ALIGN (0x8)

/DISCARD/
 libc.a(*)
 libm.a(*)
 libgcc.a(*)

.ARM.attributes
                0x0000000000000000       0x29
 *(.ARM.attributes)
 .ARM.attributes
                0x0000000000000000       0x1d c:/st/stm32cubeide_1.12.1/stm32cubeide/plugins/com.st.stm32cube.ide.mcu.externaltools.gnu-tools-for-stm32.10.3-2021.10.win32_1.0.200.202301161003/tools/bin/../lib/gcc/arm-none-eabi/10.3.1/thumb/v7-m/nofp/crti.o
 .ARM.attributes
                0x000000000000001d       0x2d c:/st/stm32cubeide_1.12.1/stm32cubeide/plugins/com.st.stm32cube.ide.mcu.externaltools.gnu-tools-for-stm32.10.3-2021.10.win32_1.0.200.202301161003/tools/bin/../lib/gcc/arm-none-eabi/10.3.1/thumb/v7-m/nofp/crtbegin.o
 .ARM.attributes
                0x000000000000004a       0x21 ./Application/SW4STM32/startup_stm32f103rctx.o
 .ARM.attributes
                0x000000000000006b       0x2d ./Application/User/main.o
 .ARM.attributes
                0x0000000000000098       0x2d ./Application/User/stm32f1xx_it.o
 .ARM.attributes
                0x00000000000000c5       0x2d ./Drivers/BSP/Components/crypto/crypto.o
 .ARM.attributes
                0x00000000000000f2       0x2d ./Drivers/BSP/Components/flash/norflash.o
 .ARM.attributes
                0x000000000000011f       0x2d ./Drivers/BSP/Components/flash/stmflash.o
 .ARM.attributes
                0x000000000000014c       0x2d ./Drivers/BSP/Components/fs/norflash_diskio.o
 .ARM.attributes
                0x0000000000000179       0x2d ./Drivers/BSP/Components/spi/spi.o
 .ARM.attributes
                0x00000000000001a6       0x2d ./Drivers/BSP/Components/usb/usbd_conf.o
 .ARM.attributes
                0x00000000000001d3       0x2d ./Drivers/BSP/Components/usb/usbd_desc.o
 .ARM.attributes
                0x0000000000000200       0x2d ./Drivers/BSP/Components/usb/usbd_storage.o
 .ARM.attributes
                0x000000000000022d       0x2d ./Drivers/CMSIS/system_stm32f1xx.o
 .ARM.attributes
                0x000000000000025a       0x2d ./Drivers/STM32F1xx_HAL_Driver/stm32f1xx_hal.o
 .ARM.attributes
                0x0000000000000287       0x2d ./Drivers/STM32F1xx_HAL_Driver/stm32f1xx_hal_cortex.o
 .ARM.attributes
                0x00000000000002b4       0x2d ./Drivers/STM32F1xx_HAL_Driver/stm32f1xx_hal_dma.o
 .ARM.attributes
                0x00000000000002e1       0x2d ./Drivers/STM32F1xx_HAL_Driver/stm32f1xx_hal_flash.o
 .ARM.attributes
                0x000000000000030e       0x2d ./Drivers/STM32F1xx_HAL_Driver/stm32f1xx_hal_flash_ex.o
 .ARM.attributes
                0x000000000000033b       0x2d ./Drivers/STM32F1xx_HAL_Driver/stm32f1xx_hal_gpio.o
 .ARM.attributes
                0x0000000000000368       0x2d ./Drivers/STM32F1xx_HAL_Driver/stm32f1xx_hal_pcd.o
 .ARM.attributes
                0x0000000000000395       0x2d ./Drivers/STM32F1xx_HAL_Driver/stm32f1xx_hal_pcd_ex.o
 .ARM.attributes
                0x00000000000003c2       0x2d ./Drivers/STM32F1xx_HAL_Driver/stm32f1xx_hal_rcc.o
 .ARM.attributes
                0x00000000000003ef       0x2d ./Drivers/STM32F1xx_HAL_Driver/stm32f1xx_hal_rcc_ex.o
 .ARM.attributes
                0x000000000000041c       0x2d ./Drivers/STM32F1xx_HAL_Driver/stm32f1xx_hal_spi.o
 .ARM.attributes
                0x0000000000000449       0x2d ./Drivers/STM32F1xx_HAL_Driver/stm32f1xx_ll_usb.o
 .ARM.attributes
                0x0000000000000476       0x2d ./Middlewares/STM32_USBD_Library/Class/MSC/usbd_msc.o
 .ARM.attributes
                0x00000000000004a3       0x2d ./Middlewares/STM32_USBD_Library/Class/MSC/usbd_msc_bot.o
 .ARM.attributes
                0x00000000000004d0       0x2d ./Middlewares/STM32_USBD_Library/Class/MSC/usbd_msc_data.o
 .ARM.attributes
                0x00000000000004fd       0x2d ./Middlewares/STM32_USBD_Library/Class/MSC/usbd_msc_scsi.o
 .ARM.attributes
                0x000000000000052a       0x2d ./Middlewares/STM32_USBD_Library/Core/usbd_core.o
 .ARM.attributes
                0x0000000000000557       0x2d ./Middlewares/STM32_USBD_Library/Core/usbd_ctlreq.o
 .ARM.attributes
                0x0000000000000584       0x2d ./Middlewares/STM32_USBD_Library/Core/usbd_ioreq.o
 .ARM.attributes
                0x00000000000005b1       0x2d ./Middlewares/Third_party/FatFs/diskio.o
 .ARM.attributes
                0x00000000000005de       0x2d ./Middlewares/Third_party/FatFs/ff.o
 .ARM.attributes
                0x000000000000060b       0x2d ./Middlewares/Third_party/FatFs/ff_gen_drv.o
 .ARM.attributes
                0x0000000000000638       0x2d ./Middlewares/Third_party/FatFs/unicode.o
 .ARM.attributes
                0x0000000000000665       0x2d c:/st/stm32cubeide_1.12.1/stm32cubeide/plugins/com.st.stm32cube.ide.mcu.externaltools.gnu-tools-for-stm32.10.3-2021.10.win32_1.0.200.202301161003/tools/bin/../lib/gcc/arm-none-eabi/10.3.1/../../../../arm-none-eabi/lib/thumb/v7-m/nofp\libc_nano.a(lib_a-init.o)
 .ARM.attributes
                0x0000000000000692       0x2d c:/st/stm32cubeide_1.12.1/stm32cubeide/plugins/com.st.stm32cube.ide.mcu.externaltools.gnu-tools-for-stm32.10.3-2021.10.win32_1.0.200.202301161003/tools/bin/../lib/gcc/arm-none-eabi/10.3.1/../../../../arm-none-eabi/lib/thumb/v7-m/nofp\libc_nano.a(lib_a-memset.o)
 .ARM.attributes
                0x00000000000006bf       0x1d c:/st/stm32cubeide_1.12.1/stm32cubeide/plugins/com.st.stm32cube.ide.mcu.externaltools.gnu-tools-for-stm32.10.3-2021.10.win32_1.0.200.202301161003/tools/bin/../lib/gcc/arm-none-eabi/10.3.1/thumb/v7-m/nofp/crtn.o
                0x0000000020003380                _vStackBase = _sstack
                0x000000002000c000                _vStackTop = _estack
                0x00000000080001e4                _image_start = LOADADDR (.text)
                0x00000000080064f0                _image_end = _etext
                0x000000000000630c                _image_size = (_image_end - _image_start)
OUTPUT(bootloader.elf elf32-littlearm)
LOAD linker stubs
LOAD c:/st/stm32cubeide_1.12.1/stm32cubeide/plugins/com.st.stm32cube.ide.mcu.externaltools.gnu-tools-for-stm32.10.3-2021.10.win32_1.0.200.202301161003/tools/bin/../lib/gcc/arm-none-eabi/10.3.1/../../../../arm-none-eabi/lib/thumb/v7-m/nofp\libc.a
LOAD c:/st/stm32cubeide_1.12.1/stm32cubeide/plugins/com.st.stm32cube.ide.mcu.externaltools.gnu-tools-for-stm32.10.3-2021.10.win32_1.0.200.202301161003/tools/bin/../lib/gcc/arm-none-eabi/10.3.1/../../../../arm-none-eabi/lib/thumb/v7-m/nofp\libm.a
LOAD c:/st/stm32cubeide_1.12.1/stm32cubeide/plugins/com.st.stm32cube.ide.mcu.externaltools.gnu-tools-for-stm32.10.3-2021.10.win32_1.0.200.202301161003/tools/bin/../lib/gcc/arm-none-eabi/10.3.1/thumb/v7-m/nofp\libgcc.a

.debug_line     0x0000000000000000    0x1ed8b
 .debug_line    0x0000000000000000       0xa6 ./Application/SW4STM32/startup_stm32f103rctx.o
 .debug_line    0x00000000000000a6      0xf17 ./Application/User/main.o
 .debug_line    0x0000000000000fbd      0xb1e ./Application/User/stm32f1xx_it.o
 .debug_line    0x0000000000001adb      0xa52 ./Drivers/BSP/Components/crypto/crypto.o
 .debug_line    0x000000000000252d      0xee5 ./Drivers/BSP/Components/flash/norflash.o
 .debug_line    0x0000000000003412      0x7e4 ./Drivers/BSP/Components/flash/stmflash.o
 .debug_line    0x0000000000003bf6      0x56d ./Drivers/BSP/Components/fs/norflash_diskio.o
 .debug_line    0x0000000000004163      0xea8 ./Drivers/BSP/Components/spi/spi.o
 .debug_line    0x000000000000500b      0xe92 ./Drivers/BSP/Components/usb/usbd_conf.o
 .debug_line    0x0000000000005e9d      0xb4e ./Drivers/BSP/Components/usb/usbd_desc.o
 .debug_line    0x00000000000069eb      0xb41 ./Drivers/BSP/Components/usb/usbd_storage.o
 .debug_line    0x000000000000752c      0x75d ./Drivers/CMSIS/system_stm32f1xx.o
 .debug_line    0x0000000000007c89      0x9a8 ./Drivers/STM32F1xx_HAL_Driver/stm32f1xx_hal.o
 .debug_line    0x0000000000008631      0xb4d ./Drivers/STM32F1xx_HAL_Driver/stm32f1xx_hal_cortex.o
 .debug_line    0x000000000000917e     0x1148 ./Drivers/STM32F1xx_HAL_Driver/stm32f1xx_hal_dma.o
 .debug_line    0x000000000000a2c6      0xc66 ./Drivers/STM32F1xx_HAL_Driver/stm32f1xx_hal_flash.o
 .debug_line    0x000000000000af2c      0xd8b ./Drivers/STM32F1xx_HAL_Driver/stm32f1xx_hal_flash_ex.o
 .debug_line    0x000000000000bcb7      0xa65 ./Drivers/STM32F1xx_HAL_Driver/stm32f1xx_hal_gpio.o
 .debug_line    0x000000000000c71c     0x128d ./Drivers/STM32F1xx_HAL_Driver/stm32f1xx_hal_pcd.o
 .debug_line    0x000000000000d9a9      0x700 ./Drivers/STM32F1xx_HAL_Driver/stm32f1xx_hal_pcd_ex.o
 .debug_line    0x000000000000e0a9     0x108a ./Drivers/STM32F1xx_HAL_Driver/stm32f1xx_hal_rcc.o
 .debug_line    0x000000000000f133      0x969 ./Drivers/STM32F1xx_HAL_Driver/stm32f1xx_hal_rcc_ex.o
 .debug_line    0x000000000000fa9c     0x2c15 ./Drivers/STM32F1xx_HAL_Driver/stm32f1xx_hal_spi.o
 .debug_line    0x00000000000126b1     0x1617 ./Drivers/STM32F1xx_HAL_Driver/stm32f1xx_ll_usb.o
 .debug_line    0x0000000000013cc8      0xcf7 ./Middlewares/STM32_USBD_Library/Class/MSC/usbd_msc.o
 .debug_line    0x00000000000149bf      0xcd9 ./Middlewares/STM32_USBD_Library/Class/MSC/usbd_msc_bot.o
 .debug_line    0x0000000000015698      0x951 ./Middlewares/STM32_USBD_Library/Class/MSC/usbd_msc_data.o
 .debug_line    0x0000000000015fe9     0x100a ./Middlewares/STM32_USBD_Library/Class/MSC/usbd_msc_scsi.o
 .debug_line    0x0000000000016ff3      0xe57 ./Middlewares/STM32_USBD_Library/Core/usbd_core.o
 .debug_line    0x0000000000017e4a      0xf7a ./Middlewares/STM32_USBD_Library/Core/usbd_ctlreq.o
 .debug_line    0x0000000000018dc4      0xa7f ./Middlewares/STM32_USBD_Library/Core/usbd_ioreq.o
 .debug_line    0x0000000000019843      0x500 ./Middlewares/Third_party/FatFs/diskio.o
 .debug_line    0x0000000000019d43     0x48aa ./Middlewares/Third_party/FatFs/ff.o
 .debug_line    0x000000000001e5ed      0x53a ./Middlewares/Third_party/FatFs/ff_gen_drv.o
 .debug_line    0x000000000001eb27      0x264 ./Middlewares/Third_party/FatFs/unicode.o

.debug_info     0x0000000000000000    0x1ce53
 .debug_info    0x0000000000000000       0x22 ./Application/SW4STM32/startup_stm32f103rctx.o
 .debug_info    0x0000000000000022     0x19df ./Application/User/main.o
 .debug_info    0x0000000000001a01      0xbd7 ./Application/User/stm32f1xx_it.o
 .debug_info    0x00000000000025d8      0x1a8 ./Drivers/BSP/Components/crypto/crypto.o
 .debug_info    0x0000000000002780     0x10e8 ./Drivers/BSP/Components/flash/norflash.o
 .debug_info    0x0000000000003868      0x2e7 ./Drivers/BSP/Components/flash/stmflash.o
 .debug_info    0x0000000000003b4f      0x44b ./Drivers/BSP/Components/fs/norflash_diskio.o
 .debug_info    0x0000000000003f9a     0x1106 ./Drivers/BSP/Components/spi/spi.o
 .debug_info    0x00000000000050a0     0x1b18 ./Drivers/BSP/Components/usb/usbd_conf.o
 .debug_info    0x0000000000006bb8      0x646 ./Drivers/BSP/Components/usb/usbd_desc.o
 .debug_info    0x00000000000071fe      0x581 ./Drivers/BSP/Components/usb/usbd_storage.o
 .debug_info    0x000000000000777f      0x407 ./Drivers/CMSIS/system_stm32f1xx.o
 .debug_info    0x0000000000007b86      0x851 ./Drivers/STM32F1xx_HAL_Driver/stm32f1xx_hal.o
 .debug_info    0x00000000000083d7      0xdd0 ./Drivers/STM32F1xx_HAL_Driver/stm32f1xx_hal_cortex.o
 .debug_info    0x00000000000091a7      0x856 ./Drivers/STM32F1xx_HAL_Driver/stm32f1xx_hal_dma.o
 .debug_info    0x00000000000099fd      0x6b4 ./Drivers/STM32F1xx_HAL_Driver/stm32f1xx_hal_flash.o
 .debug_info    0x000000000000a0b1      0xc22 ./Drivers/STM32F1xx_HAL_Driver/stm32f1xx_hal_flash_ex.o
 .debug_info    0x000000000000acd3      0x654 ./Drivers/STM32F1xx_HAL_Driver/stm32f1xx_hal_gpio.o
 .debug_info    0x000000000000b327     0x14f7 ./Drivers/STM32F1xx_HAL_Driver/stm32f1xx_hal_pcd.o
 .debug_info    0x000000000000c81e      0x70c ./Drivers/STM32F1xx_HAL_Driver/stm32f1xx_hal_pcd_ex.o
 .debug_info    0x000000000000cf2a      0xa89 ./Drivers/STM32F1xx_HAL_Driver/stm32f1xx_hal_rcc.o
 .debug_info    0x000000000000d9b3      0x471 ./Drivers/STM32F1xx_HAL_Driver/stm32f1xx_hal_rcc_ex.o
 .debug_info    0x000000000000de24     0x1fce ./Drivers/STM32F1xx_HAL_Driver/stm32f1xx_hal_spi.o
 .debug_info    0x000000000000fdf2     0x17a9 ./Drivers/STM32F1xx_HAL_Driver/stm32f1xx_ll_usb.o
 .debug_info    0x000000000001159b      0xeae ./Middlewares/STM32_USBD_Library/Class/MSC/usbd_msc.o
 .debug_info    0x0000000000012449      0xea7 ./Middlewares/STM32_USBD_Library/Class/MSC/usbd_msc_bot.o
 .debug_info    0x00000000000132f0      0x127 ./Middlewares/STM32_USBD_Library/Class/MSC/usbd_msc_data.o
 .debug_info    0x0000000000013417     0x15b9 ./Middlewares/STM32_USBD_Library/Class/MSC/usbd_msc_scsi.o
 .debug_info    0x00000000000149d0      0xe2e ./Middlewares/STM32_USBD_Library/Core/usbd_core.o
 .debug_info    0x00000000000157fe      0xde6 ./Middlewares/STM32_USBD_Library/Core/usbd_ctlreq.o
 .debug_info    0x00000000000165e4      0x82a ./Middlewares/STM32_USBD_Library/Core/usbd_ioreq.o
 .debug_info    0x0000000000016e0e      0x481 ./Middlewares/Third_party/FatFs/diskio.o
 .debug_info    0x000000000001728f     0x5514 ./Middlewares/Third_party/FatFs/ff.o
 .debug_info    0x000000000001c7a3      0x4d7 ./Middlewares/Third_party/FatFs/ff_gen_drv.o
 .debug_info    0x000000000001cc7a      0x1d9 ./Middlewares/Third_party/FatFs/unicode.o

.debug_abbrev   0x0000000000000000     0x553a
 .debug_abbrev  0x0000000000000000       0x12 ./Application/SW4STM32/startup_stm32f103rctx.o
 .debug_abbrev  0x0000000000000012      0x418 ./Application/User/main.o
 .debug_abbrev  0x000000000000042a      0x1e6 ./Application/User/stm32f1xx_it.o
 .debug_abbrev  0x0000000000000610       0xea ./Drivers/BSP/Components/crypto/crypto.o
 .debug_abbrev  0x00000000000006fa      0x399 ./Drivers/BSP/Components/flash/norflash.o
 .debug_abbrev  0x0000000000000a93      0x154 ./Drivers/BSP/Components/flash/stmflash.o
 .debug_abbrev  0x0000000000000be7      0x19f ./Drivers/BSP/Components/fs/norflash_diskio.o
 .debug_abbrev  0x0000000000000d86      0x25c ./Drivers/BSP/Components/spi/spi.o
 .debug_abbrev  0x0000000000000fe2      0x37b ./Drivers/BSP/Components/usb/usbd_conf.o
 .debug_abbrev  0x000000000000135d      0x28a ./Drivers/BSP/Components/usb/usbd_desc.o
 .debug_abbrev  0x00000000000015e7      0x20f ./Drivers/BSP/Components/usb/usbd_storage.o
 .debug_abbrev  0x00000000000017f6      0x141 ./Drivers/CMSIS/system_stm32f1xx.o
 .debug_abbrev  0x0000000000001937      0x28a ./Drivers/STM32F1xx_HAL_Driver/stm32f1xx_hal.o
 .debug_abbrev  0x0000000000001bc1      0x352 ./Drivers/STM32F1xx_HAL_Driver/stm32f1xx_hal_cortex.o
 .debug_abbrev  0x0000000000001f13      0x253 ./Drivers/STM32F1xx_HAL_Driver/stm32f1xx_hal_dma.o
 .debug_abbrev  0x0000000000002166      0x30b ./Drivers/STM32F1xx_HAL_Driver/stm32f1xx_hal_flash.o
 .debug_abbrev  0x0000000000002471      0x2f6 ./Drivers/STM32F1xx_HAL_Driver/stm32f1xx_hal_flash_ex.o
 .debug_abbrev  0x0000000000002767      0x1e7 ./Drivers/STM32F1xx_HAL_Driver/stm32f1xx_hal_gpio.o
 .debug_abbrev  0x000000000000294e      0x38c ./Drivers/STM32F1xx_HAL_Driver/stm32f1xx_hal_pcd.o
 .debug_abbrev  0x0000000000002cda      0x1c8 ./Drivers/STM32F1xx_HAL_Driver/stm32f1xx_hal_pcd_ex.o
 .debug_abbrev  0x0000000000002ea2      0x2f5 ./Drivers/STM32F1xx_HAL_Driver/stm32f1xx_hal_rcc.o
 .debug_abbrev  0x0000000000003197      0x1e1 ./Drivers/STM32F1xx_HAL_Driver/stm32f1xx_hal_rcc_ex.o
 .debug_abbrev  0x0000000000003378      0x359 ./Drivers/STM32F1xx_HAL_Driver/stm32f1xx_hal_spi.o
 .debug_abbrev  0x00000000000036d1      0x2b2 ./Drivers/STM32F1xx_HAL_Driver/stm32f1xx_ll_usb.o
 .debug_abbrev  0x0000000000003983      0x2cc ./Middlewares/STM32_USBD_Library/Class/MSC/usbd_msc.o
 .debug_abbrev  0x0000000000003c4f      0x38a ./Middlewares/STM32_USBD_Library/Class/MSC/usbd_msc_bot.o
 .debug_abbrev  0x0000000000003fd9       0x7a ./Middlewares/STM32_USBD_Library/Class/MSC/usbd_msc_data.o
 .debug_abbrev  0x0000000000004053      0x3eb ./Middlewares/STM32_USBD_Library/Class/MSC/usbd_msc_scsi.o
 .debug_abbrev  0x000000000000443e      0x300 ./Middlewares/STM32_USBD_Library/Core/usbd_core.o
 .debug_abbrev  0x000000000000473e      0x38e ./Middlewares/STM32_USBD_Library/Core/usbd_ctlreq.o
 .debug_abbrev  0x0000000000004acc      0x1ae ./Middlewares/STM32_USBD_Library/Core/usbd_ioreq.o
 .debug_abbrev  0x0000000000004c7a      0x1bb ./Middlewares/Third_party/FatFs/diskio.o
 .debug_abbrev  0x0000000000004e35      0x3fc ./Middlewares/Third_party/FatFs/ff.o
 .debug_abbrev  0x0000000000005231      0x227 ./Middlewares/Third_party/FatFs/ff_gen_drv.o
 .debug_abbrev  0x0000000000005458       0xe2 ./Middlewares/Third_party/FatFs/unicode.o

.debug_aranges  0x0000000000000000      0xff0
 .debug_aranges
                0x0000000000000000       0x28 ./Application/SW4STM32/startup_stm32f103rctx.o
 .debug_aranges
                0x0000000000000028       0x48 ./Application/User/main.o
 .debug_aranges
                0x0000000000000070       0x80 ./Application/User/stm32f1xx_it.o
 .debug_aranges
                0x00000000000000f0       0x28 ./Drivers/BSP/Components/crypto/crypto.o
 .debug_aranges
                0x0000000000000118       0x60 ./Drivers/BSP/Components/flash/norflash.o
 .debug_aranges
                0x0000000000000178       0x28 ./Drivers/BSP/Components/flash/stmflash.o
 .debug_aranges
                0x00000000000001a0       0x40 ./Drivers/BSP/Components/fs/norflash_diskio.o
 .debug_aranges
                0x00000000000001e0       0x40 ./Drivers/BSP/Components/spi/spi.o
 .debug_aranges
                0x0000000000000220      0x110 ./Drivers/BSP/Components/usb/usbd_conf.o
 .debug_aranges
                0x0000000000000330       0x58 ./Drivers/BSP/Components/usb/usbd_desc.o
 .debug_aranges
                0x0000000000000388       0x48 ./Drivers/BSP/Components/usb/usbd_storage.o
 .debug_aranges
                0x00000000000003d0       0x28 ./Drivers/CMSIS/system_stm32f1xx.o
 .debug_aranges
                0x00000000000003f8       0xd8 ./Drivers/STM32F1xx_HAL_Driver/stm32f1xx_hal.o
 .debug_aranges
                0x00000000000004d0       0x90 ./Drivers/STM32F1xx_HAL_Driver/stm32f1xx_hal_cortex.o
 .debug_aranges
                0x0000000000000560       0x78 ./Drivers/STM32F1xx_HAL_Driver/stm32f1xx_hal_dma.o
 .debug_aranges
                0x00000000000005d8       0x78 ./Drivers/STM32F1xx_HAL_Driver/stm32f1xx_hal_flash.o
 .debug_aranges
                0x0000000000000650       0x58 ./Drivers/STM32F1xx_HAL_Driver/stm32f1xx_hal_flash_ex.o
 .debug_aranges
                0x00000000000006a8       0x58 ./Drivers/STM32F1xx_HAL_Driver/stm32f1xx_hal_gpio.o
 .debug_aranges
                0x0000000000000700       0xc0 ./Drivers/STM32F1xx_HAL_Driver/stm32f1xx_hal_pcd.o
 .debug_aranges
                0x00000000000007c0       0x28 ./Drivers/STM32F1xx_HAL_Driver/stm32f1xx_hal_pcd_ex.o
 .debug_aranges
                0x00000000000007e8       0x88 ./Drivers/STM32F1xx_HAL_Driver/stm32f1xx_hal_rcc.o
 .debug_aranges
                0x0000000000000870       0x30 ./Drivers/STM32F1xx_HAL_Driver/stm32f1xx_hal_rcc_ex.o
 .debug_aranges
                0x00000000000008a0      0x1b0 ./Drivers/STM32F1xx_HAL_Driver/stm32f1xx_hal_spi.o
 .debug_aranges
                0x0000000000000a50       0xe0 ./Drivers/STM32F1xx_HAL_Driver/stm32f1xx_ll_usb.o
 .debug_aranges
                0x0000000000000b30       0x68 ./Middlewares/STM32_USBD_Library/Class/MSC/usbd_msc.o
 .debug_aranges
                0x0000000000000b98       0x58 ./Middlewares/STM32_USBD_Library/Class/MSC/usbd_msc_bot.o
 .debug_aranges
                0x0000000000000bf0       0x18 ./Middlewares/STM32_USBD_Library/Class/MSC/usbd_msc_data.o
 .debug_aranges
                0x0000000000000c08       0x30 ./Middlewares/STM32_USBD_Library/Class/MSC/usbd_msc_scsi.o
 .debug_aranges
                0x0000000000000c38       0xa8 ./Middlewares/STM32_USBD_Library/Core/usbd_core.o
 .debug_aranges
                0x0000000000000ce0       0x50 ./Middlewares/STM32_USBD_Library/Core/usbd_ctlreq.o
 .debug_aranges
                0x0000000000000d30       0x50 ./Middlewares/STM32_USBD_Library/Core/usbd_ioreq.o
 .debug_aranges
                0x0000000000000d80       0x48 ./Middlewares/Third_party/FatFs/diskio.o
 .debug_aranges
                0x0000000000000dc8      0x1c0 ./Middlewares/Third_party/FatFs/ff.o
 .debug_aranges
                0x0000000000000f88       0x40 ./Middlewares/Third_party/FatFs/ff_gen_drv.o
 .debug_aranges
                0x0000000000000fc8       0x28 ./Middlewares/Third_party/FatFs/unicode.o

.debug_str      0x0000000000000000    0x836be
 .debug_str     0x0000000000000000       0x95 ./Application/SW4STM32/startup_stm32f103rctx.o
 .debug_str     0x0000000000000095    0x7dc94 ./Application/User/main.o
                                      0x7e1ba (size before relaxing)
 .debug_str     0x000000000007dd29      0x7fa ./Application/User/stm32f1xx_it.o
                                      0x7c9d6 (size before relaxing)
 .debug_str     0x000000000007e523       0x58 ./Drivers/BSP/Components/crypto/crypto.o
                                      0x7c1a1 (size before relaxing)
 .debug_str     0x000000000007e57b      0x80f ./Drivers/BSP/Components/flash/norflash.o
                                      0x7d153 (size before relaxing)
 .debug_str     0x000000000007ed8a      0x128 ./Drivers/BSP/Components/flash/stmflash.o
                                      0x76e70 (size before relaxing)
 .debug_str     0x000000000007eeb2       0x9f ./Drivers/BSP/Components/fs/norflash_diskio.o
                                       0x46eb (size before relaxing)
 .debug_str     0x000000000007ef51      0x399 ./Drivers/BSP/Components/spi/spi.o
                                      0x7d071 (size before relaxing)
 .debug_str     0x000000000007f2ea      0x497 ./Drivers/BSP/Components/usb/usbd_conf.o
                                      0x7cb54 (size before relaxing)
 .debug_str     0x000000000007f781      0x30d ./Drivers/BSP/Components/usb/usbd_desc.o
                                      0x7b77e (size before relaxing)
 .debug_str     0x000000000007fa8e      0x105 ./Drivers/BSP/Components/usb/usbd_storage.o
                                      0x7bff4 (size before relaxing)
 .debug_str     0x000000000007fb93      0x104 ./Drivers/CMSIS/system_stm32f1xx.o
                                      0x76b78 (size before relaxing)
 .debug_str     0x000000000007fc97      0x43c ./Drivers/STM32F1xx_HAL_Driver/stm32f1xx_hal.o
                                      0x77301 (size before relaxing)
 .debug_str     0x00000000000800d3      0x243 ./Drivers/STM32F1xx_HAL_Driver/stm32f1xx_hal_cortex.o
                                      0x7725a (size before relaxing)
 .debug_str     0x0000000000080316      0x219 ./Drivers/STM32F1xx_HAL_Driver/stm32f1xx_hal_dma.o
                                      0x76ea0 (size before relaxing)
 .debug_str     0x000000000008052f      0x268 ./Drivers/STM32F1xx_HAL_Driver/stm32f1xx_hal_flash.o
                                      0x76dd2 (size before relaxing)
 .debug_str     0x0000000000080797      0x31b ./Drivers/STM32F1xx_HAL_Driver/stm32f1xx_hal_flash_ex.o
                                      0x76f80 (size before relaxing)
 .debug_str     0x0000000000080ab2      0x2df ./Drivers/STM32F1xx_HAL_Driver/stm32f1xx_hal_gpio.o
                                      0x76e7d (size before relaxing)
 .debug_str     0x0000000000080d91      0x2f9 ./Drivers/STM32F1xx_HAL_Driver/stm32f1xx_hal_pcd.o
                                      0x7731a (size before relaxing)
 .debug_str     0x000000000008108a      0x16b ./Drivers/STM32F1xx_HAL_Driver/stm32f1xx_hal_pcd_ex.o
                                      0x76f52 (size before relaxing)
 .debug_str     0x00000000000811f5      0x270 ./Drivers/STM32F1xx_HAL_Driver/stm32f1xx_hal_rcc.o
                                      0x76f26 (size before relaxing)
 .debug_str     0x0000000000081465       0xbc ./Drivers/STM32F1xx_HAL_Driver/stm32f1xx_hal_rcc_ex.o
                                      0x76cb4 (size before relaxing)
 .debug_str     0x0000000000081521      0x594 ./Drivers/STM32F1xx_HAL_Driver/stm32f1xx_hal_spi.o
                                      0x77492 (size before relaxing)
 .debug_str     0x0000000000081ab5      0x19c ./Drivers/STM32F1xx_HAL_Driver/stm32f1xx_ll_usb.o
                                      0x76fbc (size before relaxing)
 .debug_str     0x0000000000081c51      0x37d ./Middlewares/STM32_USBD_Library/Class/MSC/usbd_msc.o
                                      0x7c2d3 (size before relaxing)
 .debug_str     0x0000000000081fce       0xc3 ./Middlewares/STM32_USBD_Library/Class/MSC/usbd_msc_bot.o
                                      0x7c1de (size before relaxing)
 .debug_str     0x0000000000082091      0x10b ./Middlewares/STM32_USBD_Library/Class/MSC/usbd_msc_data.o
                                      0x7ab60 (size before relaxing)
 .debug_str     0x000000000008219c      0x168 ./Middlewares/STM32_USBD_Library/Class/MSC/usbd_msc_scsi.o
                                      0x7c2e7 (size before relaxing)
 .debug_str     0x0000000000082304      0x149 ./Middlewares/STM32_USBD_Library/Core/usbd_core.o
                                      0x7b96c (size before relaxing)
 .debug_str     0x000000000008244d       0xd5 ./Middlewares/STM32_USBD_Library/Core/usbd_ctlreq.o
                                      0x7b886 (size before relaxing)
 .debug_str     0x0000000000082522       0x72 ./Middlewares/STM32_USBD_Library/Core/usbd_ioreq.o
                                      0x7b7b3 (size before relaxing)
 .debug_str     0x0000000000082594       0x72 ./Middlewares/Third_party/FatFs/diskio.o
                                       0x42e0 (size before relaxing)
 .debug_str     0x0000000000082606      0xfd2 ./Middlewares/Third_party/FatFs/ff.o
                                       0x45f2 (size before relaxing)
 .debug_str     0x00000000000835d8       0x8d ./Middlewares/Third_party/FatFs/ff_gen_drv.o
                                       0x4314 (size before relaxing)
 .debug_str     0x0000000000083665       0x59 ./Middlewares/Third_party/FatFs/unicode.o
                                       0x31f0 (size before relaxing)

.debug_ranges   0x0000000000000000     0x1eb8
 .debug_ranges  0x0000000000000000       0x20 ./Application/SW4STM32/startup_stm32f103rctx.o
 .debug_ranges  0x0000000000000020       0xc0 ./Application/User/main.o
 .debug_ranges  0x00000000000000e0       0x70 ./Application/User/stm32f1xx_it.o
 .debug_ranges  0x0000000000000150       0x18 ./Drivers/BSP/Components/crypto/crypto.o
 .debug_ranges  0x0000000000000168       0xd0 ./Drivers/BSP/Components/flash/norflash.o
 .debug_ranges  0x0000000000000238       0x38 ./Drivers/BSP/Components/flash/stmflash.o
 .debug_ranges  0x0000000000000270       0x30 ./Drivers/BSP/Components/fs/norflash_diskio.o
 .debug_ranges  0x00000000000002a0      0x1b8 ./Drivers/BSP/Components/spi/spi.o
 .debug_ranges  0x0000000000000458      0x180 ./Drivers/BSP/Components/usb/usbd_conf.o
 .debug_ranges  0x00000000000005d8       0x90 ./Drivers/BSP/Components/usb/usbd_desc.o
 .debug_ranges  0x0000000000000668       0x38 ./Drivers/BSP/Components/usb/usbd_storage.o
 .debug_ranges  0x00000000000006a0       0x18 ./Drivers/CMSIS/system_stm32f1xx.o
 .debug_ranges  0x00000000000006b8       0xc8 ./Drivers/STM32F1xx_HAL_Driver/stm32f1xx_hal.o
 .debug_ranges  0x0000000000000780      0x148 ./Drivers/STM32F1xx_HAL_Driver/stm32f1xx_hal_cortex.o
 .debug_ranges  0x00000000000008c8       0x98 ./Drivers/STM32F1xx_HAL_Driver/stm32f1xx_hal_dma.o
 .debug_ranges  0x0000000000000960       0xc0 ./Drivers/STM32F1xx_HAL_Driver/stm32f1xx_hal_flash.o
 .debug_ranges  0x0000000000000a20      0x118 ./Drivers/STM32F1xx_HAL_Driver/stm32f1xx_hal_flash_ex.o
 .debug_ranges  0x0000000000000b38       0x68 ./Drivers/STM32F1xx_HAL_Driver/stm32f1xx_hal_gpio.o
 .debug_ranges  0x0000000000000ba0      0x170 ./Drivers/STM32F1xx_HAL_Driver/stm32f1xx_hal_pcd.o
 .debug_ranges  0x0000000000000d10       0x18 ./Drivers/STM32F1xx_HAL_Driver/stm32f1xx_hal_pcd_ex.o
 .debug_ranges  0x0000000000000d28       0xc0 ./Drivers/STM32F1xx_HAL_Driver/stm32f1xx_hal_rcc.o
 .debug_ranges  0x0000000000000de8       0x58 ./Drivers/STM32F1xx_HAL_Driver/stm32f1xx_hal_rcc_ex.o
 .debug_ranges  0x0000000000000e40      0x1e8 ./Drivers/STM32F1xx_HAL_Driver/stm32f1xx_hal_spi.o
 .debug_ranges  0x0000000000001028      0x3e0 ./Drivers/STM32F1xx_HAL_Driver/stm32f1xx_ll_usb.o
 .debug_ranges  0x0000000000001408       0x58 ./Middlewares/STM32_USBD_Library/Class/MSC/usbd_msc.o
 .debug_ranges  0x0000000000001460       0x88 ./Middlewares/STM32_USBD_Library/Class/MSC/usbd_msc_bot.o
 .debug_ranges  0x00000000000014e8      0x170 ./Middlewares/STM32_USBD_Library/Class/MSC/usbd_msc_scsi.o
 .debug_ranges  0x0000000000001658       0x98 ./Middlewares/STM32_USBD_Library/Core/usbd_core.o
 .debug_ranges  0x00000000000016f0       0xc0 ./Middlewares/STM32_USBD_Library/Core/usbd_ctlreq.o
 .debug_ranges  0x00000000000017b0       0x40 ./Middlewares/STM32_USBD_Library/Core/usbd_ioreq.o
 .debug_ranges  0x00000000000017f0       0x38 ./Middlewares/Third_party/FatFs/diskio.o
 .debug_ranges  0x0000000000001828      0x648 ./Middlewares/Third_party/FatFs/ff.o