Archive member included to satisfy reference by file (symbol)

c:/st/stm32cubeide_1.12.1/stm32cubeide/plugins/com.st.stm32cube.ide.mcu.externaltools.gnu-tools-for-stm32.10.3-2021.10.win32_1.0.200.202301161003/tools/bin/../lib/gcc/arm-none-eabi/10.3.1/../../../../arm-none-eabi/lib/thumb/v7-m/nofp\libc_nano.a(lib_a-exit.o)
                              c:/st/stm32cubeide_1.12.1/stm32cubeide/plugins/com.st.stm32cube.ide.mcu.externaltools.gnu-tools-for-stm32.10.3-2021.10.win32_1.0.200.202301161003/tools/bin/../lib/gcc/arm-none-eabi/10.3.1/../../../../arm-none-eabi/lib/thumb/v7-m/nofp/crt0.o (exit)
c:/st/stm32cubeide_1.12.1/stm32cubeide/plugins/com.st.stm32cube.ide.mcu.externaltools.gnu-tools-for-stm32.10.3-2021.10.win32_1.0.200.202301161003/tools/bin/../lib/gcc/arm-none-eabi/10.3.1/../../../../arm-none-eabi/lib/thumb/v7-m/nofp\libc_nano.a(lib_a-impure.o)
                              c:/st/stm32cubeide_1.12.1/stm32cubeide/plugins/com.st.stm32cube.ide.mcu.externaltools.gnu-tools-for-stm32.10.3-2021.10.win32_1.0.200.202301161003/tools/bin/../lib/gcc/arm-none-eabi/10.3.1/../../../../arm-none-eabi/lib/thumb/v7-m/nofp\libc_nano.a(lib_a-exit.o) (_global_impure_ptr)
c:/st/stm32cubeide_1.12.1/stm32cubeide/plugins/com.st.stm32cube.ide.mcu.externaltools.gnu-tools-for-stm32.10.3-2021.10.win32_1.0.200.202301161003/tools/bin/../lib/gcc/arm-none-eabi/10.3.1/../../../../arm-none-eabi/lib/thumb/v7-m/nofp\libc_nano.a(lib_a-init.o)
                              c:/st/stm32cubeide_1.12.1/stm32cubeide/plugins/com.st.stm32cube.ide.mcu.externaltools.gnu-tools-for-stm32.10.3-2021.10.win32_1.0.200.202301161003/tools/bin/../lib/gcc/arm-none-eabi/10.3.1/../../../../arm-none-eabi/lib/thumb/v7-m/nofp/crt0.o (__libc_init_array)
c:/st/stm32cubeide_1.12.1/stm32cubeide/plugins/com.st.stm32cube.ide.mcu.externaltools.gnu-tools-for-stm32.10.3-2021.10.win32_1.0.200.202301161003/tools/bin/../lib/gcc/arm-none-eabi/10.3.1/../../../../arm-none-eabi/lib/thumb/v7-m/nofp\libc_nano.a(lib_a-memset.o)
                              c:/st/stm32cubeide_1.12.1/stm32cubeide/plugins/com.st.stm32cube.ide.mcu.externaltools.gnu-tools-for-stm32.10.3-2021.10.win32_1.0.200.202301161003/tools/bin/../lib/gcc/arm-none-eabi/10.3.1/../../../../arm-none-eabi/lib/thumb/v7-m/nofp/crt0.o (memset)
c:/st/stm32cubeide_1.12.1/stm32cubeide/plugins/com.st.stm32cube.ide.mcu.externaltools.gnu-tools-for-stm32.10.3-2021.10.win32_1.0.200.202301161003/tools/bin/../lib/gcc/arm-none-eabi/10.3.1/../../../../arm-none-eabi/lib/thumb/v7-m/nofp\libc_nano.a(lib_a-strcmp.o)
                              ./Application/User/fct_task.o (strcmp)
c:/st/stm32cubeide_1.12.1/stm32cubeide/plugins/com.st.stm32cube.ide.mcu.externaltools.gnu-tools-for-stm32.10.3-2021.10.win32_1.0.200.202301161003/tools/bin/../lib/gcc/arm-none-eabi/10.3.1/../../../../arm-none-eabi/lib/thumb/v7-m/nofp\libc_nano.a(lib_a-strlen.o)
                              ./Drivers/BSP/Components/ec800e/ec800e.o (strlen)
c:/st/stm32cubeide_1.12.1/stm32cubeide/plugins/com.st.stm32cube.ide.mcu.externaltools.gnu-tools-for-stm32.10.3-2021.10.win32_1.0.200.202301161003/tools/bin/../lib/gcc/arm-none-eabi/10.3.1/../../../../arm-none-eabi/lib/thumb/v7-m/nofp\libc_nano.a(lib_a-strncmp.o)
                              ./Drivers/BSP/Components/fs/fs.o (strncmp)
c:/st/stm32cubeide_1.12.1/stm32cubeide/plugins/com.st.stm32cube.ide.mcu.externaltools.gnu-tools-for-stm32.10.3-2021.10.win32_1.0.200.202301161003/tools/bin/../lib/gcc/arm-none-eabi/10.3.1/../../../../arm-none-eabi/lib/thumb/v7-m/nofp\libc_nano.a(lib_a-strncpy.o)
                              ./Drivers/CmBacktrace/cm_backtrace.o (strncpy)
c:/st/stm32cubeide_1.12.1/stm32cubeide/plugins/com.st.stm32cube.ide.mcu.externaltools.gnu-tools-for-stm32.10.3-2021.10.win32_1.0.200.202301161003/tools/bin/../lib/gcc/arm-none-eabi/10.3.1/../../../../arm-none-eabi/lib/thumb/v7-m/nofp\libc_nano.a(lib_a-vsprintf.o)
                              ./Drivers/BSP/Components/ec800e/ec800e.o (vsprintf)
c:/st/stm32cubeide_1.12.1/stm32cubeide/plugins/com.st.stm32cube.ide.mcu.externaltools.gnu-tools-for-stm32.10.3-2021.10.win32_1.0.200.202301161003/tools/bin/../lib/gcc/arm-none-eabi/10.3.1/../../../../arm-none-eabi/lib/thumb/v7-m/nofp\libc_nano.a(lib_a-nano-svfprintf.o)
                              c:/st/stm32cubeide_1.12.1/stm32cubeide/plugins/com.st.stm32cube.ide.mcu.externaltools.gnu-tools-for-stm32.10.3-2021.10.win32_1.0.200.202301161003/tools/bin/../lib/gcc/arm-none-eabi/10.3.1/../../../../arm-none-eabi/lib/thumb/v7-m/nofp\libc_nano.a(lib_a-vsprintf.o) (_svfprintf_r)
c:/st/stm32cubeide_1.12.1/stm32cubeide/plugins/com.st.stm32cube.ide.mcu.externaltools.gnu-tools-for-stm32.10.3-2021.10.win32_1.0.200.202301161003/tools/bin/../lib/gcc/arm-none-eabi/10.3.1/../../../../arm-none-eabi/lib/thumb/v7-m/nofp\libc_nano.a(lib_a-nano-vfprintf_i.o)
[...]
Memory Configuration

Name             Origin             Length             Attributes
RAM              0x0000000020000000 0x000000000000c000 xrw
FLASH            0x000000000800a000 0x0000000000032000 xr
*default*        0x0000000000000000 0xffffffffffffffff

Linker script and memory map

LOAD c:/st/stm32cubeide_1.12.1/stm32cubeide/plugins/com.st.stm32cube.ide.mcu.externaltools.gnu-tools-for-stm32.10.3-2021.10.win32_1.0.200.202301161003/tools/bin/../lib/gcc/arm-none-eabi/10.3.1/thumb/v7-m/nofp/crti.o
LOAD c:/st/stm32cubeide_1.12.1/stm32cubeide/plugins/com.st.stm32cube.ide.mcu.externaltools.gnu-tools-for-stm32.10.3-2021.10.win32_1.0.200.202301161003/tools/bin/../lib/gcc/arm-none-eabi/10.3.1/thumb/v7-m/nofp/crtbegin.o
LOAD c:/st/stm32cubeide_1.12.1/stm32cubeide/plugins/com.st.stm32cube.ide.mcu.externaltools.gnu-tools-for-stm32.10.3-2021.10.win32_1.0.200.202301161003/tools/bin/../lib/gcc/arm-none-eabi/10.3.1/../../../../arm-none-eabi/lib/thumb/v7-m/nofp/crt0.o
LOAD ./Application/SW4STM32/startup_stm32f103rctx.o
LOAD ./Application/User/application.o
LOAD ./Application/User/fct_task.o
LOAD ./Application/User/main.o
LOAD ./Application/User/stm32f1xx_it.o
LOAD ./Application/User/stm32f1xx_msp.o
LOAD ./Application/User/ui_task.o
LOAD ./Drivers/BSP/Components/delay/delay.o
LOAD ./Drivers/BSP/Components/ec800e/ec800e.o
LOAD ./Drivers/BSP/Components/encrypt/stmencrypt.o
LOAD ./Drivers/BSP/Components/flash/norflash.o
LOAD ./Drivers/BSP/Components/flash/stmflash.o
LOAD ./Drivers/BSP/Components/fs/fs.o
LOAD ./Drivers/BSP/Components/fs/norflash_diskio.o
LOAD ./Drivers/BSP/Components/hx711/hx711.o
LOAD ./Drivers/BSP/Components/key/key.o
LOAD ./Drivers/BSP/Components/lcd/ili9488.o
LOAD ./Drivers/BSP/Components/lcd/lcd.o
LOAD ./Drivers/BSP/Components/lcd/st7735s.o
LOAD ./Drivers/BSP/Components/lcd/st7796.o
LOAD ./Drivers/BSP/Components/led/led.o
LOAD ./Drivers/BSP/Components/mj8000/mj8000.o
LOAD ./Drivers/BSP/Components/redirect/malloc.o
LOAD ./Drivers/BSP/Components/redirect/printf.o
LOAD ./Drivers/BSP/Components/spi/spi.o
LOAD ./Drivers/BSP/Components/text/fonts.o
LOAD ./Drivers/BSP/Components/text/text.o
LOAD ./Drivers/BSP/Components/uart/uart.o
LOAD ./Drivers/BSP/Components/ulog/ulog.o
LOAD ./Drivers/BSP/Components/usb/usbd_conf.o
LOAD ./Drivers/BSP/Components/usb/usbd_desc.o
LOAD ./Drivers/BSP/Components/usb/usbd_storage.o
LOAD ./Drivers/BSP/Components/wtn6040/wtn6040.o
LOAD ./Drivers/CMSIS/system_stm32f1xx.o
LOAD ./Drivers/CmBacktrace/cm_backtrace.o
LOAD ./Drivers/CmBacktrace/gcc/cmb_fault.o
LOAD ./Drivers/STM32F1xx_HAL_Driver/stm32f1xx_hal.o
LOAD ./Drivers/STM32F1xx_HAL_Driver/stm32f1xx_hal_cortex.o
LOAD ./Drivers/STM32F1xx_HAL_Driver/stm32f1xx_hal_dma.o
LOAD ./Drivers/STM32F1xx_HAL_Driver/stm32f1xx_hal_flash.o
LOAD ./Drivers/STM32F1xx_HAL_Driver/stm32f1xx_hal_flash_ex.o
LOAD ./Drivers/STM32F1xx_HAL_Driver/stm32f1xx_hal_gpio.o
LOAD ./Drivers/STM32F1xx_HAL_Driver/stm32f1xx_hal_pcd.o
LOAD ./Drivers/STM32F1xx_HAL_Driver/stm32f1xx_hal_pcd_ex.o
LOAD ./Drivers/STM32F1xx_HAL_Driver/stm32f1xx_hal_rcc.o
LOAD ./Drivers/STM32F1xx_HAL_Driver/stm32f1xx_hal_rcc_ex.o
LOAD ./Drivers/STM32F1xx_HAL_Driver/stm32f1xx_hal_rtc.o
LOAD ./Drivers/STM32F1xx_HAL_Driver/stm32f1xx_hal_rtc_ex.o
LOAD ./Drivers/STM32F1xx_HAL_Driver/stm32f1xx_hal_spi.o
LOAD ./Drivers/STM32F1xx_HAL_Driver/stm32f1xx_hal_uart.o
LOAD ./Drivers/STM32F1xx_HAL_Driver/stm32f1xx_hal_usart.o
LOAD ./Drivers/STM32F1xx_HAL_Driver/stm32f1xx_ll_usb.o
LOAD ./Middlewares/STM32_USBD_Library/Class/MSC/usbd_msc.o
LOAD ./Middlewares/STM32_USBD_Library/Class/MSC/usbd_msc_bot.o
LOAD ./Middlewares/STM32_USBD_Library/Class/MSC/usbd_msc_data.o
LOAD ./Middlewares/STM32_USBD_Library/Class/MSC/usbd_msc_scsi.o
LOAD ./Middlewares/STM32_USBD_Library/Core/usbd_core.o
LOAD ./Middlewares/STM32_USBD_Library/Core/usbd_ctlreq.o
LOAD ./Middlewares/STM32_USBD_Library/Core/usbd_ioreq.o
LOAD ./Middlewares/Third_party/FatFs/diskio.o
LOAD ./Middlewares/Third_party/FatFs/ff.o
LOAD ./Middlewares/Third_party/FatFs/ff_gen_drv.o
LOAD ./Middlewares/Third_party/FatFs/unicode.o
START GROUP
LOAD c:/st/stm32cubeide_1.12.1/stm32cubeide/plugins/com.st.stm32cube.ide.mcu.externaltools.gnu-tools-for-stm32.10.3-2021.10.win32_1.0.200.202301161003/tools/bin/../lib/gcc/arm-none-eabi/10.3.1/../../../../arm-none-eabi/lib/thumb/v7-m/nofp\libc_nano.a
LOAD c:/st/stm32cubeide_1.12.1/stm32cubeide/plugins/com.st.stm32cube.ide.mcu.externaltools.gnu-tools-for-stm32.10.3-2021.10.win32_1.0.200.202301161003/tools/bin/../lib/gcc/arm-none-eabi/10.3.1/../../../../arm-none-eabi/lib/thumb/v7-m/nofp\libm.a
END GROUP
START GROUP
LOAD c:/st/stm32cubeide_1.12.1/stm32cubeide/plugins/com.st.stm32cube.ide.mcu.externaltools.gnu-tools-for-stm32.10.3-2021.10.win32_1.0.200.202301161003/tools/bin/../lib/gcc/arm-none-eabi/10.3.1/thumb/v7-m/nofp\libgcc.a
LOAD c:/st/stm32cubeide_1.12.1/stm32cubeide/plugins/com.st.stm32cube.ide.mcu.externaltools.gnu-tools-for-stm32.10.3-2021.10.win32_1.0.200.202301161003/tools/bin/../lib/gcc/arm-none-eabi/10.3.1/../../../../arm-none-eabi/lib/thumb/v7-m/nofp\libc_nano.a
END GROUP
START GROUP
LOAD c:/st/stm32cubeide_1.12.1/stm32cubeide/plugins/com.st.stm32cube.ide.mcu.externaltools.gnu-tools-for-stm32.10.3-2021.10.win32_1.0.200.202301161003/tools/bin/../lib/gcc/arm-none-eabi/10.3.1/thumb/v7-m/nofp\libgcc.a
LOAD c:/st/stm32cubeide_1.12.1/stm32cubeide/plugins/com.st.stm32cube.ide.mcu.externaltools.gnu-tools-for-stm32.10.3-2021.10.win32_1.0.200.202301161003/tools/bin/../lib/gcc/arm-none-eabi/10.3.1/../../../../arm-none-eabi/lib/thumb/v7-m/nofp\libc_nano.a
LOAD c:/st/stm32cubeide_1.12.1/stm32cubeide/plugins/com.st.stm32cube.ide.mcu.externaltools.gnu-tools-for-stm32.10.3-2021.10.win32_1.0.200.202301161003/tools/bin/../lib/gcc/arm-none-eabi/10.3.1/../../../../arm-none-eabi/lib/thumb/v7-m/nofp\libnosys.a
END GROUP
START GROUP
LOAD c:/st/stm32cubeide_1.12.1/stm32cubeide/plugins/com.st.stm32cube.ide.mcu.externaltools.gnu-tools-for-stm32.10.3-2021.10.win32_1.0.200.202301161003/tools/bin/../lib/gcc/arm-none-eabi/10.3.1/thumb/v7-m/nofp\libgcc.a
LOAD c:/st/stm32cubeide_1.12.1/stm32cubeide/plugins/com.st.stm32cube.ide.mcu.externaltools.gnu-tools-for-stm32.10.3-2021.10.win32_1.0.200.202301161003/tools/bin/../lib/gcc/arm-none-eabi/10.3.1/../../../../arm-none-eabi/lib/thumb/v7-m/nofp\libc_nano.a
LOAD c:/st/stm32cubeide_1.12.1/stm32cubeide/plugins/com.st.stm32cube.ide.mcu.externaltools.gnu-tools-for-stm32.10.3-2021.10.win32_1.0.200.202301161003/tools/bin/../lib/gcc/arm-none-eabi/10.3.1/../../../../arm-none-eabi/lib/thumb/v7-m/nofp\libnosys.a
END GROUP
LOAD c:/st/stm32cubeide_1.12.1/stm32cubeide/plugins/com.st.stm32cube.ide.mcu.externaltools.gnu-tools-for-stm32.10.3-2021.10.win32_1.0.200.202301161003/tools/bin/../lib/gcc/arm-none-eabi/10.3.1/thumb/v7-m/nofp/crtend.o
LOAD c:/st/stm32cubeide_1.12.1/stm32cubeide/plugins/com.st.stm32cube.ide.mcu.externaltools.gnu-tools-for-stm32.10.3-2021.10.win32_1.0.200.202301161003/tools/bin/../lib/gcc/arm-none-eabi/10.3.1/thumb/v7-m/nofp/crtn.o
                0x000000002000c000                _estack = (ORIGIN (RAM) + LENGTH (RAM))
                0x0000000000001000                _Min_Heap_Size = 0x1000
                0x0000000000001000                _Min_Stack_Size = 0x1000

.isr_vector     0x000000000800a000      0x1e4
                0x000000000800a000                . = ALIGN (0x4)
 *(.isr_vector)
 .isr_vector    0x000000000800a000      0x1e4 ./Application/SW4STM32/startup_stm32f103rctx.o
                0x000000000800a000                g_pfnVectors
                0x000000000800a1e4                . = ALIGN (0x4)

.text           0x000000000800a1e8     0xb264
                0x000000000800a1e8                . = ALIGN (0x4)
 *(.text)
 .text          0x000000000800a1e8       0x40 c:/st/stm32cubeide_1.12.1/stm32cubeide/plugins/com.st.stm32cube.ide.mcu.externaltools.gnu-tools-for-stm32.10.3-2021.10.win32_1.0.200.202301161003/tools/bin/../lib/gcc/arm-none-eabi/10.3.1/thumb/v7-m/nofp/crtbegin.o
 .text          0x000000000800a228        0xc ./Drivers/CmBacktrace/gcc/cmb_fault.o
                0x000000000800a228                HardFault_Handler
 .text          0x000000000800a234       0x14 c:/st/stm32cubeide_1.12.1/stm32cubeide/plugins/com.st.stm32cube.ide.mcu.externaltools.gnu-tools-for-stm32.10.3-2021.10.win32_1.0.200.202301161003/tools/bin/../lib/gcc/arm-none-eabi/10.3.1/../../../../arm-none-eabi/lib/thumb/v7-m/nofp\libc_nano.a(lib_a-strcmp.o)
                0x000000000800a234                strcmp
 .text          0x000000000800a248       0x10 c:/st/stm32cubeide_1.12.1/stm32cubeide/plugins/com.st.stm32cube.ide.mcu.externaltools.gnu-tools-for-stm32.10.3-2021.10.win32_1.0.200.202301161003/tools/bin/../lib/gcc/arm-none-eabi/10.3.1/../../../../arm-none-eabi/lib/thumb/v7-m/nofp\libc_nano.a(lib_a-strlen.o)
                0x000000000800a248                strlen
 .text          0x000000000800a258      0x378 c:/st/stm32cubeide_1.12.1/stm32cubeide/plugins/com.st.stm32cube.ide.mcu.externaltools.gnu-tools-for-stm32.10.3-2021.10.win32_1.0.200.202301161003/tools/bin/../lib/gcc/arm-none-eabi/10.3.1/thumb/v7-m/nofp\libgcc.a(_arm_addsubdf3.o)
                0x000000000800a258                __aeabi_drsub
                0x000000000800a260                __aeabi_dsub
                0x000000000800a260                __subdf3
                0x000000000800a264                __aeabi_dadd
                0x000000000800a264                __adddf3
                0x000000000800a4dc                __floatunsidf
                0x000000000800a4dc                __aeabi_ui2d
                0x000000000800a4fc                __floatsidf
                0x000000000800a4fc                __aeabi_i2d
                0x000000000800a520                __aeabi_f2d
                0x000000000800a520                __extendsfdf2
                0x000000000800a564                __floatundidf
                0x000000000800a564                __aeabi_ul2d
                0x000000000800a574                __floatdidf
                0x000000000800a574                __aeabi_l2d
 .text          0x000000000800a5d0      0x424 c:/st/stm32cubeide_1.12.1/stm32cubeide/plugins/com.st.stm32cube.ide.mcu.externaltools.gnu-tools-for-stm32.10.3-2021.10.win32_1.0.200.202301161003/tools/bin/../lib/gcc/arm-none-eabi/10.3.1/thumb/v7-m/nofp\libgcc.a(_arm_muldivdf3.o)
                0x000000000800a5d0                __aeabi_dmul
                0x000000000800a5d0                __muldf3
                0x000000000800a824                __divdf3
                0x000000000800a824                __aeabi_ddiv
 .text          0x000000000800a9f4      0x110 c:/st/stm32cubeide_1.12.1/stm32cubeide/plugins/com.st.stm32cube.ide.mcu.externaltools.gnu-tools-for-stm32.10.3-2021.10.win32_1.0.200.202301161003/tools/bin/../lib/gcc/arm-none-eabi/10.3.1/thumb/v7-m/nofp\libgcc.a(_arm_cmpdf2.o)
                0x000000000800a9f4                __gtdf2
                0x000000000800a9f4                __gedf2
                0x000000000800a9fc                __ltdf2
                0x000000000800a9fc                __ledf2
                0x000000000800aa04                __nedf2
                0x000000000800aa04                __eqdf2
                0x000000000800aa04                __cmpdf2
                0x000000000800aa80                __aeabi_cdrcmple
                0x000000000800aa90                __aeabi_cdcmpeq
                0x000000000800aa90                __aeabi_cdcmple
                0x000000000800aaa0                __aeabi_dcmpeq
                0x000000000800aab4                __aeabi_dcmplt
                0x000000000800aac8                __aeabi_dcmple
                0x000000000800aadc                __aeabi_dcmpge
                0x000000000800aaf0                __aeabi_dcmpgt
 .text          0x000000000800ab04       0x50 c:/st/stm32cubeide_1.12.1/stm32cubeide/plugins/com.st.stm32cube.ide.mcu.externaltools.gnu-tools-for-stm32.10.3-2021.10.win32_1.0.200.202301161003/tools/bin/../lib/gcc/arm-none-eabi/10.3.1/thumb/v7-m/nofp\libgcc.a(_arm_fixdfsi.o)
                0x000000000800ab04                __aeabi_d2iz
                0x000000000800ab04                __fixdfsi
 .text          0x000000000800ab54      0x21c c:/st/stm32cubeide_1.12.1/stm32cubeide/plugins/com.st.stm32cube.ide.mcu.externaltools.gnu-tools-for-stm32.10.3-2021.10.win32_1.0.200.202301161003/tools/bin/../lib/gcc/arm-none-eabi/10.3.1/thumb/v7-m/nofp\libgcc.a(_arm_addsubsf3.o)
                0x000000000800ab54                __aeabi_frsub
                0x000000000800ab5c                __subsf3
                0x000000000800ab5c                __aeabi_fsub
                0x000000000800ab60                __aeabi_fadd
                0x000000000800ab60                __addsf3
                0x000000000800acc0                __aeabi_ui2f
                0x000000000800acc0                __floatunsisf
                0x000000000800acc8                __aeabi_i2f
                0x000000000800acc8                __floatsisf
                0x000000000800ace4                __aeabi_ul2f
                0x000000000800ace4                __floatundisf
                0x000000000800acf4                __aeabi_l2f
                0x000000000800acf4                __floatdisf
 .text          0x000000000800ad70      0x2a0 c:/st/stm32cubeide_1.12.1/stm32cubeide/plugins/com.st.stm32cube.ide.mcu.externaltools.gnu-tools-for-stm32.10.3-2021.10.win32_1.0.200.202301161003/tools/bin/../lib/gcc/arm-none-eabi/10.3.1/thumb/v7-m/nofp\libgcc.a(_arm_muldivsf3.o)
                0x000000000800ad70                __mulsf3
                0x000000000800ad70                __aeabi_fmul
                0x000000000800aed8                __aeabi_fdiv
                0x000000000800aed8                __divsf3
 .text          0x000000000800b010       0x40 c:/st/stm32cubeide_1.12.1/stm32cubeide/plugins/com.st.stm32cube.ide.mcu.externaltools.gnu-tools-for-stm32.10.3-2021.10.win32_1.0.200.202301161003/tools/bin/../lib/gcc/arm-none-eabi/10.3.1/thumb/v7-m/nofp\libgcc.a(_arm_fixunssfsi.o)
                0x000000000800b010                __fixunssfsi
                0x000000000800b010                __aeabi_f2uiz
 .text          0x000000000800b050       0xa0 c:/st/stm32cubeide_1.12.1/stm32cubeide/plugins/com.st.stm32cube.ide.mcu.externaltools.gnu-tools-for-stm32.10.3-2021.10.win32_1.0.200.202301161003/tools/bin/../lib/gcc/arm-none-eabi/10.3.1/thumb/v7-m/nofp\libgcc.a(_aeabi_ldivmod.o)
                0x000000000800b050                __aeabi_ldivmod
 .text          0x000000000800b0f0       0x30 c:/st/stm32cubeide_1.12.1/stm32cubeide/plugins/com.st.stm32cube.ide.mcu.externaltools.gnu-tools-for-stm32.10.3-2021.10.win32_1.0.200.202301161003/tools/bin/../lib/gcc/arm-none-eabi/10.3.1/thumb/v7-m/nofp\libgcc.a(_aeabi_uldivmod.o)
                0x000000000800b0f0                __aeabi_uldivmod
 .text          0x000000000800b120       0x34 c:/st/stm32cubeide_1.12.1/stm32cubeide/plugins/com.st.stm32cube.ide.mcu.externaltools.gnu-tools-for-stm32.10.3-2021.10.win32_1.0.200.202301161003/tools/bin/../lib/gcc/arm-none-eabi/10.3.1/thumb/v7-m/nofp\libgcc.a(_fixdfdi.o)
                0x000000000800b120                __fixdfdi
                0x000000000800b120                __aeabi_d2lz
 .text          0x000000000800b154       0x3c c:/st/stm32cubeide_1.12.1/stm32cubeide/plugins/com.st.stm32cube.ide.mcu.externaltools.gnu-tools-for-stm32.10.3-2021.10.win32_1.0.200.202301161003/tools/bin/../lib/gcc/arm-none-eabi/10.3.1/thumb/v7-m/nofp\libgcc.a(_fixunsdfdi.o)
                0x000000000800b154                __fixunsdfdi
                0x000000000800b154                __aeabi_d2ulz
 .text          0x000000000800b190      0x2d4 c:/st/stm32cubeide_1.12.1/stm32cubeide/plugins/com.st.stm32cube.ide.mcu.externaltools.gnu-tools-for-stm32.10.3-2021.10.win32_1.0.200.202301161003/tools/bin/../lib/gcc/arm-none-eabi/10.3.1/thumb/v7-m/nofp\libgcc.a(_udivmoddi4.o)
                0x000000000800b190                __udivmoddi4
 .text          0x000000000800b464        0x4 c:/st/stm32cubeide_1.12.1/stm32cubeide/plugins/com.st.stm32cube.ide.mcu.externaltools.gnu-tools-for-stm32.10.3-2021.10.win32_1.0.200.202301161003/tools/bin/../lib/gcc/arm-none-eabi/10.3.1/thumb/v7-m/nofp\libgcc.a(_dvmd_tls.o)
                0x000000000800b464                __aeabi_idiv0
                0x000000000800b464                __aeabi_ldiv0
 .text          0x000000000800b468       0x40 c:/st/stm32cubeide_1.12.1/stm32cubeide/plugins/com.st.stm32cube.ide.mcu.externaltools.gnu-tools-for-stm32.10.3-2021.10.win32_1.0.200.202301161003/tools/bin/../lib/gcc/arm-none-eabi/10.3.1/thumb/v7-m/nofp\libgcc.a(_arm_fixunsdfsi.o)
                0x000000000800b468                __aeabi_d2uiz
                0x000000000800b468                __fixunsdfsi
 *(.text*)
 .text.Reset_Handler
                0x000000000800b4a8       0x48 ./Application/SW4STM32/startup_stm32f103rctx.o
                0x000000000800b4a8                Reset_Handler
 .text.Default_Handler
                0x000000000800b4f0        0x2 ./Application/SW4STM32/startup_stm32f103rctx.o
                0x000000000800b4f0                RTC_Alarm_IRQHandler
                0x000000000800b4f0                EXTI2_IRQHandler
                0x000000000800b4f0                TIM8_TRG_COM_IRQHandler
                0x000000000800b4f0                TIM8_CC_IRQHandler
                0x000000000800b4f0                TIM1_CC_IRQHandler
                0x000000000800b4f0                TIM6_IRQHandler
                0x000000000800b4f0                PVD_IRQHandler
                0x000000000800b4f0                SDIO_IRQHandler
                0x000000000800b4f0                EXTI3_IRQHandler
                0x000000000800b4f0                EXTI0_IRQHandler
                0x000000000800b4f0                I2C2_EV_IRQHandler
                0x000000000800b4f0                ADC1_2_IRQHandler
                0x000000000800b4f0                SPI1_IRQHandler
                0x000000000800b4f0                TAMPER_IRQHandler
                0x000000000800b4f0                TIM8_UP_IRQHandler
                0x000000000800b4f0                USART3_IRQHandler
                0x000000000800b4f0                RTC_IRQHandler
                0x000000000800b4f0                CAN1_RX1_IRQHandler
                0x000000000800b4f0                UART5_IRQHandler
                0x000000000800b4f0                ADC3_IRQHandler
                0x000000000800b4f0                TIM4_IRQHandler
                0x000000000800b4f0                I2C1_EV_IRQHandler
                0x000000000800b4f0                TIM3_IRQHandler
                0x000000000800b4f0                RCC_IRQHandler
                0x000000000800b4f0                TIM1_TRG_COM_IRQHandler
                0x000000000800b4f0                DMA1_Channel1_IRQHandler
                0x000000000800b4f0                Default_Handler
                0x000000000800b4f0                TIM7_IRQHandler
                0x000000000800b4f0                TIM5_IRQHandler
                0x000000000800b4f0                EXTI9_5_IRQHandler
                0x000000000800b4f0                SPI2_IRQHandler
                0x000000000800b4f0                EXTI4_IRQHandler
                0x000000000800b4f0                USB_HP_CAN1_TX_IRQHandler
                0x000000000800b4f0                FSMC_IRQHandler
                0x000000000800b4f0                TIM1_UP_IRQHandler
                0x000000000800b4f0                WWDG_IRQHandler
                0x000000000800b4f0                TIM2_IRQHandler
                0x000000000800b4f0                TIM1_BRK_IRQHandler
                0x000000000800b4f0                EXTI1_IRQHandler
                0x000000000800b4f0                I2C2_ER_IRQHandler
                0x000000000800b4f0                TIM8_BRK_IRQHandler
                0x000000000800b4f0                CAN1_SCE_IRQHandler
                0x000000000800b4f0                FLASH_IRQHandler
                0x000000000800b4f0                SPI3_IRQHandler
                0x000000000800b4f0                I2C1_ER_IRQHandler
                0x000000000800b4f0                USBWakeUp_IRQHandler
 *fill*         0x000000000800b4f2        0x2 
 .text.weight_task_handle
                0x000000000800b4f4       0x5c ./Application/User/application.o
                0x000000000800b4f4                weight_task_handle
 .text.fct_encrypt_test
                0x000000000800b550       0x4c ./Application/User/fct_task.o
                0x000000000800b550                fct_encrypt_test
 .text.fct_power_test
                0x000000000800b59c       0x5c ./Application/User/fct_task.o
                0x000000000800b59c                fct_power_test
 .text.fct_hx711_test
                0x000000000800b5f8       0x48 ./Application/User/fct_task.o
                0x000000000800b5f8                fct_hx711_test
 .text.cmd_factorytest
                0x000000000800b640       0xc8 ./Application/User/fct_task.o
                0x000000000800b640                cmd_factorytest
 .text.fct_task_handle
                0x000000000800b708       0xc4 ./Application/User/fct_task.o
                0x000000000800b708                fct_task_handle
 .text.usmart_recive_callback
                0x000000000800b7cc       0x6c ./Application/User/fct_task.o
                0x000000000800b7cc                usmart_recive_callback
 .text.SystemClock_Config
                0x000000000800b838       0x72 ./Application/User/main.o
                0x000000000800b838                SystemClock_Config
 *fill*         0x000000000800b8aa        0x2 
 .text.startup.main
                0x000000000800b8ac       0xd0 ./Application/User/main.o
                0x000000000800b8ac                main
 .text.Error_Handler
                0x000000000800b97c        0x2 ./Application/User/main.o
                0x000000000800b97c                Error_Handler
 .text.NMI_Handler
                0x000000000800b97e        0x2 ./Application/User/stm32f1xx_it.o
                0x000000000800b97e                NMI_Handler
 .text.MemManage_Handler
                0x000000000800b980        0x2 ./Application/User/stm32f1xx_it.o
                0x000000000800b980                MemManage_Handler
 .text.BusFault_Handler
                0x000000000800b982        0x2 ./Application/User/stm32f1xx_it.o
                0x000000000800b982                BusFault_Handler
 .text.UsageFault_Handler
                0x000000000800b984        0x2 ./Application/User/stm32f1xx_it.o
                0x000000000800b984                UsageFault_Handler
 .text.SVC_Handler
                0x000000000800b986        0x2 ./Application/User/stm32f1xx_it.o
                0x000000000800b986                SVC_Handler
 .text.DebugMon_Handler
                0x000000000800b988        0x2 ./Application/User/stm32f1xx_it.o
                0x000000000800b988                DebugMon_Handler
 .text.PendSV_Handler
                0x000000000800b98a        0x2 ./Application/User/stm32f1xx_it.o
                0x000000000800b98a                PendSV_Handler
 .text.SysTick_Handler
                0x000000000800b98c        0x4 ./Application/User/stm32f1xx_it.o
                0x000000000800b98c                SysTick_Handler
 .text.USB_LP_CAN1_RX0_IRQHandler
                0x000000000800b990        0xc ./Application/User/stm32f1xx_it.o
                0x000000000800b990                USB_LP_CAN1_RX0_IRQHandler
 .text.DMA1_Channel2_IRQHandler
                0x000000000800b99c        0xc ./Application/User/stm32f1xx_it.o
                0x000000000800b99c                DMA1_Channel2_IRQHandler
 .text.DMA1_Channel3_IRQHandler
                0x000000000800b9a8        0xc ./Application/User/stm32f1xx_it.o
                0x000000000800b9a8                DMA1_Channel3_IRQHandler
 .text.DMA1_Channel4_IRQHandler
                0x000000000800b9b4        0xc ./Application/User/stm32f1xx_it.o
                0x000000000800b9b4                DMA1_Channel4_IRQHandler
 .text.DMA1_Channel5_IRQHandler
                0x000000000800b9c0        0xc ./Application/User/stm32f1xx_it.o
                0x000000000800b9c0                DMA1_Channel5_IRQHandler
 .text.DMA2_Channel1_IRQHandler
                0x000000000800b9cc        0xc ./Application/User/stm32f1xx_it.o
                0x000000000800b9cc                DMA2_Channel1_IRQHandler
 .text.DMA2_Channel2_IRQHandler
                0x000000000800b9d8        0xc ./Application/User/stm32f1xx_it.o
                0x000000000800b9d8                DMA2_Channel2_IRQHandler
 .text.USART1_IRQHandler
                0x000000000800b9e4        0xc ./Application/User/stm32f1xx_it.o
                0x000000000800b9e4                USART1_IRQHandler
 .text.DMA1_Channel6_IRQHandler
                0x000000000800b9f0        0xc ./Application/User/stm32f1xx_it.o
                0x000000000800b9f0                DMA1_Channel6_IRQHandler
 .text.DMA1_Channel7_IRQHandler
                0x000000000800b9fc        0xc ./Application/User/stm32f1xx_it.o
                0x000000000800b9fc                DMA1_Channel7_IRQHandler
 .text.USART2_IRQHandler
                0x000000000800ba08       0x38 ./Application/User/stm32f1xx_it.o
                0x000000000800ba08                USART2_IRQHandler
 .text.DMA2_Channel3_IRQHandler
                0x000000000800ba40        0xc ./Application/User/stm32f1xx_it.o
                0x000000000800ba40                DMA2_Channel3_IRQHandler
 .text.DMA2_Channel4_5_IRQHandler
                0x000000000800ba4c        0xc ./Application/User/stm32f1xx_it.o
                0x000000000800ba4c                DMA2_Channel4_5_IRQHandler
 .text.UART4_IRQHandler
                0x000000000800ba58       0x38 ./Application/User/stm32f1xx_it.o
                0x000000000800ba58                UART4_IRQHandler
 .text.EXTI15_10_IRQHandler
                0x000000000800ba90        0x2 ./Application/User/stm32f1xx_it.o
                0x000000000800ba90                EXTI15_10_IRQHandler
 *fill*         0x000000000800ba92        0x2 
 .text.set_draw_update_bit
                0x000000000800ba94       0x10 ./Application/User/ui_task.o
                0x000000000800ba94                set_draw_update_bit
 .text.draw_single
                0x000000000800baa4       0x98 ./Application/User/ui_task.o
                0x000000000800baa4                draw_single
 .text.draw_update.part.0
                0x000000000800bb3c      0x2a4 ./Application/User/ui_task.o
 .text.ui_init  0x000000000800bde0       0x10 ./Application/User/ui_task.o
                0x000000000800bde0                ui_init
 .text.ui_task_handle
                0x000000000800bdf0       0x10 ./Application/User/ui_task.o
                0x000000000800bdf0                ui_task_handle
 .text.delay_init
                0x000000000800be00        0xc ./Drivers/BSP/Components/delay/delay.o
                0x000000000800be00                delay_init
 .text.delay_us
                0x000000000800be0c       0x30 ./Drivers/BSP/Components/delay/delay.o
                0x000000000800be0c                delay_us
 .text.delay_ms
                0x000000000800be3c        0xa ./Drivers/BSP/Components/delay/delay.o
                0x000000000800be3c                delay_ms
 .text.HAL_Delay
                0x000000000800be46        0x6 ./Drivers/BSP/Components/delay/delay.o
                0x000000000800be46                HAL_Delay
 .text.ec800e_uart_printf
                0x000000000800be4c       0x30 ./Drivers/BSP/Components/ec800e/ec800e.o
                0x000000000800be4c                ec800e_uart_printf
 .text.ec800e_task_handle
                0x000000000800be7c       0x44 ./Drivers/BSP/Components/ec800e/ec800e.o
                0x000000000800be7c                ec800e_task_handle
 .text.ec800e_uart_rx_callback
                0x000000000800bec0       0x1c ./Drivers/BSP/Components/ec800e/ec800e.o
                0x000000000800bec0                ec800e_uart_rx_callback
 .text.ec800e_init
                0x000000000800bedc       0x70 ./Drivers/BSP/Components/ec800e/ec800e.o
                0x000000000800bedc                ec800e_init
 .text.stm_read_uuid
                0x000000000800bf4c       0x44 ./Drivers/BSP/Components/encrypt/stmencrypt.o
                0x000000000800bf4c                stm_read_uuid
 .text.stm_generate_key
                0x000000000800bf90       0x3c ./Drivers/BSP/Components/encrypt/stmencrypt.o
                0x000000000800bf90                stm_generate_key
 .text.stmencrypt_write_key
                0x000000000800bfcc       0x5c ./Drivers/BSP/Components/encrypt/stmencrypt.o
                0x000000000800bfcc                stmencrypt_write_key
 .text.stmencrypt_cmp_key
                0x000000000800c028       0x2c ./Drivers/BSP/Components/encrypt/stmencrypt.o
                0x000000000800c028                stmencrypt_cmp_key
 .text.get_stmencrypt_status
                0x000000000800c054        0xc ./Drivers/BSP/Components/encrypt/stmencrypt.o
                0x000000000800c054                get_stmencrypt_status
 .text.stmencrypt_init
                0x000000000800c060       0x38 ./Drivers/BSP/Components/encrypt/stmencrypt.o
                0x000000000800c060                stmencrypt_init
 .text.norflash_write_enable
                0x000000000800c098       0x3c ./Drivers/BSP/Components/flash/norflash.o
 .text.norflash_wait_busy
                0x000000000800c0d4       0x5c ./Drivers/BSP/Components/flash/norflash.o
 .text.norflash_sector_erase
                0x000000000800c130       0x5c ./Drivers/BSP/Components/flash/norflash.o
 .text.norflash_page_write.part.0
                0x000000000800c18c       0x68 ./Drivers/BSP/Components/flash/norflash.o
 .text.norflash_write_nocheck
                0x000000000800c1f4       0x42 ./Drivers/BSP/Components/flash/norflash.o
 *fill*         0x000000000800c236        0x2 
 .text.norflash_read
                0x000000000800c238       0x68 ./Drivers/BSP/Components/flash/norflash.o
                0x000000000800c238                norflash_read
 .text.norflash_write
                0x000000000800c2a0       0xb0 ./Drivers/BSP/Components/flash/norflash.o
                0x000000000800c2a0                norflash_write
 .text.norflash_init
                0x000000000800c350       0xf4 ./Drivers/BSP/Components/flash/norflash.o
                0x000000000800c350                norflash_init
 .text.stmflash_write
                0x000000000800c444       0x8c ./Drivers/BSP/Components/flash/stmflash.o
                0x000000000800c444                stmflash_write
 .text.stmflash_erase
                0x000000000800c4d0       0x60 ./Drivers/BSP/Components/flash/stmflash.o
                0x000000000800c4d0                stmflash_erase
 .text.get_device_xoruid
                0x000000000800c530       0x1e ./Drivers/BSP/Components/fs/fs.o
                0x000000000800c530                get_device_xoruid
 *fill*         0x000000000800c54e        0x2 
 .text.update_details_file
                0x000000000800c550       0xa4 ./Drivers/BSP/Components/fs/fs.o
                0x000000000800c550                update_details_file
 .text.fs_init  0x000000000800c5f4       0xf4 ./Drivers/BSP/Components/fs/fs.o
                0x000000000800c5f4                fs_init
 .text.FLASHDISK_initialize
                0x000000000800c6e8       0x18 ./Drivers/BSP/Components/fs/norflash_diskio.o
                0x000000000800c6e8                FLASHDISK_initialize
 .text.FLASHDISK_status
                0x000000000800c700        0xc ./Drivers/BSP/Components/fs/norflash_diskio.o
                0x000000000800c700                FLASHDISK_status
 .text.FLASHDISK_read
                0x000000000800c70c       0x12 ./Drivers/BSP/Components/fs/norflash_diskio.o
                0x000000000800c70c                FLASHDISK_read
 .text.FLASHDISK_write
                0x000000000800c71e       0x12 ./Drivers/BSP/Components/fs/norflash_diskio.o
                0x000000000800c71e                FLASHDISK_write
 .text.FLASHDISK_ioctl
                0x000000000800c730       0x44 ./Drivers/BSP/Components/fs/norflash_diskio.o
                0x000000000800c730                FLASHDISK_ioctl
 .text.hx711_read
                0x000000000800c774       0x8c ./Drivers/BSP/Components/hx711/hx711.o
 .text.hx711_set_zero
                0x000000000800c800       0x28 ./Drivers/BSP/Components/hx711/hx711.o
                0x000000000800c800                hx711_set_zero
 .text.hx711_set_calibration
                0x000000000800c828       0x70 ./Drivers/BSP/Components/hx711/hx711.o
                0x000000000800c828                hx711_set_calibration
 .text.hx711_get_weight
                0x000000000800c898       0x34 ./Drivers/BSP/Components/hx711/hx711.o
                0x000000000800c898                hx711_get_weight
 .text.hx711_init
                0x000000000800c8cc       0x60 ./Drivers/BSP/Components/hx711/hx711.o
                0x000000000800c8cc                hx711_init
 .text.key_init
                0x000000000800c92c       0x50 ./Drivers/BSP/Components/key/key.o
                0x000000000800c92c                key_init
 .text.lcd_write_data
                0x000000000800c97c       0x28 ./Drivers/BSP/Components/lcd/lcd.o
                0x000000000800c97c                lcd_write_data
 .text.lcd_write_cmddata
                0x000000000800c9a4       0x44 ./Drivers/BSP/Components/lcd/lcd.o
                0x000000000800c9a4                lcd_write_cmddata
 .text.lcd_panel_exec_cmd
                0x000000000800c9e8       0x36 ./Drivers/BSP/Components/lcd/lcd.o
                0x000000000800c9e8                lcd_panel_exec_cmd
 *fill*         0x000000000800ca1e        0x2 
 .text.lcd_draw_point
                0x000000000800ca20       0x14 ./Drivers/BSP/Components/lcd/lcd.o
                0x000000000800ca20                lcd_draw_point
 .text.lcd_draw_hline
                0x000000000800ca34       0x18 ./Drivers/BSP/Components/lcd/lcd.o
                0x000000000800ca34                lcd_draw_hline
 .text.lcd_draw_vline
                0x000000000800ca4c       0x18 ./Drivers/BSP/Components/lcd/lcd.o
                0x000000000800ca4c                lcd_draw_vline
 .text.lcd_draw_fill
                0x000000000800ca64       0x42 ./Drivers/BSP/Components/lcd/lcd.o
                0x000000000800ca64                lcd_draw_fill
 *fill*         0x000000000800caa6        0x2 
 .text.lcd_init
                0x000000000800caa8       0xf8 ./Drivers/BSP/Components/lcd/lcd.o
                0x000000000800caa8                lcd_init
 .text.st7796_DisplayOn
                0x000000000800cba0        0x2 ./Drivers/BSP/Components/lcd/st7796.o
                0x000000000800cba0                st7796_DisplayOn
 *fill*         0x000000000800cba2        0x2 
 .text.st7796_GetLcdPixelWidth
                0x000000000800cba4        0xc ./Drivers/BSP/Components/lcd/st7796.o
                0x000000000800cba4                st7796_GetLcdPixelWidth
 .text.st7796_GetLcdPixelHeight
                0x000000000800cbb0        0xc ./Drivers/BSP/Components/lcd/st7796.o
                0x000000000800cbb0                st7796_GetLcdPixelHeight
 .text.st7796_SetCursor
                0x000000000800cbbc       0x68 ./Drivers/BSP/Components/lcd/st7796.o
                0x000000000800cbbc                st7796_SetCursor
 .text.st7796_SetDisplayWindow
                0x000000000800cc24       0x5e ./Drivers/BSP/Components/lcd/st7796.o
                0x000000000800cc24                st7796_SetDisplayWindow
 *fill*         0x000000000800cc82        0x2 
 .text.st7796_Fill
                0x000000000800cc84       0x6c ./Drivers/BSP/Components/lcd/st7796.o
                0x000000000800cc84                st7796_Fill
 .text.st7796_DrawBitmap
                0x000000000800ccf0       0x54 ./Drivers/BSP/Components/lcd/st7796.o
                0x000000000800ccf0                st7796_DrawBitmap
 .text.st7796_WritePixel
                0x000000000800cd44       0x30 ./Drivers/BSP/Components/lcd/st7796.o
                0x000000000800cd44                st7796_WritePixel
 .text.st7796_DrawVLine
                0x000000000800cd74       0x30 ./Drivers/BSP/Components/lcd/st7796.o
                0x000000000800cd74                st7796_DrawVLine
 .text.st7796_DrawHLine
                0x000000000800cda4       0x36 ./Drivers/BSP/Components/lcd/st7796.o
                0x000000000800cda4                st7796_DrawHLine
 .text.st7796_DisplayOff
                0x000000000800cdda        0x2 ./Drivers/BSP/Components/lcd/st7796.o
                0x000000000800cdda                st7796_DisplayOff
 .text.st7796_Clear
                0x000000000800cddc       0x38 ./Drivers/BSP/Components/lcd/st7796.o
                0x000000000800cddc                st7796_Clear
 .text.st7796_Init
                0x000000000800ce14       0x2c ./Drivers/BSP/Components/lcd/st7796.o
                0x000000000800ce14                st7796_Init
 .text.st7796_probe
                0x000000000800ce40        0x8 ./Drivers/BSP/Components/lcd/st7796.o
                0x000000000800ce40                st7796_probe
 .text.led_init
                0x000000000800ce48       0x78 ./Drivers/BSP/Components/led/led.o
                0x000000000800ce48                led_init
 .text.led_task_handle
                0x000000000800cec0       0x30 ./Drivers/BSP/Components/led/led.o
                0x000000000800cec0                led_task_handle
 .text.mj8000_task_handle
                0x000000000800cef0       0x40 ./Drivers/BSP/Components/mj8000/mj8000.o
                0x000000000800cef0                mj8000_task_handle
 .text.mj8000_uart_rx_callback
                0x000000000800cf30       0x1c ./Drivers/BSP/Components/mj8000/mj8000.o
                0x000000000800cf30                mj8000_uart_rx_callback
 .text.mj8000_init
                0x000000000800cf4c       0x70 ./Drivers/BSP/Components/mj8000/mj8000.o
                0x000000000800cf4c                mj8000_init
 .text._out_buffer
                0x000000000800cfbc        0x8 ./Drivers/BSP/Components/redirect/printf.o
 .text._out_null
                0x000000000800cfc4        0x2 ./Drivers/BSP/Components/redirect/printf.o
 .text._out_rev
                0x000000000800cfc6       0x86 ./Drivers/BSP/Components/redirect/printf.o
 .text._ntoa_format
                0x000000000800d04c      0x10a ./Drivers/BSP/Components/redirect/printf.o
 .text._ntoa_long
                0x000000000800d156       0x84 ./Drivers/BSP/Components/redirect/printf.o
 .text._ntoa_long_long
                0x000000000800d1da       0xa2 ./Drivers/BSP/Components/redirect/printf.o
 *fill*         0x000000000800d27c        0x4 
 .text._etoa    0x000000000800d280      0x400 ./Drivers/BSP/Components/redirect/printf.o
 .text._ftoa    0x000000000800d680      0x36c ./Drivers/BSP/Components/redirect/printf.o
 .text._vsnprintf
                0x000000000800d9ec      0x534 ./Drivers/BSP/Components/redirect/printf.o
 .text.sprintf  0x000000000800df20       0x28 ./Drivers/BSP/Components/redirect/printf.o
                0x000000000800df20                sprintf
 .text.snprintf
                0x000000000800df48       0x28 ./Drivers/BSP/Components/redirect/printf.o
                0x000000000800df48                snprintf
 .text.vsnprintf
                0x000000000800df70       0x1c ./Drivers/BSP/Components/redirect/printf.o
                0x000000000800df70                vsnprintf
 .text.spi1_init
                0x000000000800df8c       0x48 ./Drivers/BSP/Components/spi/spi.o
                0x000000000800df8c                spi1_init
 .text.spi2_init
                0x000000000800dfd4       0x54 ./Drivers/BSP/Components/spi/spi.o
                0x000000000800dfd4                spi2_init
 .text.HAL_SPI_MspInit
                0x000000000800e028      0x228 ./Drivers/BSP/Components/spi/spi.o
                0x000000000800e028                HAL_SPI_MspInit
 .text.fonts_init
                0x000000000800e250        0x2 ./Drivers/BSP/Components/text/fonts.o
                0x000000000800e250                fonts_init
 *fill*         0x000000000800e252        0x2 
 .text.text_get_hz_mat.constprop.0
                0x000000000800e254       0xf0 ./Drivers/BSP/Components/text/text.o
 .text.text_show_font
                0x000000000800e344       0xb4 ./Drivers/BSP/Components/text/text.o
                0x000000000800e344                text_show_font
 .text.lcd_show_char
                0x000000000800e3f8      0x104 ./Drivers/BSP/Components/text/text.o
                0x000000000800e3f8                lcd_show_char
 .text.text_show_string
                0x000000000800e4fc       0xbc ./Drivers/BSP/Components/text/text.o
                0x000000000800e4fc                text_show_string
 .text.text_show_string_middle
                0x000000000800e5b8       0xc0 ./Drivers/BSP/Components/text/text.o
                0x000000000800e5b8                text_show_string_middle
 .text.text_show_string_left
                0x000000000800e678       0x78 ./Drivers/BSP/Components/text/text.o
                0x000000000800e678                text_show_string_left
 .text.uart1_init
                0x000000000800e6f0       0x44 ./Drivers/BSP/Components/uart/uart.o
                0x000000000800e6f0                uart1_init
 .text.uart1_sync_output
                0x000000000800e734       0x14 ./Drivers/BSP/Components/uart/uart.o
                0x000000000800e734                uart1_sync_output
 .text.uart2_init
                0x000000000800e748       0x38 ./Drivers/BSP/Components/uart/uart.o
                0x000000000800e748                uart2_init
 .text.uart2_sync_output
                0x000000000800e780       0x28 ./Drivers/BSP/Components/uart/uart.o
                0x000000000800e780                uart2_sync_output
 .text.uart2_recive_dma
                0x000000000800e7a8       0x10 ./Drivers/BSP/Components/uart/uart.o
                0x000000000800e7a8                uart2_recive_dma
 .text.uart4_init
                0x000000000800e7b8       0x3c ./Drivers/BSP/Components/uart/uart.o
                0x000000000800e7b8                uart4_init
 .text.uart4_sync_output
                0x000000000800e7f4       0x14 ./Drivers/BSP/Components/uart/uart.o
                0x000000000800e7f4                uart4_sync_output
 .text.uart4_recive_dma
                0x000000000800e808       0x10 ./Drivers/BSP/Components/uart/uart.o
                0x000000000800e808                uart4_recive_dma
 .text.HAL_UART_RxCpltCallback
                0x000000000800e818       0x2c ./Drivers/BSP/Components/uart/uart.o
                0x000000000800e818                HAL_UART_RxCpltCallback
 .text.HAL_UART_MspInit
                0x000000000800e844      0x2d8 ./Drivers/BSP/Components/uart/uart.o
                0x000000000800e844                HAL_UART_MspInit
 .text.ulog_init
                0x000000000800eb1c       0x14 ./Drivers/BSP/Components/ulog/ulog.o
                0x000000000800eb1c                ulog_init
 .text.ulog_sync_output
                0x000000000800eb30       0x5c ./Drivers/BSP/Components/ulog/ulog.o
                0x000000000800eb30                ulog_sync_output
 .text.HAL_PCD_SetupStageCallback
                0x000000000800eb8c        0xc ./Drivers/BSP/Components/usb/usbd_conf.o
                0x000000000800eb8c                HAL_PCD_SetupStageCallback
 .text.HAL_PCD_DataOutStageCallback
                0x000000000800eb98       0x10 ./Drivers/BSP/Components/usb/usbd_conf.o
                0x000000000800eb98                HAL_PCD_DataOutStageCallback
 .text.HAL_PCD_DataInStageCallback
                0x000000000800eba8        0xe ./Drivers/BSP/Components/usb/usbd_conf.o
                0x000000000800eba8                HAL_PCD_DataInStageCallback
 .text.HAL_PCD_SOFCallback
                0x000000000800ebb6        0x8 ./Drivers/BSP/Components/usb/usbd_conf.o
                0x000000000800ebb6                HAL_PCD_SOFCallback
 .text.HAL_PCD_ResetCallback
                0x000000000800ebbe       0x1a ./Drivers/BSP/Components/usb/usbd_conf.o
                0x000000000800ebbe                HAL_PCD_ResetCallback
 .text.HAL_PCD_SuspendCallback
                0x000000000800ebd8       0x14 ./Drivers/BSP/Components/usb/usbd_conf.o
                0x000000000800ebd8                HAL_PCD_SuspendCallback
 .text.HAL_PCD_ResumeCallback
                0x000000000800ebec        0x8 ./Drivers/BSP/Components/usb/usbd_conf.o
                0x000000000800ebec                HAL_PCD_ResumeCallback
 .text.USBD_LL_OpenEP
                0x000000000800ebf4       0x14 ./Drivers/BSP/Components/usb/usbd_conf.o
                0x000000000800ebf4                USBD_LL_OpenEP
 .text.USBD_LL_StallEP
                0x000000000800ec08        0xe ./Drivers/BSP/Components/usb/usbd_conf.o
                0x000000000800ec08                USBD_LL_StallEP
 .text.USBD_LL_ClearStallEP
                0x000000000800ec16        0xe ./Drivers/BSP/Components/usb/usbd_conf.o
                0x000000000800ec16                USBD_LL_ClearStallEP
 .text.USBD_LL_IsStallEP
                0x000000000800ec24       0x20 ./Drivers/BSP/Components/usb/usbd_conf.o
                0x000000000800ec24                USBD_LL_IsStallEP
 .text.USBD_LL_SetUSBAddress
                0x000000000800ec44        0xe ./Drivers/BSP/Components/usb/usbd_conf.o
                0x000000000800ec44                USBD_LL_SetUSBAddress
 .text.USBD_LL_Transmit
                0x000000000800ec52        0xe ./Drivers/BSP/Components/usb/usbd_conf.o
                0x000000000800ec52                USBD_LL_Transmit
 .text.USBD_LL_PrepareReceive
                0x000000000800ec60        0xe ./Drivers/BSP/Components/usb/usbd_conf.o
                0x000000000800ec60                USBD_LL_PrepareReceive
 *fill*         0x000000000800ec6e        0x2 
 .text.wtn6040_init
                0x000000000800ec70       0x70 ./Drivers/BSP/Components/wtn6040/wtn6040.o
                0x000000000800ec70                wtn6040_init
 .text.wtn6040_write_data
                0x000000000800ece0       0x80 ./Drivers/BSP/Components/wtn6040/wtn6040.o
                0x000000000800ece0                wtn6040_write_data
 .text.wtn6040_task_handle
                0x000000000800ed60       0x30 ./Drivers/BSP/Components/wtn6040/wtn6040.o
                0x000000000800ed60                wtn6040_task_handle
 .text.SystemInit
                0x000000000800ed90       0x4c ./Drivers/CMSIS/system_stm32f1xx.o
                0x000000000800ed90                SystemInit
 .text.dump_stack
                0x000000000800eddc       0x88 ./Drivers/CmBacktrace/cm_backtrace.o
 .text.cm_backtrace_init
                0x000000000800ee64       0x78 ./Drivers/CmBacktrace/cm_backtrace.o
                0x000000000800ee64                cm_backtrace_init
 .text.cm_backtrace_firmware_info
                0x000000000800eedc       0x34 ./Drivers/CmBacktrace/cm_backtrace.o
                0x000000000800eedc                cm_backtrace_firmware_info
 .text.cm_backtrace_call_stack
                0x000000000800ef10       0xc8 ./Drivers/CmBacktrace/cm_backtrace.o
                0x000000000800ef10                cm_backtrace_call_stack
 .text.print_call_stack
                0x000000000800efd8       0x98 ./Drivers/CmBacktrace/cm_backtrace.o
 .text.cm_backtrace_fault
                0x000000000800f070      0x4b8 ./Drivers/CmBacktrace/cm_backtrace.o
                0x000000000800f070                cm_backtrace_fault
 .text.HAL_MspInit
                0x000000000800f528        0x2 ./Drivers/STM32F1xx_HAL_Driver/stm32f1xx_hal.o
                0x000000000800f528                HAL_MspInit
 *fill*         0x000000000800f52a        0x2 
 .text.HAL_InitTick
                0x000000000800f52c       0x44 ./Drivers/STM32F1xx_HAL_Driver/stm32f1xx_hal.o
                0x000000000800f52c                HAL_InitTick
 .text.HAL_Init
                0x000000000800f570       0x24 ./Drivers/STM32F1xx_HAL_Driver/stm32f1xx_hal.o
                0x000000000800f570                HAL_Init
 .text.HAL_IncTick
                0x000000000800f594       0x18 ./Drivers/STM32F1xx_HAL_Driver/stm32f1xx_hal.o
                0x000000000800f594                HAL_IncTick
 .text.HAL_GetTick
                0x000000000800f5ac        0xc ./Drivers/STM32F1xx_HAL_Driver/stm32f1xx_hal.o
                0x000000000800f5ac                HAL_GetTick
 .text.HAL_GetUIDw0
                0x000000000800f5b8        0xc ./Drivers/STM32F1xx_HAL_Driver/stm32f1xx_hal.o
                0x000000000800f5b8                HAL_GetUIDw0
 .text.HAL_GetUIDw1
                0x000000000800f5c4        0xc ./Drivers/STM32F1xx_HAL_Driver/stm32f1xx_hal.o
                0x000000000800f5c4                HAL_GetUIDw1
 .text.HAL_GetUIDw2
                0x000000000800f5d0        0xc ./Drivers/STM32F1xx_HAL_Driver/stm32f1xx_hal.o
                0x000000000800f5d0                HAL_GetUIDw2
 .text.HAL_NVIC_SetPriorityGrouping
                0x000000000800f5dc       0x24 ./Drivers/STM32F1xx_HAL_Driver/stm32f1xx_hal_cortex.o
                0x000000000800f5dc                HAL_NVIC_SetPriorityGrouping
 .text.HAL_NVIC_SetPriority
                0x000000000800f600       0x64 ./Drivers/STM32F1xx_HAL_Driver/stm32f1xx_hal_cortex.o
                0x000000000800f600                HAL_NVIC_SetPriority
 .text.HAL_NVIC_EnableIRQ
                0x000000000800f664       0x1c ./Drivers/STM32F1xx_HAL_Driver/stm32f1xx_hal_cortex.o
                0x000000000800f664                HAL_NVIC_EnableIRQ
 .text.HAL_SYSTICK_Config
                0x000000000800f680       0x28 ./Drivers/STM32F1xx_HAL_Driver/stm32f1xx_hal_cortex.o
                0x000000000800f680                HAL_SYSTICK_Config
 .text.HAL_DMA_Init
                0x000000000800f6a8       0x7c ./Drivers/STM32F1xx_HAL_Driver/stm32f1xx_hal_dma.o
                0x000000000800f6a8                HAL_DMA_Init
 .text.HAL_DMA_Start_IT
                0x000000000800f724       0x78 ./Drivers/STM32F1xx_HAL_Driver/stm32f1xx_hal_dma.o
                0x000000000800f724                HAL_DMA_Start_IT
 .text.HAL_DMA_Abort
                0x000000000800f79c       0x3c ./Drivers/STM32F1xx_HAL_Driver/stm32f1xx_hal_dma.o
                0x000000000800f79c                HAL_DMA_Abort
 .text.HAL_DMA_Abort_IT
                0x000000000800f7d8      0x13c ./Drivers/STM32F1xx_HAL_Driver/stm32f1xx_hal_dma.o
                0x000000000800f7d8                HAL_DMA_Abort_IT
 .text.HAL_DMA_IRQHandler
                0x000000000800f914      0x27c ./Drivers/STM32F1xx_HAL_Driver/stm32f1xx_hal_dma.o
                0x000000000800f914                HAL_DMA_IRQHandler
 .text.HAL_DMA_GetError
                0x000000000800fb90        0x4 ./Drivers/STM32F1xx_HAL_Driver/stm32f1xx_hal_dma.o
                0x000000000800fb90                HAL_DMA_GetError
 .text.FLASH_SetErrorCode
                0x000000000800fb94       0x50 ./Drivers/STM32F1xx_HAL_Driver/stm32f1xx_hal_flash.o
 .text.HAL_FLASH_Unlock
                0x000000000800fbe4       0x24 ./Drivers/STM32F1xx_HAL_Driver/stm32f1xx_hal_flash.o
                0x000000000800fbe4                HAL_FLASH_Unlock
 .text.HAL_FLASH_Lock
                0x000000000800fc08       0x14 ./Drivers/STM32F1xx_HAL_Driver/stm32f1xx_hal_flash.o
                0x000000000800fc08                HAL_FLASH_Lock
 .text.FLASH_WaitForLastOperation
                0x000000000800fc1c       0x54 ./Drivers/STM32F1xx_HAL_Driver/stm32f1xx_hal_flash.o
                0x000000000800fc1c                FLASH_WaitForLastOperation
 .text.HAL_FLASH_Program
                0x000000000800fc70       0xa0 ./Drivers/STM32F1xx_HAL_Driver/stm32f1xx_hal_flash.o
                0x000000000800fc70                HAL_FLASH_Program
 .text.FLASH_PageErase
                0x000000000800fd10       0x24 ./Drivers/STM32F1xx_HAL_Driver/stm32f1xx_hal_flash_ex.o
                0x000000000800fd10                FLASH_PageErase
 .text.HAL_FLASHEx_Erase
                0x000000000800fd34       0xa8 ./Drivers/STM32F1xx_HAL_Driver/stm32f1xx_hal_flash_ex.o
                0x000000000800fd34                HAL_FLASHEx_Erase
 .text.HAL_GPIO_Init
                0x000000000800fddc      0x1d0 ./Drivers/STM32F1xx_HAL_Driver/stm32f1xx_hal_gpio.o
                0x000000000800fddc                HAL_GPIO_Init
 .text.HAL_GPIO_ReadPin
                0x000000000800ffac        0xc ./Drivers/STM32F1xx_HAL_Driver/stm32f1xx_hal_gpio.o
                0x000000000800ffac                HAL_GPIO_ReadPin
 .text.HAL_GPIO_WritePin
                0x000000000800ffb8        0xa ./Drivers/STM32F1xx_HAL_Driver/stm32f1xx_hal_gpio.o
                0x000000000800ffb8                HAL_GPIO_WritePin
 .text.HAL_PCD_SetAddress
                0x000000000800ffc2       0x28 ./Drivers/STM32F1xx_HAL_Driver/stm32f1xx_hal_pcd.o
                0x000000000800ffc2                HAL_PCD_SetAddress
 .text.HAL_PCD_EP_Open
                0x000000000800ffea       0x64 ./Drivers/STM32F1xx_HAL_Driver/stm32f1xx_hal_pcd.o
                0x000000000800ffea                HAL_PCD_EP_Open
 .text.HAL_PCD_EP_Receive
                0x000000000801004e       0x2a ./Drivers/STM32F1xx_HAL_Driver/stm32f1xx_hal_pcd.o
                0x000000000801004e                HAL_PCD_EP_Receive
 .text.HAL_PCD_EP_Transmit
                0x0000000008010078       0x2a ./Drivers/STM32F1xx_HAL_Driver/stm32f1xx_hal_pcd.o
                0x0000000008010078                HAL_PCD_EP_Transmit
 *fill*         0x00000000080100a2        0x2 
 .text.HAL_PCD_IRQHandler
                0x00000000080100a4      0x450 ./Drivers/STM32F1xx_HAL_Driver/stm32f1xx_hal_pcd.o
                0x00000000080100a4                HAL_PCD_IRQHandler
 .text.HAL_PCD_EP_SetStall
                0x00000000080104f4       0x68 ./Drivers/STM32F1xx_HAL_Driver/stm32f1xx_hal_pcd.o
                0x00000000080104f4                HAL_PCD_EP_SetStall
 .text.HAL_PCD_EP_ClrStall
                0x000000000801055c       0x68 ./Drivers/STM32F1xx_HAL_Driver/stm32f1xx_hal_pcd.o
                0x000000000801055c                HAL_PCD_EP_ClrStall
 .text.HAL_RCC_OscConfig
                0x00000000080105c4      0x338 ./Drivers/STM32F1xx_HAL_Driver/stm32f1xx_hal_rcc.o
                0x00000000080105c4                HAL_RCC_OscConfig
 .text.HAL_RCC_GetSysClockFreq
                0x00000000080108fc       0x74 ./Drivers/STM32F1xx_HAL_Driver/stm32f1xx_hal_rcc.o
                0x00000000080108fc                HAL_RCC_GetSysClockFreq
 .text.HAL_RCC_ClockConfig
                0x0000000008010970      0x138 ./Drivers/STM32F1xx_HAL_Driver/stm32f1xx_hal_rcc.o
                0x0000000008010970                HAL_RCC_ClockConfig
 .text.HAL_RCC_GetPCLK1Freq
                0x0000000008010aa8       0x20 ./Drivers/STM32F1xx_HAL_Driver/stm32f1xx_hal_rcc.o
                0x0000000008010aa8                HAL_RCC_GetPCLK1Freq
 .text.HAL_RCC_GetPCLK2Freq
                0x0000000008010ac8       0x20 ./Drivers/STM32F1xx_HAL_Driver/stm32f1xx_hal_rcc.o
                0x0000000008010ac8                HAL_RCC_GetPCLK2Freq
 .text.HAL_RCCEx_PeriphCLKConfig
                0x0000000008010ae8       0xf4 ./Drivers/STM32F1xx_HAL_Driver/stm32f1xx_hal_rcc_ex.o
                0x0000000008010ae8                HAL_RCCEx_PeriphCLKConfig
 .text.SPI_WaitFlagStateUntilTimeout
                0x0000000008010bdc       0x84 ./Drivers/STM32F1xx_HAL_Driver/stm32f1xx_hal_spi.o
 .text.SPI_EndRxTxTransaction
                0x0000000008010c60       0x20 ./Drivers/STM32F1xx_HAL_Driver/stm32f1xx_hal_spi.o
 .text.SPI_EndRxTransaction
                0x0000000008010c80       0x54 ./Drivers/STM32F1xx_HAL_Driver/stm32f1xx_hal_spi.o
 .text.HAL_SPI_Init
                0x0000000008010cd4       0x8c ./Drivers/STM32F1xx_HAL_Driver/stm32f1xx_hal_spi.o
                0x0000000008010cd4                HAL_SPI_Init
 .text.HAL_SPI_Transmit
                0x0000000008010d60      0x188 ./Drivers/STM32F1xx_HAL_Driver/stm32f1xx_hal_spi.o
                0x0000000008010d60                HAL_SPI_Transmit
 .text.HAL_SPI_TransmitReceive
                0x0000000008010ee8      0x298 ./Drivers/STM32F1xx_HAL_Driver/stm32f1xx_hal_spi.o
                0x0000000008010ee8                HAL_SPI_TransmitReceive
 .text.HAL_SPI_Receive
                0x0000000008011180      0x1e4 ./Drivers/STM32F1xx_HAL_Driver/stm32f1xx_hal_spi.o
                0x0000000008011180                HAL_SPI_Receive
 .text.UART_EndRxTransfer
                0x0000000008011364       0x1a ./Drivers/STM32F1xx_HAL_Driver/stm32f1xx_hal_uart.o
 *fill*         0x000000000801137e        0x2 
 .text.UART_SetConfig
                0x0000000008011380       0x80 ./Drivers/STM32F1xx_HAL_Driver/stm32f1xx_hal_uart.o
 .text.UART_WaitOnFlagUntilTimeout.constprop.0
                0x0000000008011400       0x50 ./Drivers/STM32F1xx_HAL_Driver/stm32f1xx_hal_uart.o
 .text.HAL_UART_Init
                0x0000000008011450       0x5c ./Drivers/STM32F1xx_HAL_Driver/stm32f1xx_hal_uart.o
                0x0000000008011450                HAL_UART_Init
 .text.HAL_UART_Transmit
                0x00000000080114ac       0xb6 ./Drivers/STM32F1xx_HAL_Driver/stm32f1xx_hal_uart.o
                0x00000000080114ac                HAL_UART_Transmit
 .text.HAL_UART_Receive_IT
                0x0000000008011562       0x4e ./Drivers/STM32F1xx_HAL_Driver/stm32f1xx_hal_uart.o
                0x0000000008011562                HAL_UART_Receive_IT
 .text.HAL_UART_Transmit_DMA
                0x00000000080115b0       0x74 ./Drivers/STM32F1xx_HAL_Driver/stm32f1xx_hal_uart.o
                0x00000000080115b0                HAL_UART_Transmit_DMA
 .text.HAL_UART_Receive_DMA
                0x0000000008011624       0x90 ./Drivers/STM32F1xx_HAL_Driver/stm32f1xx_hal_uart.o
                0x0000000008011624                HAL_UART_Receive_DMA
 .text.HAL_UART_AbortReceive
                0x00000000080116b4       0x50 ./Drivers/STM32F1xx_HAL_Driver/stm32f1xx_hal_uart.o
                0x00000000080116b4                HAL_UART_AbortReceive
 .text.HAL_UART_TxCpltCallback
                0x0000000008011704        0x2 ./Drivers/STM32F1xx_HAL_Driver/stm32f1xx_hal_uart.o
                0x0000000008011704                HAL_UART_TxCpltCallback
 .text.UART_DMATransmitCplt
                0x0000000008011706       0x2c ./Drivers/STM32F1xx_HAL_Driver/stm32f1xx_hal_uart.o
 .text.HAL_UART_TxHalfCpltCallback
                0x0000000008011732        0x2 ./Drivers/STM32F1xx_HAL_Driver/stm32f1xx_hal_uart.o
                0x0000000008011732                HAL_UART_TxHalfCpltCallback
 .text.UART_DMATxHalfCplt
                0x0000000008011734        0xa ./Drivers/STM32F1xx_HAL_Driver/stm32f1xx_hal_uart.o
 .text.UART_DMAReceiveCplt
                0x000000000801173e       0x38 ./Drivers/STM32F1xx_HAL_Driver/stm32f1xx_hal_uart.o
 .text.UART_Receive_IT.isra.0
                0x0000000008011776       0x70 ./Drivers/STM32F1xx_HAL_Driver/stm32f1xx_hal_uart.o
 .text.HAL_UART_RxHalfCpltCallback
                0x00000000080117e6        0x2 ./Drivers/STM32F1xx_HAL_Driver/stm32f1xx_hal_uart.o
                0x00000000080117e6                HAL_UART_RxHalfCpltCallback
 .text.UART_DMARxHalfCplt
                0x00000000080117e8        0xa ./Drivers/STM32F1xx_HAL_Driver/stm32f1xx_hal_uart.o
 .text.HAL_UART_ErrorCallback
                0x00000000080117f2        0x2 ./Drivers/STM32F1xx_HAL_Driver/stm32f1xx_hal_uart.o
                0x00000000080117f2                HAL_UART_ErrorCallback
 .text.UART_DMAError
                0x00000000080117f4       0x4a ./Drivers/STM32F1xx_HAL_Driver/stm32f1xx_hal_uart.o
 *fill*         0x000000000801183e        0x2 
 .text.HAL_UART_IRQHandler
                0x0000000008011840      0x140 ./Drivers/STM32F1xx_HAL_Driver/stm32f1xx_hal_uart.o
                0x0000000008011840                HAL_UART_IRQHandler
 .text.UART_DMAAbortOnError
                0x0000000008011980       0x10 ./Drivers/STM32F1xx_HAL_Driver/stm32f1xx_hal_uart.o
 .text.USB_ActivateEndpoint
                0x0000000008011990      0x2b4 ./Drivers/STM32F1xx_HAL_Driver/stm32f1xx_ll_usb.o
                0x0000000008011990                USB_ActivateEndpoint
 .text.USB_EPSetStall
                0x0000000008011c44       0x40 ./Drivers/STM32F1xx_HAL_Driver/stm32f1xx_ll_usb.o
                0x0000000008011c44                USB_EPSetStall
 .text.USB_EPClearStall
                0x0000000008011c84       0x92 ./Drivers/STM32F1xx_HAL_Driver/stm32f1xx_ll_usb.o
                0x0000000008011c84                USB_EPClearStall
 .text.USB_SetDevAddress
                0x0000000008011d16        0xc ./Drivers/STM32F1xx_HAL_Driver/stm32f1xx_ll_usb.o
                0x0000000008011d16                USB_SetDevAddress
 .text.USB_ReadInterrupts
                0x0000000008011d22        0x8 ./Drivers/STM32F1xx_HAL_Driver/stm32f1xx_ll_usb.o
                0x0000000008011d22                USB_ReadInterrupts
 .text.USB_EP0_OutStart
                0x0000000008011d2a        0x4 ./Drivers/STM32F1xx_HAL_Driver/stm32f1xx_ll_usb.o
                0x0000000008011d2a                USB_EP0_OutStart
 .text.USB_WritePMA
                0x0000000008011d2e       0x20 ./Drivers/STM32F1xx_HAL_Driver/stm32f1xx_ll_usb.o
                0x0000000008011d2e                USB_WritePMA
 *fill*         0x0000000008011d4e        0x2 
 .text.USB_EPStartXfer
                0x0000000008011d50      0x1b8 ./Drivers/STM32F1xx_HAL_Driver/stm32f1xx_ll_usb.o
                0x0000000008011d50                USB_EPStartXfer
 .text.USB_ReadPMA
                0x0000000008011f08       0x38 ./Drivers/STM32F1xx_HAL_Driver/stm32f1xx_ll_usb.o
                0x0000000008011f08                USB_ReadPMA
 .text.USBD_SetClassConfig
                0x0000000008011f40       0x16 ./Middlewares/STM32_USBD_Library/Core/usbd_core.o
                0x0000000008011f40                USBD_SetClassConfig
 .text.USBD_ClrClassConfig
                0x0000000008011f56        0xe ./Middlewares/STM32_USBD_Library/Core/usbd_core.o
                0x0000000008011f56                USBD_ClrClassConfig
 .text.USBD_LL_SetupStage
                0x0000000008011f64       0x5a ./Middlewares/STM32_USBD_Library/Core/usbd_core.o
                0x0000000008011f64                USBD_LL_SetupStage
 .text.USBD_LL_DataOutStage
                0x0000000008011fbe       0x74 ./Middlewares/STM32_USBD_Library/Core/usbd_core.o
                0x0000000008011fbe                USBD_LL_DataOutStage
 .text.USBD_LL_DataInStage
                0x0000000008012032       0xb6 ./Middlewares/STM32_USBD_Library/Core/usbd_core.o
                0x0000000008012032                USBD_LL_DataInStage
 .text.USBD_LL_Reset
                0x00000000080120e8       0x4e ./Middlewares/STM32_USBD_Library/Core/usbd_core.o
                0x00000000080120e8                USBD_LL_Reset
 .text.USBD_LL_SetSpeed
                0x0000000008012136        0x6 ./Middlewares/STM32_USBD_Library/Core/usbd_core.o
                0x0000000008012136                USBD_LL_SetSpeed
 .text.USBD_LL_Suspend
                0x000000000801213c       0x12 ./Middlewares/STM32_USBD_Library/Core/usbd_core.o
                0x000000000801213c                USBD_LL_Suspend
 .text.USBD_LL_Resume
                0x000000000801214e       0x14 ./Middlewares/STM32_USBD_Library/Core/usbd_core.o
                0x000000000801214e                USBD_LL_Resume
 .text.USBD_LL_SOF
                0x0000000008012162       0x18 ./Middlewares/STM32_USBD_Library/Core/usbd_core.o
                0x0000000008012162                USBD_LL_SOF
 .text.USBD_CtlError.constprop.0
                0x000000000801217a       0x16 ./Middlewares/STM32_USBD_Library/Core/usbd_ctlreq.o
 .text.USBD_StdDevReq
                0x0000000008012190      0x254 ./Middlewares/STM32_USBD_Library/Core/usbd_ctlreq.o
                0x0000000008012190                USBD_StdDevReq
 .text.USBD_StdItfReq
                0x00000000080123e4       0x48 ./Middlewares/STM32_USBD_Library/Core/usbd_ctlreq.o
                0x00000000080123e4                USBD_StdItfReq
 .text.USBD_StdEPReq
                0x000000000801242c      0x114 ./Middlewares/STM32_USBD_Library/Core/usbd_ctlreq.o
                0x000000000801242c                USBD_StdEPReq
 .text.USBD_ParseSetupRequest
                0x0000000008012540       0x28 ./Middlewares/STM32_USBD_Library/Core/usbd_ctlreq.o
                0x0000000008012540                USBD_ParseSetupRequest
 .text.USBD_CtlSendData
                0x0000000008012568       0x1a ./Middlewares/STM32_USBD_Library/Core/usbd_ioreq.o
                0x0000000008012568                USBD_CtlSendData
 .text.USBD_CtlContinueSendData
                0x0000000008012582       0x10 ./Middlewares/STM32_USBD_Library/Core/usbd_ioreq.o
                0x0000000008012582                USBD_CtlContinueSendData
 .text.USBD_CtlContinueRx
                0x0000000008012592       0x10 ./Middlewares/STM32_USBD_Library/Core/usbd_ioreq.o
                0x0000000008012592                USBD_CtlContinueRx
 .text.USBD_CtlSendStatus
                0x00000000080125a2       0x16 ./Middlewares/STM32_USBD_Library/Core/usbd_ioreq.o
                0x00000000080125a2                USBD_CtlSendStatus
 .text.USBD_CtlReceiveStatus
                0x00000000080125b8       0x16 ./Middlewares/STM32_USBD_Library/Core/usbd_ioreq.o
                0x00000000080125b8                USBD_CtlReceiveStatus
 *fill*         0x00000000080125ce        0x2 
 .text.disk_status
                0x00000000080125d0       0x14 ./Middlewares/Third_party/FatFs/diskio.o
                0x00000000080125d0                disk_status
 .text.disk_initialize
                0x00000000080125e4       0x20 ./Middlewares/Third_party/FatFs/diskio.o
                0x00000000080125e4                disk_initialize
 .text.disk_read
                0x0000000008012604       0x1c ./Middlewares/Third_party/FatFs/diskio.o
                0x0000000008012604                disk_read
 .text.disk_write
                0x0000000008012620       0x1c ./Middlewares/Third_party/FatFs/diskio.o
                0x0000000008012620                disk_write
 .text.disk_ioctl
                0x000000000801263c       0x18 ./Middlewares/Third_party/FatFs/diskio.o
                0x000000000801263c                disk_ioctl
 .text.get_fattime
                0x0000000008012654        0x4 ./Middlewares/Third_party/FatFs/diskio.o
                0x0000000008012654                get_fattime
 .text.ld_dword
                0x0000000008012658        0x4 ./Middlewares/Third_party/FatFs/ff.o
 .text.st_dword
                0x000000000801265c       0x10 ./Middlewares/Third_party/FatFs/ff.o
 .text.mem_set  0x000000000801266c        0xc ./Middlewares/Third_party/FatFs/ff.o
 .text.chk_lock
                0x0000000008012678       0x74 ./Middlewares/Third_party/FatFs/ff.o
 .text.inc_lock
                0x00000000080126ec       0x84 ./Middlewares/Third_party/FatFs/ff.o
 .text.dec_lock
                0x0000000008012770       0x3c ./Middlewares/Third_party/FatFs/ff.o
 .text.clear_lock
                0x00000000080127ac       0x1c ./Middlewares/Third_party/FatFs/ff.o
 .text.clust2sect
                0x00000000080127c8       0x16 ./Middlewares/Third_party/FatFs/ff.o
 .text.clmt_clust
                0x00000000080127de       0x22 ./Middlewares/Third_party/FatFs/ff.o
 .text.st_clust
                0x0000000008012800       0x18 ./Middlewares/Third_party/FatFs/ff.o
 .text.sum_sfn  0x0000000008012818       0x1e ./Middlewares/Third_party/FatFs/ff.o
 .text.get_ldnumber
                0x0000000008012836       0x38 ./Middlewares/Third_party/FatFs/ff.o
 .text.validate
                0x000000000801286e       0x34 ./Middlewares/Third_party/FatFs/ff.o
 .text.get_fileinfo
                0x00000000080128a2       0xe8 ./Middlewares/Third_party/FatFs/ff.o
 .text.mem_cpy.part.0
                0x000000000801298a       0x12 ./Middlewares/Third_party/FatFs/ff.o
 .text.sync_window.part.0
                0x000000000801299c       0x4c ./Middlewares/Third_party/FatFs/ff.o
 .text.sync_window
                0x00000000080129e8        0xc ./Middlewares/Third_party/FatFs/ff.o
 .text.move_window
                0x00000000080129f4       0x32 ./Middlewares/Third_party/FatFs/ff.o
 *fill*         0x0000000008012a26        0x2 
 .text.check_fs
                0x0000000008012a28       0x74 ./Middlewares/Third_party/FatFs/ff.o
 .text.find_volume
                0x0000000008012a9c      0x254 ./Middlewares/Third_party/FatFs/ff.o
 .text.put_fat  0x0000000008012cf0       0xf8 ./Middlewares/Third_party/FatFs/ff.o
 .text.sync_fs  0x0000000008012de8       0x96 ./Middlewares/Third_party/FatFs/ff.o
 .text.ld_clust.isra.0
                0x0000000008012e7e       0x10 ./Middlewares/Third_party/FatFs/ff.o
 .text.get_fat.isra.0
                0x0000000008012e8e       0xac ./Middlewares/Third_party/FatFs/ff.o
 .text.remove_chain
                0x0000000008012f3a       0x6e ./Middlewares/Third_party/FatFs/ff.o
 .text.create_chain
                0x0000000008012fa8       0xb0 ./Middlewares/Third_party/FatFs/ff.o
 .text.dir_sdi  0x0000000008013058       0x82 ./Middlewares/Third_party/FatFs/ff.o
 .text.dir_next
                0x00000000080130da       0xea ./Middlewares/Third_party/FatFs/ff.o
 .text.dir_alloc
                0x00000000080131c4       0x44 ./Middlewares/Third_party/FatFs/ff.o
 .text.dir_read
                0x0000000008013208      0x104 ./Middlewares/Third_party/FatFs/ff.o
 .text.dir_find
                0x000000000801330c      0x160 ./Middlewares/Third_party/FatFs/ff.o
 .text.dir_register
                0x000000000801346c      0x248 ./Middlewares/Third_party/FatFs/ff.o
 .text.follow_path
                0x00000000080136b4      0x25c ./Middlewares/Third_party/FatFs/ff.o
 .text.f_mount  0x0000000008013910       0x58 ./Middlewares/Third_party/FatFs/ff.o
                0x0000000008013910                f_mount
 .text.f_open   0x0000000008013968      0x208 ./Middlewares/Third_party/FatFs/ff.o
                0x0000000008013968                f_open
 .text.f_read   0x0000000008013b70      0x166 ./Middlewares/Third_party/FatFs/ff.o
                0x0000000008013b70                f_read
 .text.f_write  0x0000000008013cd6      0x18e ./Middlewares/Third_party/FatFs/ff.o
                0x0000000008013cd6                f_write
 .text.f_sync   0x0000000008013e64       0x92 ./Middlewares/Third_party/FatFs/ff.o
                0x0000000008013e64                f_sync
 .text.f_close  0x0000000008013ef6       0x22 ./Middlewares/Third_party/FatFs/ff.o
                0x0000000008013ef6                f_close
 .text.f_lseek  0x0000000008013f18      0x212 ./Middlewares/Third_party/FatFs/ff.o
                0x0000000008013f18                f_lseek
 .text.f_opendir
                0x000000000801412a       0x8e ./Middlewares/Third_party/FatFs/ff.o
                0x000000000801412a                f_opendir
 .text.f_closedir
                0x00000000080141b8       0x28 ./Middlewares/Third_party/FatFs/ff.o
                0x00000000080141b8                f_closedir
 .text.f_readdir
                0x00000000080141e0       0x4e ./Middlewares/Third_party/FatFs/ff.o
                0x00000000080141e0                f_readdir
 .text.f_getlabel
                0x000000000801422e       0x9e ./Middlewares/Third_party/FatFs/ff.o
                0x000000000801422e                f_getlabel
 .text.f_setlabel
                0x00000000080142cc      0x128 ./Middlewares/Third_party/FatFs/ff.o
                0x00000000080142cc                f_setlabel
 .text.f_mkfs   0x00000000080143f4      0x580 ./Middlewares/Third_party/FatFs/ff.o
                0x00000000080143f4                f_mkfs
 .text.FATFS_LinkDriverEx
                0x0000000008014974       0x44 ./Middlewares/Third_party/FatFs/ff_gen_drv.o
                0x0000000008014974                FATFS_LinkDriverEx
 .text.FATFS_LinkDriver
                0x00000000080149b8        0x6 ./Middlewares/Third_party/FatFs/ff_gen_drv.o
                0x00000000080149b8                FATFS_LinkDriver
 *fill*         0x00000000080149be        0x2 
 .text.ff_convert
                0x00000000080149c0       0x3c ./Middlewares/Third_party/FatFs/unicode.o
                0x00000000080149c0                ff_convert
 .text.ff_wtoupper
                0x00000000080149fc       0x80 ./Middlewares/Third_party/FatFs/unicode.o
                0x00000000080149fc                ff_wtoupper
 .text.__libc_init_array
                0x0000000008014a7c       0x48 c:/st/stm32cubeide_1.12.1/stm32cubeide/plugins/com.st.stm32cube.ide.mcu.externaltools.gnu-tools-for-stm32.10.3-2021.10.win32_1.0.200.202301161003/tools/bin/../lib/gcc/arm-none-eabi/10.3.1/../../../../arm-none-eabi/lib/thumb/v7-m/nofp\libc_nano.a(lib_a-init.o)
                0x0000000008014a7c                __libc_init_array
 .text.memset   0x0000000008014ac4       0x10 c:/st/stm32cubeide_1.12.1/stm32cubeide/plugins/com.st.stm32cube.ide.mcu.externaltools.gnu-tools-for-stm32.10.3-2021.10.win32_1.0.200.202301161003/tools/bin/../lib/gcc/arm-none-eabi/10.3.1/../../../../arm-none-eabi/lib/thumb/v7-m/nofp\libc_nano.a(lib_a-memset.o)
                0x0000000008014ac4                memset
 .text.strncmp  0x0000000008014ad4       0x28 c:/st/stm32cubeide_1.12.1/stm32cubeide/plugins/com.st.stm32cube.ide.mcu.externaltools.gnu-tools-for-stm32.10.3-2021.10.win32_1.0.200.202301161003/tools/bin/../lib/gcc/arm-none-eabi/10.3.1/../../../../arm-none-eabi/lib/thumb/v7-m/nofp\libc_nano.a(lib_a-strncmp.o)
                0x0000000008014ad4                strncmp
 .text.strncpy  0x0000000008014afc       0x26 c:/st/stm32cubeide_1.12.1/stm32cubeide/plugins/com.st.stm32cube.ide.mcu.externaltools.gnu-tools-for-stm32.10.3-2021.10.win32_1.0.200.202301161003/tools/bin/../lib/gcc/arm-none-eabi/10.3.1/../../../../arm-none-eabi/lib/thumb/v7-m/nofp\libc_nano.a(lib_a-strncpy.o)
                0x0000000008014afc                strncpy
 *fill*         0x0000000008014b22        0x2 
 .text._vsprintf_r
                0x0000000008014b24       0x2c c:/st/stm32cubeide_1.12.1/stm32cubeide/plugins/com.st.stm32cube.ide.mcu.externaltools.gnu-tools-for-stm32.10.3-2021.10.win32_1.0.200.202301161003/tools/bin/../lib/gcc/arm-none-eabi/10.3.1/../../../../arm-none-eabi/lib/thumb/v7-m/nofp\libc_nano.a(lib_a-vsprintf.o)
                0x0000000008014b24                _vsprintf_r
                0x0000000008014b24                _vsiprintf_r
 .text.vsprintf
                0x0000000008014b50       0x14 c:/st/stm32cubeide_1.12.1/stm32cubeide/plugins/com.st.stm32cube.ide.mcu.externaltools.gnu-tools-for-stm32.10.3-2021.10.win32_1.0.200.202301161003/tools/bin/../lib/gcc/arm-none-eabi/10.3.1/../../../../arm-none-eabi/lib/thumb/v7-m/nofp\libc_nano.a(lib_a-vsprintf.o)
                0x0000000008014b50                vsiprintf
                0x0000000008014b50                vsprintf
 .text.__ssputs_r
                0x0000000008014b64       0xb6 c:/st/stm32cubeide_1.12.1/stm32cubeide/plugins/com.st.stm32cube.ide.mcu.externaltools.gnu-tools-for-stm32.10.3-2021.10.win32_1.0.200.202301161003/tools/bin/../lib/gcc/arm-none-eabi/10.3.1/../../../../arm-none-eabi/lib/thumb/v7-m/nofp\libc_nano.a(lib_a-nano-svfprintf.o)
                0x0000000008014b64                __ssputs_r
 *fill*         0x0000000008014c1a        0x2 
 .text._svfprintf_r
                0x0000000008014c1c      0x200 c:/st/stm32cubeide_1.12.1/stm32cubeide/plugins/com.st.stm32cube.ide.mcu.externaltools.gnu-tools-for-stm32.10.3-2021.10.win32_1.0.200.202301161003/tools/bin/../lib/gcc/arm-none-eabi/10.3.1/../../../../arm-none-eabi/lib/thumb/v7-m/nofp\libc_nano.a(lib_a-nano-svfprintf.o)
                0x0000000008014c1c                _svfiprintf_r
                0x0000000008014c1c                _svfprintf_r
 .text._printf_common
                0x0000000008014e1c       0xde c:/st/stm32cubeide_1.12.1/stm32cubeide/plugins/com.st.stm32cube.ide.mcu.externaltools.gnu-tools-for-stm32.10.3-2021.10.win32_1.0.200.202301161003/tools/bin/../lib/gcc/arm-none-eabi/10.3.1/../../../../arm-none-eabi/lib/thumb/v7-m/nofp\libc_nano.a(lib_a-nano-vfprintf_i.o)
                0x0000000008014e1c                _printf_common
 *fill*         0x0000000008014efa        0x2 
 .text._printf_i
                0x0000000008014efc      0x24c c:/st/stm32cubeide_1.12.1/stm32cubeide/plugins/com.st.stm32cube.ide.mcu.externaltools.gnu-tools-for-stm32.10.3-2021.10.win32_1.0.200.202301161003/tools/bin/../lib/gcc/arm-none-eabi/10.3.1/../../../../arm-none-eabi/lib/thumb/v7-m/nofp\libc_nano.a(lib_a-nano-vfprintf_i.o)
                0x0000000008014efc                _printf_i
 .text.memchr   0x0000000008015148       0x1c c:/st/stm32cubeide_1.12.1/stm32cubeide/plugins/com.st.stm32cube.ide.mcu.externaltools.gnu-tools-for-stm32.10.3-2021.10.win32_1.0.200.202301161003/tools/bin/../lib/gcc/arm-none-eabi/10.3.1/../../../../arm-none-eabi/lib/thumb/v7-m/nofp\libc_nano.a(lib_a-memchr-stub.o)
                0x0000000008015148                memchr
 .text.memcpy   0x0000000008015164       0x1c c:/st/stm32cubeide_1.12.1/stm32cubeide/plugins/com.st.stm32cube.ide.mcu.externaltools.gnu-tools-for-stm32.10.3-2021.10.win32_1.0.200.202301161003/tools/bin/../lib/gcc/arm-none-eabi/10.3.1/../../../../arm-none-eabi/lib/thumb/v7-m/nofp\libc_nano.a(lib_a-memcpy-stub.o)
                0x0000000008015164                memcpy
 .text.memmove  0x0000000008015180       0x34 c:/st/stm32cubeide_1.12.1/stm32cubeide/plugins/com.st.stm32cube.ide.mcu.externaltools.gnu-tools-for-stm32.10.3-2021.10.win32_1.0.200.202301161003/tools/bin/../lib/gcc/arm-none-eabi/10.3.1/../../../../arm-none-eabi/lib/thumb/v7-m/nofp\libc_nano.a(lib_a-memmove.o)
                0x0000000008015180                memmove
 .text._free_r  0x00000000080151b4       0x90 c:/st/stm32cubeide_1.12.1/stm32cubeide/plugins/com.st.stm32cube.ide.mcu.externaltools.gnu-tools-for-stm32.10.3-2021.10.win32_1.0.200.202301161003/tools/bin/../lib/gcc/arm-none-eabi/10.3.1/../../../../arm-none-eabi/lib/thumb/v7-m/nofp\libc_nano.a(lib_a-nano-freer.o)
                0x00000000080151b4                _free_r
 .text.sbrk_aligned
                0x0000000008015244       0x40 c:/st/stm32cubeide_1.12.1/stm32cubeide/plugins/com.st.stm32cube.ide.mcu.externaltools.gnu-tools-for-stm32.10.3-2021.10.win32_1.0.200.202301161003/tools/bin/../lib/gcc/arm-none-eabi/10.3.1/../../../../arm-none-eabi/lib/thumb/v7-m/nofp\libc_nano.a(lib_a-nano-mallocr.o)
 .text._malloc_r
                0x0000000008015284       0xe8 c:/st/stm32cubeide_1.12.1/stm32cubeide/plugins/com.st.stm32cube.ide.mcu.externaltools.gnu-tools-for-stm32.10.3-2021.10.win32_1.0.200.202301161003/tools/bin/../lib/gcc/arm-none-eabi/10.3.1/../../../../arm-none-eabi/lib/thumb/v7-m/nofp\libc_nano.a(lib_a-nano-mallocr.o)
                0x0000000008015284                _malloc_r
 .text._realloc_r
                0x000000000801536c       0x5e c:/st/stm32cubeide_1.12.1/stm32cubeide/plugins/com.st.stm32cube.ide.mcu.externaltools.gnu-tools-for-stm32.10.3-2021.10.win32_1.0.200.202301161003/tools/bin/../lib/gcc/arm-none-eabi/10.3.1/../../../../arm-none-eabi/lib/thumb/v7-m/nofp\libc_nano.a(lib_a-nano-reallocr.o)
                0x000000000801536c                _realloc_r
 *fill*         0x00000000080153ca        0x2 
 .text._sbrk_r  0x00000000080153cc       0x20 c:/st/stm32cubeide_1.12.1/stm32cubeide/plugins/com.st.stm32cube.ide.mcu.externaltools.gnu-tools-for-stm32.10.3-2021.10.win32_1.0.200.202301161003/tools/bin/../lib/gcc/arm-none-eabi/10.3.1/../../../../arm-none-eabi/lib/thumb/v7-m/nofp\libc_nano.a(lib_a-sbrkr.o)
                0x00000000080153cc                _sbrk_r
 .text.__malloc_lock
                0x00000000080153ec        0xc c:/st/stm32cubeide_1.12.1/stm32cubeide/plugins/com.st.stm32cube.ide.mcu.externaltools.gnu-tools-for-stm32.10.3-2021.10.win32_1.0.200.202301161003/tools/bin/../lib/gcc/arm-none-eabi/10.3.1/../../../../arm-none-eabi/lib/thumb/v7-m/nofp\libc_nano.a(lib_a-mlock.o)
                0x00000000080153ec                __malloc_lock
 .text.__malloc_unlock
                0x00000000080153f8        0xc c:/st/stm32cubeide_1.12.1/stm32cubeide/plugins/com.st.stm32cube.ide.mcu.externaltools.gnu-tools-for-stm32.10.3-2021.10.win32_1.0.200.202301161003/tools/bin/../lib/gcc/arm-none-eabi/10.3.1/../../../../arm-none-eabi/lib/thumb/v7-m/nofp\libc_nano.a(lib_a-mlock.o)
                0x00000000080153f8                __malloc_unlock
 .text._malloc_usable_size_r
                0x0000000008015404       0x10 c:/st/stm32cubeide_1.12.1/stm32cubeide/plugins/com.st.stm32cube.ide.mcu.externaltools.gnu-tools-for-stm32.10.3-2021.10.win32_1.0.200.202301161003/tools/bin/../lib/gcc/arm-none-eabi/10.3.1/../../../../arm-none-eabi/lib/thumb/v7-m/nofp\libc_nano.a(lib_a-nano-msizer.o)
                0x0000000008015404                _malloc_usable_size_r
 .text.__retarget_lock_acquire_recursive
                0x0000000008015414        0x2 c:/st/stm32cubeide_1.12.1/stm32cubeide/plugins/com.st.stm32cube.ide.mcu.externaltools.gnu-tools-for-stm32.10.3-2021.10.win32_1.0.200.202301161003/tools/bin/../lib/gcc/arm-none-eabi/10.3.1/../../../../arm-none-eabi/lib/thumb/v7-m/nofp\libc_nano.a(lib_a-lock.o)
                0x0000000008015414                __retarget_lock_acquire_recursive
 .text.__retarget_lock_release_recursive
                0x0000000008015416        0x2 c:/st/stm32cubeide_1.12.1/stm32cubeide/plugins/com.st.stm32cube.ide.mcu.externaltools.gnu-tools-for-stm32.10.3-2021.10.win32_1.0.200.202301161003/tools/bin/../lib/gcc/arm-none-eabi/10.3.1/../../../../arm-none-eabi/lib/thumb/v7-m/nofp\libc_nano.a(lib_a-lock.o)
                0x0000000008015416                __retarget_lock_release_recursive
 .text._sbrk    0x0000000008015418       0x1c c:/st/stm32cubeide_1.12.1/stm32cubeide/plugins/com.st.stm32cube.ide.mcu.externaltools.gnu-tools-for-stm32.10.3-2021.10.win32_1.0.200.202301161003/tools/bin/../lib/gcc/arm-none-eabi/10.3.1/../../../../arm-none-eabi/lib/thumb/v7-m/nofp\libnosys.a(sbrk.o)
                0x0000000008015418                _sbrk
 *(.glue_7)
 .glue_7        0x0000000008015434        0x0 linker stubs
 *(.glue_7t)
 .glue_7t       0x0000000008015434        0x0 linker stubs
 *(.eh_frame)
 .eh_frame      0x0000000008015434        0x0 c:/st/stm32cubeide_1.12.1/stm32cubeide/plugins/com.st.stm32cube.ide.mcu.externaltools.gnu-tools-for-stm32.10.3-2021.10.win32_1.0.200.202301161003/tools/bin/../lib/gcc/arm-none-eabi/10.3.1/thumb/v7-m/nofp/crtbegin.o
 *(.init)
 .init          0x0000000008015434        0x4 c:/st/stm32cubeide_1.12.1/stm32cubeide/plugins/com.st.stm32cube.ide.mcu.externaltools.gnu-tools-for-stm32.10.3-2021.10.win32_1.0.200.202301161003/tools/bin/../lib/gcc/arm-none-eabi/10.3.1/thumb/v7-m/nofp/crti.o
                0x0000000008015434                _init
 .init          0x0000000008015438        0x8 c:/st/stm32cubeide_1.12.1/stm32cubeide/plugins/com.st.stm32cube.ide.mcu.externaltools.gnu-tools-for-stm32.10.3-2021.10.win32_1.0.200.202301161003/tools/bin/../lib/gcc/arm-none-eabi/10.3.1/thumb/v7-m/nofp/crtn.o
 *(.fini)
 .fini          0x0000000008015440        0x4 c:/st/stm32cubeide_1.12.1/stm32cubeide/plugins/com.st.stm32cube.ide.mcu.externaltools.gnu-tools-for-stm32.10.3-2021.10.win32_1.0.200.202301161003/tools/bin/../lib/gcc/arm-none-eabi/10.3.1/thumb/v7-m/nofp/crti.o
                0x0000000008015440                _fini
 .fini          0x0000000008015444        0x8 c:/st/stm32cubeide_1.12.1/stm32cubeide/plugins/com.st.stm32cube.ide.mcu.externaltools.gnu-tools-for-stm32.10.3-2021.10.win32_1.0.200.202301161003/tools/bin/../lib/gcc/arm-none-eabi/10.3.1/thumb/v7-m/nofp/crtn.o
                0x000000000801544c                . = ALIGN (0x4)
                0x000000000801544c                _etext = .

.vfp11_veneer   0x000000000801544c        0x0
 .vfp11_veneer  0x000000000801544c        0x0 linker stubs

.v4_bx          0x000000000801544c        0x0
 .v4_bx         0x000000000801544c        0x0 linker stubs

.iplt           0x000000000801544c        0x0
 .iplt          0x000000000801544c        0x0 c:/st/stm32cubeide_1.12.1/stm32cubeide/plugins/com.st.stm32cube.ide.mcu.externaltools.gnu-tools-for-stm32.10.3-2021.10.win32_1.0.200.202301161003/tools/bin/../lib/gcc/arm-none-eabi/10.3.1/thumb/v7-m/nofp/crtbegin.o

.rodata         0x0000000008015450     0xd7ac
                0x0000000008015450                . = ALIGN (0x4)
 *(.rodata)
 .rodata        0x0000000008015450       0x24 ./Application/User/fct_task.o
 .rodata        0x0000000008015474       0x15 ./Application/User/main.o
                0x0000000008015474                CodeBuildTime
                0x000000000801547d                CodeBuildDate
 .rodata        0x0000000008015489        0xc ./Drivers/BSP/Components/ec800e/ec800e.o
 *fill*         0x0000000008015495        0x3 
 .rodata        0x0000000008015498       0x20 ./Drivers/BSP/Components/encrypt/stmencrypt.o
                0x00000000080154a8                trng_data
 .rodata        0x00000000080154b8       0x1e ./Drivers/BSP/Components/flash/stmflash.o
 *fill*         0x00000000080154d6        0x2 
 .rodata        0x00000000080154d8       0x14 ./Drivers/BSP/Components/fs/norflash_diskio.o
                0x00000000080154d8                FLASHDISK_Driver
 .rodata        0x00000000080154ec        0x9 ./Drivers/BSP/Components/key/key.o
 .rodata        0x00000000080154f5       0x69 ./Drivers/BSP/Components/lcd/st7796.o
 .rodata        0x000000000801555e        0x9 ./Drivers/BSP/Components/led/led.o
 .rodata        0x0000000008015567       0xed ./Drivers/BSP/Components/mj8000/mj8000.o
                0x0000000008015573                save_flash_cmd
                0x000000000801557c                set_config_cmd
 *fill*         0x0000000008015654        0x4 
 .rodata        0x0000000008015658       0x90 ./Drivers/BSP/Components/redirect/printf.o
 .rodata        0x00000000080156e8     0xc2fc ./Drivers/BSP/Components/text/text.o
                0x000000000801570c                FONT_GBK2312_PATH
                0x0000000008015738                asc2_1206
                0x0000000008015bac                asc2_1608
                0x000000000801619c                asc2_2412
                0x0000000008016ef8                Chinese_40x40
                0x00000000080172e0                Chinese_48x48
                0x0000000008017520                FONT_GBK_PATH
                0x000000000801753c                asc2_4824
                0x000000000801e01c                asc2_3216
                0x000000000801f7dc                asc2_2814
                0x0000000008020ca4                qqimage
                0x0000000008021924                hanzi16
 .rodata        0x00000000080219e4        0xd ./Drivers/BSP/Components/wtn6040/wtn6040.o
 .rodata        0x00000000080219f1       0x18 ./Drivers/CMSIS/system_stm32f1xx.o
                0x00000000080219f1                AHBPrescTable
                0x0000000008021a01                APBPrescTable
 .rodata        0x0000000008021a09       0x27 ./Drivers/CmBacktrace/cm_backtrace.o
 .rodata        0x0000000008021a30       0xba ./Middlewares/Third_party/FatFs/ff.o
 .rodata        0x0000000008021aea      0x3ae ./Middlewares/Third_party/FatFs/unicode.o
 *(.rodata*)
 .rodata.str1.1
                0x0000000008021e98        0x4 ./Application/User/application.o
 .rodata.str1.1
                0x0000000008021e9c       0x9a ./Application/User/fct_task.o
                                         0xa6 (size before relaxing)
 .rodata.str1.1
                0x0000000008021f36       0x3b ./Application/User/main.o
 .rodata.str1.1
                0x0000000008021f71       0x46 ./Application/User/ui_task.o
 .rodata.str1.1
                0x0000000008021fb7       0x14 ./Drivers/BSP/Components/ec800e/ec800e.o
                                         0x19 (size before relaxing)
 .rodata.str1.1
                0x0000000008021fcb       0x57 ./Drivers/BSP/Components/encrypt/stmencrypt.o
 .rodata.str1.1
                0x0000000008022022       0x9f ./Drivers/BSP/Components/flash/norflash.o
                                         0xa2 (size before relaxing)
 .rodata.str1.1
                0x00000000080220c1       0x38 ./Drivers/BSP/Components/flash/stmflash.o
 .rodata.str1.1
                0x00000000080220f9       0x97 ./Drivers/BSP/Components/fs/fs.o
                                         0xa0 (size before relaxing)
 .rodata.str1.1
                0x0000000008022190       0x8e ./Drivers/BSP/Components/hx711/hx711.o
 .rodata.str1.1
                0x000000000802221e        0x5 ./Drivers/BSP/Components/key/key.o
 .rodata.str1.1
                0x000000000802221e        0x5 ./Drivers/BSP/Components/led/led.o
 .rodata.str1.1
                0x000000000802221e       0x1a ./Drivers/BSP/Components/mj8000/mj8000.o
                                         0x1f (size before relaxing)
 .rodata.str1.1
                0x0000000008022238       0x19 ./Drivers/BSP/Components/redirect/printf.o
 .rodata.str1.1
                0x0000000008022251      0x146 ./Drivers/BSP/Components/text/text.o
 .rodata.str1.1
                0x0000000008022397        0x6 ./Drivers/BSP/Components/ulog/ulog.o
 .rodata.str1.1
                0x000000000802239d        0x5 ./Drivers/BSP/Components/wtn6040/wtn6040.o
 .rodata.str1.1
                0x000000000802239d      0x7d6 ./Drivers/CmBacktrace/cm_backtrace.o
                                        0x7ff (size before relaxing)
 .rodata.str1.1
                0x0000000008022b73       0x11 ./Drivers/STM32F1xx_HAL_Driver/stm32f1xx_hal_rcc.o
 .rodata.str1.1
                0x0000000008022b84       0x44 ./Middlewares/Third_party/FatFs/ff.o
 .rodata._svfprintf_r.str1.1
                0x0000000008022bc8       0x11 c:/st/stm32cubeide_1.12.1/stm32cubeide/plugins/com.st.stm32cube.ide.mcu.externaltools.gnu-tools-for-stm32.10.3-2021.10.win32_1.0.200.202301161003/tools/bin/../lib/gcc/arm-none-eabi/10.3.1/../../../../arm-none-eabi/lib/thumb/v7-m/nofp\libc_nano.a(lib_a-nano-svfprintf.o)
 .rodata._printf_i.str1.1
                0x0000000008022bd9       0x22 c:/st/stm32cubeide_1.12.1/stm32cubeide/plugins/com.st.stm32cube.ide.mcu.externaltools.gnu-tools-for-stm32.10.3-2021.10.win32_1.0.200.202301161003/tools/bin/../lib/gcc/arm-none-eabi/10.3.1/../../../../arm-none-eabi/lib/thumb/v7-m/nofp\libc_nano.a(lib_a-nano-vfprintf_i.o)
                0x0000000008022bfc                . = ALIGN (0x4)
 *fill*         0x0000000008022bfb        0x1 

.ARM.extab      0x0000000008022bfc        0x0
                0x0000000008022bfc                . = ALIGN (0x4)
 *(.ARM.extab* .gnu.linkonce.armextab.*)
                0x0000000008022bfc                . = ALIGN (0x4)

.ARM            0x0000000008022bfc        0x8
                0x0000000008022bfc                . = ALIGN (0x4)
                0x0000000008022bfc                __exidx_start = .
 *(.ARM.exidx*)
 .ARM.exidx     0x0000000008022bfc        0x8 c:/st/stm32cubeide_1.12.1/stm32cubeide/plugins/com.st.stm32cube.ide.mcu.externaltools.gnu-tools-for-stm32.10.3-2021.10.win32_1.0.200.202301161003/tools/bin/../lib/gcc/arm-none-eabi/10.3.1/thumb/v7-m/nofp\libgcc.a(_udivmoddi4.o)
                0x0000000008022c04                __exidx_end = .
                0x0000000008022c04                . = ALIGN (0x4)

.rel.dyn        0x0000000008022c04        0x0
 .rel.iplt      0x0000000008022c04        0x0 c:/st/stm32cubeide_1.12.1/stm32cubeide/plugins/com.st.stm32cube.ide.mcu.externaltools.gnu-tools-for-stm32.10.3-2021.10.win32_1.0.200.202301161003/tools/bin/../lib/gcc/arm-none-eabi/10.3.1/thumb/v7-m/nofp/crtbegin.o

.preinit_array  0x0000000008022c04        0x0
                0x0000000008022c04                . = ALIGN (0x4)
                0x0000000008022c04                PROVIDE (__preinit_array_start = .)
 *(.preinit_array*)
                0x0000000008022c04                PROVIDE (__preinit_array_end = .)
                0x0000000008022c04                . = ALIGN (0x4)

.init_array     0x0000000008022c04        0x4
                0x0000000008022c04                . = ALIGN (0x4)
                0x0000000008022c04                PROVIDE (__init_array_start = .)
 *(SORT_BY_NAME(.init_array.*))
 *(.init_array*)
 .init_array    0x0000000008022c04        0x4 c:/st/stm32cubeide_1.12.1/stm32cubeide/plugins/com.st.stm32cube.ide.mcu.externaltools.gnu-tools-for-stm32.10.3-2021.10.win32_1.0.200.202301161003/tools/bin/../lib/gcc/arm-none-eabi/10.3.1/thumb/v7-m/nofp/crtbegin.o
                0x0000000008022c08                PROVIDE (__init_array_end = .)
                0x0000000008022c08                . = ALIGN (0x4)

.fini_array     0x0000000008022c08        0x4
                0x0000000008022c08                . = ALIGN (0x4)
                [!provide]                        PROVIDE (__fini_array_start = .)
 *(SORT_BY_NAME(.fini_array.*))
 *(.fini_array*)
 .fini_array    0x0000000008022c08        0x4 c:/st/stm32cubeide_1.12.1/stm32cubeide/plugins/com.st.stm32cube.ide.mcu.externaltools.gnu-tools-for-stm32.10.3-2021.10.win32_1.0.200.202301161003/tools/bin/../lib/gcc/arm-none-eabi/10.3.1/thumb/v7-m/nofp/crtbegin.o
                [!provide]                        PROVIDE (__fini_array_end = .)
                0x0000000008022c0c                . = ALIGN (0x4)
                0x0000000008022c0c                _sidata = LOADADDR (.data)

.data           0x0000000020000000      0x13c load address 0x0000000008022c0c
                0x0000000020000000                . = ALIGN (0x4)
                0x0000000020000000                _sdata = .
 *(.data)
 .data          0x0000000020000000       0x5a ./Application/User/ui_task.o
                0x0000000020000000                draw_update_bit
                0x0000000020000004                ui_draw
 *fill*         0x000000002000005a        0x2 
 .data          0x000000002000005c        0xc ./Drivers/BSP/Components/encrypt/stmencrypt.o
                0x000000002000005c                stm32_id_addr
 .data          0x0000000020000068        0x4 ./Drivers/BSP/Components/flash/norflash.o
                0x0000000020000068                chip_size
 .data          0x000000002000006c        0x1 ./Drivers/BSP/Components/fs/norflash_diskio.o
 *fill*         0x000000002000006d        0x3 
 .data          0x0000000020000070        0x8 ./Drivers/BSP/Components/hx711/hx711.o
                0x0000000020000070                zero_value
                0x0000000020000074                gap_value
 .data          0x0000000020000078        0x8 ./Drivers/BSP/Components/lcd/lcd.o
                0x0000000020000078                g_back_color
                0x000000002000007c                g_point_color
 .data          0x0000000020000080       0x4c ./Drivers/BSP/Components/lcd/st7796.o
                0x0000000020000080                st7796_dev